Archive member included because of file (symbol)

/cygdrive/c/Jennic/Components/Library/libDBG_JN516x.a(dbg.o)
                              DeviceRouter.o (_dbg_vPrintfImplNoneVerbose)
/cygdrive/c/Jennic/Components/Library/libDBG_JN516x.a(dbg_uart.o)
                              DeviceRouter.o (_DBG_vUartInit)
/cygdrive/c/Jennic/Components/Library/libPDM_EEPROM_JN516x.a(PDM.o)
                              MibNwkProfile.o (_PDM_vSaveRecord)
/cygdrive/c/Jennic/Components/Library/libPDM_EEPROM_JN516x.a(PDM_Create.o)
                              /cygdrive/c/Jennic/Components/Library/libPDM_EEPROM_JN516x.a(PDM.o) (_iPDM_CreateFileSystemInRAM)
/cygdrive/c/Jennic/Components/Library/libPDM_EEPROM_JN516x.a(PDM_EEPROM.o)
                              AHI_EEPROM.o (_bPDM_InitialiseEEPROM)
/cygdrive/c/Jennic/Components/Library/libPDM_EEPROM_JN516x.a(PDM_EEPROMsegmentStatus.o)
                              /cygdrive/c/Jennic/Components/Library/libPDM_EEPROM_JN516x.a(PDM_Create.o) (_bPDM_DoesEEPROMsegmentContainFileSystemHeader)
/cygdrive/c/Jennic/Components/Library/libPDM_EEPROM_JN516x.a(PDM_ExtendedAPI.o)
                              /cygdrive/c/Jennic/Components/Library/libPDM_EEPROM_JN516x.a(PDM.o) (_PDM_eReLoadRecord)
/cygdrive/c/Jennic/Components/Library/libPDM_EEPROM_JN516x.a(PDM_FileSystem.o)
                              /cygdrive/c/Jennic/Components/Library/libPDM_EEPROM_JN516x.a(PDM.o) (_u8PDM_CalculateSegmentsRequired)
/cygdrive/c/Jennic/Components/Library/libPDM_EEPROM_JN516x.a(PDM_FileSystemData.o)
                              /cygdrive/c/Jennic/Components/Library/libPDM_EEPROM_JN516x.a(PDM_ExtendedAPI.o) (_iPDM_ReadDataWithIdFromFileSystem)
/cygdrive/c/Jennic/Components/Library/libPDM_EEPROM_JN516x.a(PDM_FileSystemDelete.o)
                              /cygdrive/c/Jennic/Components/Library/libPDM_EEPROM_JN516x.a(PDM.o) (_vPDM_DeleteSegmentsWithIdFromFileSystem)
/cygdrive/c/Jennic/Components/Library/libPDM_EEPROM_JN516x.a(PDM_FileSystemGenerate.o)
                              /cygdrive/c/Jennic/Components/Library/libPDM_EEPROM_JN516x.a(PDM_Create.o) (_vPDM_GenerateFileSystemInRAM)
/cygdrive/c/Jennic/Components/Library/libPDM_EEPROM_JN516x.a(PDM_FileSystemMove.o)
                              /cygdrive/c/Jennic/Components/Library/libPDM_EEPROM_JN516x.a(PDM_FileSystemGenerate.o) (_vPDM_MoveFileRecordFromListToList)
/cygdrive/c/Jennic/Components/Library/libPDM_EEPROM_JN516x.a(PDM_FileSystemVerify.o)
                              /cygdrive/c/Jennic/Components/Library/libPDM_EEPROM_JN516x.a(PDM_FileSystemGenerate.o) (_iPDM_VerifyDataSequenceWithBufferId)
/cygdrive/c/Jennic/Components/Library/libPDM_EEPROM_JN516x.a(PDM_FileSystemVerifyAndRepair.o)
                              /cygdrive/c/Jennic/Components/Library/libPDM_EEPROM_JN516x.a(PDM_EEPROMsegmentStatus.o) (_iPDM_DetectFileSystemRecordMagicNumber)
/cygdrive/c/Jennic/Components/Library/libPDM_EEPROM_JN516x.a(PDM_ImageBitmapReconstruct.o)
                              /cygdrive/c/Jennic/Components/Library/libPDM_EEPROM_JN516x.a(PDM_FileSystemGenerate.o) (_iPDM_ReconstructValidImageBitmap)
/cygdrive/c/Jennic/Components/Library/libPDM_EEPROM_JN516x.a(PDM_SearchAndListOrder.o)
                              /cygdrive/c/Jennic/Components/Library/libPDM_EEPROM_JN516x.a(PDM_FileSystemDelete.o) (_iPDM_SearchForSpecificSegmentInList)
/cygdrive/c/Jennic/Components/Library/libPDM_EEPROM_JN516x.a(PDM_Segment.o)
                              /cygdrive/c/Jennic/Components/Library/libPDM_EEPROM_JN516x.a(PDM_FileSystemData.o) (_iPDM_WriteSegmentHeaderAndData)
/cygdrive/c/Jennic/Components/Library/libPDM_EEPROM_JN516x.a(PDM_SegmentData.o)
                              /cygdrive/c/Jennic/Components/Library/libPDM_EEPROM_JN516x.a(PDM_Segment.o) (_iPDM_WriteUserDataIntoSegment)
/cygdrive/c/Jennic/Components/Library/libPDM_EEPROM_JN516x.a(PDM_SegmentReplace.o)
                              /cygdrive/c/Jennic/Components/Library/libPDM_EEPROM_JN516x.a(PDM_FileSystemGenerate.o) (_iPDM_ReconstructReplacedDataTable)
/cygdrive/c/Jennic/Components/Library/libPDM_EEPROM_JN516x.a(PDM_SegmentSequenceExtend.o)
                              /cygdrive/c/Jennic/Components/Library/libPDM_EEPROM_JN516x.a(PDM_ExtendedAPI.o) (_iPDM_AppendDataToSegmentSequence)
/cygdrive/c/Jennic/Components/Library/libPDM_EEPROM_JN516x.a(PDM_SegmentSequenceExtendDelete.o)
                              /cygdrive/c/Jennic/Components/Library/libPDM_EEPROM_JN516x.a(PDM_FileSystemData.o) (_bPDM_IsSequenceAppended)
/cygdrive/c/Jennic/Components/Library/libPDM_EEPROM_JN516x.a(PDM_SegmentSequenceExtendReconstruct.o)
                              /cygdrive/c/Jennic/Components/Library/libPDM_EEPROM_JN516x.a(PDM_FileSystemGenerate.o) (_iPDM_ReconstructExtendedSegmentSequence)
/cygdrive/c/Jennic/Components/Library/libPDM_EEPROM_JN516x.a(PDM_SegmentSequencePartialRead.o)
[...]
Memory Configuration

Name             Origin             Length             Attributes
flash            0x00080000         0x00040000
ram              0x0400004c         0x00007fb4
*default*        0x00000000         0xffffffff

Linker script and memory map

                0x08011199                OND_DEV_TYPE = 0x8011199
                0x00001430                OND_CHIPSET = 0x1430
                0x0000c9c0                OND_REVISION = 0xc9c0
START GROUP
LOAD Printf.o
LOAD DeviceRouter.o
LOAD Exception.o
LOAD Security.o
LOAD AHI_EEPROM.o
LOAD MibGroupDec.o
LOAD MibNodeDec.o
LOAD MibNodeStatusDec.o
LOAD MibNodeControlDec.o
LOAD MibNwkStatusDec.o
LOAD MibNwkConfigDec.o
LOAD MibNwkConfigPatch.o
LOAD MibNwkProfileDec.o
LOAD MibNwkProfile.o
LOAD MibNwkSecurityDec.o
LOAD MibNwkSecurityPatch.o
LOAD MibDioControlDec.o
LOAD MibDioControl.o
LOAD Uart.o
LOAD /cygdrive/c/Jennic/Components/Library/libDBG_JN516x.a
LOAD /cygdrive/c/Jennic/Components/Library/libRecal_JN516x.a
LOAD /cygdrive/c/Jennic/Components/Library/libPDM_EEPROM_JN516x.a
LOAD /cygdrive/c/Jennic/Components/Library/libJIP_JN516x.a
LOAD /cygdrive/c/Jennic/Components/Library/libJenNet_JN516x.a
LOAD /cygdrive/c/Jennic/Components/Library/lib6LP_JN516x.a
LOAD /cygdrive/c/Jennic/Components/Library/libAppApi_JN516x.a
LOAD /cygdrive/c/Jennic/Components/Library/libMac_JN516x.a
LOAD /cygdrive/c/Jennic/Components/Library/libTof_JN516x.a
LOAD /cygdrive/c/Jennic/Components/Library/libXcv_JN516x.a
LOAD /cygdrive/c/Jennic/Components/Library/libAES_CCM_SW_PATCH_JN516x.a
LOAD /cygdrive/c/Jennic/Components/Library/libAes_JN516x.a
LOAD /cygdrive/c/Jennic/Components/Library/libTimerServer_JN516x.a
LOAD /cygdrive/c/Jennic/Components/Library/libHardwareApi_JN516x.a
LOAD /cygdrive/c/Jennic/Components/Library/libMicroSpecific_JN516x.a
LOAD /cygdrive/c/Jennic/Components/Library/libBoot_JN516x.a
LOAD /cygdrive/c/Jennic/Components/Library/libMaths_JN516x.a
LOAD /cygdrive/c/Jennic/Components/Library/libPDM_EEPROM_JN516x.a
LOAD /cygdrive/c/Jennic/Platform/DK4/Library/libBoardLib_JN516x.a
LOAD /cygdrive/c/Jennic/Application/BOCCN-JenNet-IP-AppTemplate_dong/MibCommon/Build/libMibCommon_JN516x_DEBUG.a
END GROUP
LOAD /cygdrive/c/Jennic/Tools/ba-elf-ba2/bin/../lib/gcc/ba-elf/4.1.2/ba2/libgcc.a
LOAD /cygdrive/c/Jennic/Tools/ba-elf-ba2/bin/../lib/gcc/ba-elf/4.1.2/../../../../ba-elf/lib/ba2/libc.a
LOAD /cygdrive/c/Jennic/Tools/ba-elf-ba2/bin/../lib/gcc/ba-elf/4.1.2/ba2/libgcc.a
                0x00000800                _stack_size = 0x800
                0x00003340                _minimum_heap_size = 0x3340
                0x00080038                __exception_vsr_table = 0x80038
                0x04000000                _pSPIflashFncTable = 0x4000000
                0x00000800                _stack_size = 0x800
                0x00003340                _minimum_heap_size = 0x3340
                0x00000044                restore_state = 0x44
                0x0000004a                _bZSPIWaitWIPClear = 0x4a
                0x00000050                _u16ZSPIflashRDID = 0x50
                0x00000056                _u8SelectFlashChipType = 0x56
                0x0000005c                _memcpy = 0x5c
                0x00000066                _vBootFlashProg = 0x66
                [0x00003340]                _minimum_heap_size = DEFINED (_minimum_heap_size)?_minimum_heap_size:0xd16
                0x00000000                _SwConfig = (DEFINED (g_bSWConf_Debug) | (DEFINED (g_bSWConf_AltDebugPort) << 0x1))

.version        0x0007fffc        0x4
                0x0007fffc        0x4 LONG 0x7030008

.bir            0x00080000       0x10
                0x00080000                _flash_start = <code 342> (.)
                0x00080000                _flash_beg = <code 342> (.)
                0x00080000        0x4 LONG 0x12345678
                0x00080004        0x4 LONG 0x11223344
                0x00080008        0x4 LONG 0x55667788
                0x0008000c        0x1 BYTE 0x8
                0x0008000d        0x1 BYTE 0x1
                0x0008000e        0x2 SHORT 0x0

.flashheader    0x00080010       0x28
                0x00080010        0x4 LONG 0x0
                0x00080014        0x4 LONG 0x0
                0x00080018        0x4 LONG 0x0
                0x0008001c        0x2 SHORT 0x0
                0x0008001e        0x2 SHORT 0x0 <code 342> (_SwConfig)
                0x00080020                _enc_start = <code 342> (.)
                0x00080020        0x4 LONG 0x1b75c <code 342> (_image_len)
                0x00000000                _enc_offset = (_enc_start & 0xf)
                [0x00000020]                _enc_start = (_enc_start - _flash_beg)
                0x00080024        0x4 LONG 0x9b474 <code 342> (_flash_data_start)
                0x00080028        0x2 SHORT 0x13 ((<code 342> (_ram_data_start) / 0x4) & 0xffff)
                0x0008002a        0x2 SHORT 0xba ((<code 342> (_ram_data_len) / 0x4) & 0xffff)
                0x0008002c        0x2 SHORT 0xcd ((<code 342> (_bss_start) / 0x4) & 0xffff)
                0x0008002e        0x2 SHORT 0x3e5 ((<code 342> (_bss_len) / 0x4) & 0xffff)
                0x00080030        0x4 LONG 0x816b7 <code 342> (_AppWarmStart)
                0x00080034        0x4 LONG 0x816bf <code 342> (_AppColdStart)
                0x00000044                PROVIDE (_vException_BusError, restore_state)
                0x00000044                PROVIDE (_vException_UnalignedAccess, restore_state)
                0x00000044                PROVIDE (_vException_IllegalInstruction, restore_state)
                0x00000044                PROVIDE (_vException_SysCall, restore_state)
                0x00000044                PROVIDE (_vException_Trap, restore_state)
                0x00000044                PROVIDE (_vException_StackOverflow, restore_state)
                0x00080038                . = <code 342> (__exception_vsr_table)

.vsr_table      0x00080038       0x18
                0x00080038        0x4 LONG 0x818c3 <code 342> (_vException_BusError)
                0x0008003c        0x4 LONG 0x818bb <code 342> (_vException_UnalignedAccess)
                0x00080040        0x4 LONG 0x818b3 <code 342> (_vException_IllegalInstruction)
                0x00080044        0x4 LONG 0x44 <code 342> (_vException_SysCall)
                0x00080048        0x4 LONG 0x818a3 <code 342> (_vException_Trap)
                0x0008004c        0x4 LONG 0x818ab <code 342> (_vException_StackOverflow)

.vsr_handlers   0x00080050       0xab
 *(.vsr_handlers)
 .vsr_handlers  0x00080050       0xab /cygdrive/c/Jennic/Components/Library/libBoot_JN516x.a(ExceptionHandler.o)
                0x00080050                __exception_external_interrupt
                0x000800f9                __default_vsr_dummy

.rodata         0x000800fc      0x9fe
 *(.rodata*)
 .rodata.str1.1
                0x000800fc      0x420 DeviceRouter.o
                                0x427 (size before relaxing)
 .rodata.str1.1
                0x0008051c       0x42 Exception.o
 .rodata.str1.1
                0x0008055e       0x1e MibDioControlDec.o
 .rodata.hMibDioControl
                0x0008057c        0x4 MibDioControlDec.o
                0x0008057c                _hMibDioControl
 .rodata.sDioControlDefMibDef
                0x00080580       0x1c MibDioControlDec.o
 .rodata.str1.1
                0x0008059c       0x59 MibDioControl.o
 .rodata.str1.1
                0x000805f5       0x16 /cygdrive/c/Jennic/Components/Library/libDBG_JN516x.a(dbg.o)
                                 0x17 (size before relaxing)
 .rodata.au8SpeedCodeToEepromClkDivisors
                0x0008060b        0x8 /cygdrive/c/Jennic/Components/Library/libPDM_EEPROM_JN516x.a(PDM_EEPROM.o)
 .rodata.str1.1
                0x00080613       0x69 /cygdrive/c/Jennic/Components/Library/libJIP_JN516x.a(JIP_MIB_Network.o)
 .rodata.sNetworkMibDef
                0x0008067c       0x58 /cygdrive/c/Jennic/Components/Library/libJIP_JN516x.a(JIP_MIB_Network.o)
 .rodata.str1.1
                0x000806d4       0x25 /cygdrive/c/Jennic/Components/Library/libJIP_JN516x.a(JIP_MIB_Node.o)
                                 0x2d (size before relaxing)
 *fill*         0x000806f9        0x3 00
 .rodata.sNodeMibDef
                0x000806fc       0x30 /cygdrive/c/Jennic/Components/Library/libJIP_JN516x.a(JIP_MIB_Node.o)
 .rodata.str1.1
                0x0008072c       0x21 /cygdrive/c/Jennic/Components/Library/libJIP_JN516x.a(JIP_MIB_Groups.o)
                                 0x28 (size before relaxing)
 *fill*         0x0008074d        0x3 00
 .rodata.sGroupsMibDef
                0x00080750       0x30 /cygdrive/c/Jennic/Components/Library/libJIP_JN516x.a(JIP_MIB_Groups.o)
 .rodata.str1.1
                0x00080780       0x38 /cygdrive/c/Jennic/Components/Library/libJIP_JN516x.a(JIP_MIB_OND.o)
 .rodata.sONDMibDef
                0x000807b8       0x44 /cygdrive/c/Jennic/Components/Library/libJIP_JN516x.a(JIP_MIB_OND.o)
 .rodata.str1.1
                0x000807fc        0xc /cygdrive/c/Jennic/Components/Library/libJIP_JN516x.a(JIP_MIB_Device.o)
                                 0x15 (size before relaxing)
 .rodata.sDeviceIDMibDef
                0x00080808       0x1c /cygdrive/c/Jennic/Components/Library/libJIP_JN516x.a(JIP_MIB_Device.o)
 .rodata.au8DefaultKeySource
                0x00080824        0x8 /cygdrive/c/Jennic/Components/Library/libJenNet_JN516x.a(Sec2006.o)
 .rodata.au86LP_HC.5834
                0x0008082c        0x4 /cygdrive/c/Jennic/Components/Library/libJenNet_JN516x.a(LowEnergySupport.o)
 .rodata.au8EventTable
                0x00080830       0x50 /cygdrive/c/Jennic/Components/Library/libJenNet_JN516x.a(JenNet_OND.o)
 .rodata.aprEventHandler
                0x00080880       0x2c /cygdrive/c/Jennic/Components/Library/libJenNet_JN516x.a(JenNet_OND.o)
 .rodata.sBroadcastAddr
                0x000808ac        0x8 /cygdrive/c/Jennic/Components/Library/libJenNet_JN516x.a(JenNet_OND.o)
 .rodata.sUnknownMacAddr
                0x000808b4        0x8 /cygdrive/c/Jennic/Components/Library/libJenNet_JN516x.a(JenNet_OND.o)
 .rodata.au8TreeBeaconPayload.5611
                0x000808bc        0x3 /cygdrive/c/Jennic/Components/Library/lib6LP_JN516x.a(NetworkFormationTree.o)
 *fill*         0x000808bf        0x1 00
 .rodata.sLinkLocalPrefix
                0x000808c0        0x8 /cygdrive/c/Jennic/Components/Library/lib6LP_JN516x.a(eui.o)
 .rodata.au8DestAddr.5797
                0x000808c8       0x10 /cygdrive/c/Jennic/Components/Library/lib6LP_JN516x.a(groupcast.o)
 .rodata.s_sPibInit
                0x000808d8       0x18 /cygdrive/c/Jennic/Components/Library/libMac_JN516x.a(mac_pib_mlme.o)
 .rodata.aeXcvPhyEvtToScanEvt.4240
                0x000808f0       0x18 /cygdrive/c/Jennic/Components/Library/libMac_JN516x.a(mac_scan.o)
 .rodata.aeXcvBbcEvtToScanEvt.4230
                0x00080908        0xa /cygdrive/c/Jennic/Components/Library/libMac_JN516x.a(mac_scan.o)
 .rodata.s_atScanEvtST
                0x00080912       0x31 /cygdrive/c/Jennic/Components/Library/libMac_JN516x.a(mac_scan.o)
 *fill*         0x00080943        0x1 00
 .rodata.s_aprScanHandleEvt
                0x00080944       0x30 /cygdrive/c/Jennic/Components/Library/libMac_JN516x.a(mac_scan.o)
 .rodata.psTAMcontext
                0x00080974        0x4 /cygdrive/c/Jennic/Components/Library/libMac_JN516x.a(TAM.o)
                0x00080974                _psTAMcontext
 .rodata.psTamMacContext
                0x00080978        0x4 /cygdrive/c/Jennic/Components/Library/libMac_JN516x.a(TAM.o)
                0x00080978                _psTamMacContext
 .rodata.psTamXcvContext
                0x0008097c        0x4 /cygdrive/c/Jennic/Components/Library/libMac_JN516x.a(TAM.o)
                0x0008097c                _psTamXcvContext
 .rodata.au8XcvToTAMevent.4757
                0x00080980        0xa /cygdrive/c/Jennic/Components/Library/libMac_JN516x.a(TAM.o)
 .rodata.au8HeaderSize.4215
                0x0008098a        0xe /cygdrive/c/Jennic/Components/Library/libMac_JN516x.a(TAMcommon.o)
 .rodata.apvActionCalls
                0x00080998       0x88 /cygdrive/c/Jennic/Components/Library/libMac_JN516x.a(TAMevent.o)
                0x00080998                _apvActionCalls
 .rodata.au8StateActions
                0x00080a20       0x8c /cygdrive/c/Jennic/Components/Library/libMac_JN516x.a(TAMevent.o)
                0x00080a20                _au8StateActions
 .rodata.au8SizeInc.4433
                0x00080aac        0x9 /cygdrive/c/Jennic/Components/Library/libMac_JN516x.a(TAMsecurity.o)
 .rodata.au8MICLenLUT.3714
                0x00080ab5        0x4 /cygdrive/c/Jennic/Components/Library/libMac_JN516x.a(TAMsecurity.o)
 .rodata.au8dataSizeTable
                0x00080ab9        0xd /cygdrive/c/Jennic/Components/Library/libAes_JN516x.a(AEScoprocessorAPI.o)
                0x00080ab9                _au8dataSizeTable
 .rodata.au8FlashWaitStates32MXO
                0x00080ac6        0x8 /cygdrive/c/Jennic/Components/Library/libHardwareApi_JN516x.a(AHI_System.o)
 .rodata.au8FlashWaitStatesHSRCO
                0x00080ace        0x8 /cygdrive/c/Jennic/Components/Library/libHardwareApi_JN516x.a(AHI_System.o)
 *fill*         0x00080ad6        0x2 00
 .rodata.au32TimerBaseAddress
                0x00080ad8       0x14 /cygdrive/c/Jennic/Components/Library/libHardwareApi_JN516x.a(AHI_Timer.o)
 .rodata.au32UartAddrOffset
                0x00080aec        0x8 /cygdrive/c/Jennic/Components/Library/libHardwareApi_JN516x.a(AHI_Uart.o)
                0x00080aec                _au32UartAddrOffset
 .rodata.au8ClockDivisor.3223
                0x00080af4        0x6 /cygdrive/c/Jennic/Components/Library/libHardwareApi_JN516x.a(AHI_Uart.o)

.text           0x00080afc    0x1a977
 *(.text*)
 .text.vInitPrintf
                0x00080afc        0x9 Printf.o
                0x00080afc                _vInitPrintf
 .text.vNum2String
                0x00080b05       0x59 Printf.o
 .text.vPrintf  0x00080b5e      0x158 Printf.o
                0x00080b5e                _vPrintf
 .text.vJIP_Remote_SetResponse
                0x00080cb6       0x34 DeviceRouter.o
                0x00080cb6                _vJIP_Remote_SetResponse
 .text.vJIP_Remote_DataSent
                0x00080cea       0x15 DeviceRouter.o
                0x00080cea                _vJIP_Remote_DataSent
 .text.Node_eJipInit
                0x00080cff       0xf4 DeviceRouter.o
                0x00080cff                _Node_eJipInit
 .text.SendDataToRemote
                0x00080df3       0xae DeviceRouter.o
 .text.v6LP_PeripheralEvent
                0x00080ea1      0x261 DeviceRouter.o
                0x00080ea1                _v6LP_PeripheralEvent
 *fill*         0x00081102        0x2 00
 .text.vJIP_StackEvent
                0x00081104      0x23c DeviceRouter.o
                0x00081104                _vJIP_StackEvent
 .text.vPutChar
                0x00081340       0x32 DeviceRouter.o
 *fill*         0x00081372        0x2 00
 .text.v6LP_DataEvent
                0x00081374      0x188 DeviceRouter.o
                0x00081374                _v6LP_DataEvent
 .text.v6LP_ConfigureNetwork
                0x000814fc       0x5c DeviceRouter.o
                0x000814fc                _v6LP_ConfigureNetwork
 .text.Device_vInit
                0x00081558      0x15f DeviceRouter.o
                0x00081558                _Device_vInit
 .text.AppWarmStart
                0x000816b7        0x8 DeviceRouter.o
                0x000816b7                _AppWarmStart
 .text.AppColdStart
                0x000816bf        0x8 DeviceRouter.o
                0x000816bf                _AppColdStart
 .text.Exception_vInit
                0x000816c7       0x59 Exception.o
                0x000816c7                _Exception_vInit
 .text.vException
                0x00081720      0x183 Exception.o
 .text.vException_Trap
                0x000818a3        0x8 Exception.o
                0x000818a3                _vException_Trap
 .text.vException_StackOverflow
                0x000818ab        0x8 Exception.o
                0x000818ab                _vException_StackOverflow
 .text.vException_IllegalInstruction
                0x000818b3        0x8 Exception.o
                0x000818b3                _vException_IllegalInstruction
 .text.vException_UnalignedAccess
                0x000818bb        0x8 Exception.o
                0x000818bb                _vException_UnalignedAccess
 .text.vException_BusError
                0x000818c3        0x8 Exception.o
                0x000818c3                _vException_BusError
 .text.pvHeapAllocOverflowProtect
                0x000818cb       0x39 Exception.o
 .text.MibDioControl_eSetOutputOff
                0x00081904       0x21 MibDioControl.o
                0x00081904                _MibDioControl_eSetOutputOff
 .text.MibDioControl_eSetOutputOn
                0x00081925       0x23 MibDioControl.o
                0x00081925                _MibDioControl_eSetOutputOn
 .text.MibDioControl_vRegister
                0x00081948       0x31 MibDioControl.o
                0x00081948                _MibDioControl_vRegister
 .text.MibDioControl_vInit
                0x00081979       0x25 MibDioControl.o
                0x00081979                _MibDioControl_vInit
 .text.DBG_vReset
                0x0008199e       0x12 /cygdrive/c/Jennic/Components/Library/libDBG_JN516x.a(dbg.o)
                0x0008199e                _DBG_vReset
 .text.DBG_vInit
                0x000819b0       0x2d /cygdrive/c/Jennic/Components/Library/libDBG_JN516x.a(dbg.o)
                0x000819b0                _DBG_vInit
 .text.vWriteUIntToBuffer
                0x000819dd       0x8d /cygdrive/c/Jennic/Components/Library/libDBG_JN516x.a(dbg.o)
 .text.vNewLine
                0x00081a6a       0x8a /cygdrive/c/Jennic/Components/Library/libDBG_JN516x.a(dbg.o)
 .text.pccHandlePlaceHolder
                0x00081af4      0x419 /cygdrive/c/Jennic/Components/Library/libDBG_JN516x.a(dbg.o)
 .text.dbg_vPrintfImplMain
                0x00081f0d       0x8b /cygdrive/c/Jennic/Components/Library/libDBG_JN516x.a(dbg.o)
                0x00081f0d                _dbg_vPrintfImplMain
 .text.dbg_vPrintfImplNoneVerbose
                0x00081f98       0x39 /cygdrive/c/Jennic/Components/Library/libDBG_JN516x.a(dbg.o)
                0x00081f98                _dbg_vPrintfImplNoneVerbose
 .text.DBG_vUartFailedAssert
                0x00081fd1       0x14 /cygdrive/c/Jennic/Components/Library/libDBG_JN516x.a(dbg_uart.o)
                0x00081fd1                _DBG_vUartFailedAssert
 .text.DBG_vUartFlush
                0x00081fe5       0x18 /cygdrive/c/Jennic/Components/Library/libDBG_JN516x.a(dbg_uart.o)
                0x00081fe5                _DBG_vUartFlush
 .text.DBG_vUartPutch
                0x00081ffd       0x29 /cygdrive/c/Jennic/Components/Library/libDBG_JN516x.a(dbg_uart.o)
                0x00081ffd                _DBG_vUartPutch
 .text.DBG_vUartInitHardware
                0x00082026       0x44 /cygdrive/c/Jennic/Components/Library/libDBG_JN516x.a(dbg_uart.o)
                0x00082026                _DBG_vUartInitHardware
 *fill*         0x0008206a        0x2 00
 .text.DBG_vUartInit
                0x0008206c       0x94 /cygdrive/c/Jennic/Components/Library/libDBG_JN516x.a(dbg_uart.o)
                0x0008206c                _DBG_vUartInit
 .text.PDM_vInit
                0x00082100       0x4f /cygdrive/c/Jennic/Components/Library/libPDM_EEPROM_JN516x.a(PDM.o)
                0x00082100                _PDM_vInit
 .text.iPDM_CreateFileSystemInRAM
                0x0008214f      0x126 /cygdrive/c/Jennic/Components/Library/libPDM_EEPROM_JN516x.a(PDM_Create.o)
                0x0008214f                _iPDM_CreateFileSystemInRAM
 .text.bPDM_InitialiseEEPROM
                0x00082275       0x4d /cygdrive/c/Jennic/Components/Library/libPDM_EEPROM_JN516x.a(PDM_EEPROM.o)
                0x00082275                _bPDM_InitialiseEEPROM
 .text.vPDM_WriteEEPROMfixSegmentData
                0x000822c2       0x3e /cygdrive/c/Jennic/Components/Library/libPDM_EEPROM_JN516x.a(PDM_EEPROM.o)
                0x000822c2                _vPDM_WriteEEPROMfixSegmentData
 .text.bPDM_DoesEEPROMsegmentContainFileSystemHeader
                0x00082300       0x23 /cygdrive/c/Jennic/Components/Library/libPDM_EEPROM_JN516x.a(PDM_EEPROMsegmentStatus.o)
                0x00082300                _bPDM_DoesEEPROMsegmentContainFileSystemHeader
 .text.bPDM_IsEEPROMsegmentErased
                0x00082323       0x46 /cygdrive/c/Jennic/Components/Library/libPDM_EEPROM_JN516x.a(PDM_EEPROMsegmentStatus.o)
                0x00082323                _bPDM_IsEEPROMsegmentErased
 .text.vPDM_CheckAndInitialiseEEPROMsegments
                0x00082369       0x34 /cygdrive/c/Jennic/Components/Library/libPDM_EEPROM_JN516x.a(PDM_EEPROMsegmentStatus.o)
                0x00082369                _vPDM_CheckAndInitialiseEEPROMsegments
 .text.u8PDM_CalculateFileSystemCapacity
                0x0008239d       0x27 /cygdrive/c/Jennic/Components/Library/libPDM_EEPROM_JN516x.a(PDM_FileSystem.o)
                0x0008239d                _u8PDM_CalculateFileSystemCapacity
 .text.u8PDM_GetFileSystemOccupancy
                0x000823c4       0x1b /cygdrive/c/Jennic/Components/Library/libPDM_EEPROM_JN516x.a(PDM_FileSystem.o)
                0x000823c4                _u8PDM_GetFileSystemOccupancy
 .text.vPDM_CreateFileSystemHeader
                0x000823df       0x4e /cygdrive/c/Jennic/Components/Library/libPDM_EEPROM_JN516x.a(PDM_FileSystem.o)
                0x000823df                _vPDM_CreateFileSystemHeader
 .text.iPDM_GetFileSystemBuffer
                0x0008242d       0x43 /cygdrive/c/Jennic/Components/Library/libPDM_EEPROM_JN516x.a(PDM_FileSystem.o)
                0x0008242d                _iPDM_GetFileSystemBuffer
 .text.iPDM_SearchForSequenceIdOnAllocList
                0x00082470       0x1d /cygdrive/c/Jennic/Components/Library/libPDM_EEPROM_JN516x.a(PDM_FileSystemGenerate.o)
 *fill*         0x0008248d        0x3 00
 .text.vPDM_GenerateFileSystemInRAM
                0x00082490      0x3b0 /cygdrive/c/Jennic/Components/Library/libPDM_EEPROM_JN516x.a(PDM_FileSystemGenerate.o)
                0x00082490                _vPDM_GenerateFileSystemInRAM
 .text.vPDM_GenerateCleanFileSystem
                0x00082840       0x7b /cygdrive/c/Jennic/Components/Library/libPDM_EEPROM_JN516x.a(PDM_FileSystemGenerate.o)
                0x00082840                _vPDM_GenerateCleanFileSystem
 .text.vPDM_MoveFileRecordFromListToList
                0x000828bb       0x25 /cygdrive/c/Jennic/Components/Library/libPDM_EEPROM_JN516x.a(PDM_FileSystemMove.o)
                0x000828bb                _vPDM_MoveFileRecordFromListToList
 .text.vPDM_MoveRecordToDeAllocList
                0x000828e0       0x23 /cygdrive/c/Jennic/Components/Library/libPDM_EEPROM_JN516x.a(PDM_FileSystemMove.o)
                0x000828e0                _vPDM_MoveRecordToDeAllocList
 .text.vPDM_MoveAllDataFromListToList
                0x00082903       0x4e /cygdrive/c/Jennic/Components/Library/libPDM_EEPROM_JN516x.a(PDM_FileSystemMove.o)
                0x00082903                _vPDM_MoveAllDataFromListToList
 .text.vPDM_MoveAllDataWithBufferIdAndStateFromListToList
                0x00082951       0x9e /cygdrive/c/Jennic/Components/Library/libPDM_EEPROM_JN516x.a(PDM_FileSystemMove.o)
                0x00082951                _vPDM_MoveAllDataWithBufferIdAndStateFromListToList
 .text.vPDM_MoveAllDataToDeAllocList
                0x000829ef       0x2b /cygdrive/c/Jennic/Components/Library/libPDM_EEPROM_JN516x.a(PDM_FileSystemMove.o)
                0x000829ef                _vPDM_MoveAllDataToDeAllocList
 .text.vPDM_MoveAllDataWithBufferIdFromListToList
                0x00082a1a       0x93 /cygdrive/c/Jennic/Components/Library/libPDM_EEPROM_JN516x.a(PDM_FileSystemMove.o)
                0x00082a1a                _vPDM_MoveAllDataWithBufferIdFromListToList
 .text.iPDM_SelectValidFileRecordInstance
                0x00082aad      0x137 /cygdrive/c/Jennic/Components/Library/libPDM_EEPROM_JN516x.a(PDM_FileSystemVerify.o)
 .text.iPDM_VerifyDataSequenceWithBufferId
                0x00082be4       0x9d /cygdrive/c/Jennic/Components/Library/libPDM_EEPROM_JN516x.a(PDM_FileSystemVerify.o)
                0x00082be4                _iPDM_VerifyDataSequenceWithBufferId
 .text.iPDM_DetectFileSystemRecordMagicNumber
                0x00082c81       0x27 /cygdrive/c/Jennic/Components/Library/libPDM_EEPROM_JN516x.a(PDM_FileSystemVerifyAndRepair.o)
                0x00082c81                _iPDM_DetectFileSystemRecordMagicNumber
 .text.iPDM_VerifyFileSystemRecord
                0x00082ca8       0x24 /cygdrive/c/Jennic/Components/Library/libPDM_EEPROM_JN516x.a(PDM_FileSystemVerifyAndRepair.o)
                0x00082ca8                _iPDM_VerifyFileSystemRecord
 .text.iPDM_RepairFileSystemRecord
                0x00082ccc       0x8c /cygdrive/c/Jennic/Components/Library/libPDM_EEPROM_JN516x.a(PDM_FileSystemVerifyAndRepair.o)
                0x00082ccc                _iPDM_RepairFileSystemRecord
 .text.iPDM_SetVerifyBytesInFileSystemRecord
                0x00082d58       0x72 /cygdrive/c/Jennic/Components/Library/libPDM_EEPROM_JN516x.a(PDM_FileSystemVerifyAndRepair.o)
                0x00082d58                _iPDM_SetVerifyBytesInFileSystemRecord
 .text.bPDM_ImageBitmapRepairCheck
                0x00082dca       0x26 /cygdrive/c/Jennic/Components/Library/libPDM_EEPROM_JN516x.a(PDM_ImageBitmapReconstruct.o)
                0x00082dca                _bPDM_ImageBitmapRepairCheck
 .text.iPDM_ReconstructValidImageBitmap
                0x00082df0      0x1a0 /cygdrive/c/Jennic/Components/Library/libPDM_EEPROM_JN516x.a(PDM_ImageBitmapReconstruct.o)
                0x00082df0                _iPDM_ReconstructValidImageBitmap
 .text.boIdValueSearchMatch
                0x00082f90       0x4e /cygdrive/c/Jennic/Components/Library/libPDM_EEPROM_JN516x.a(PDM_SearchAndListOrder.o)
 .text.boSearchForWearCountInsertPoint
                0x00082fde       0x18 /cygdrive/c/Jennic/Components/Library/libPDM_EEPROM_JN516x.a(PDM_SearchAndListOrder.o)
 .text.iPDM_SearchForSpecificSegmentInList
                0x00082ff6       0x3c /cygdrive/c/Jennic/Components/Library/libPDM_EEPROM_JN516x.a(PDM_SearchAndListOrder.o)
                0x00082ff6                _iPDM_SearchForSpecificSegmentInList
 .text.iPDM_SearchForBufferIdInList
                0x00083032       0x3f /cygdrive/c/Jennic/Components/Library/libPDM_EEPROM_JN516x.a(PDM_SearchAndListOrder.o)
                0x00083032                _iPDM_SearchForBufferIdInList
 .text.iPDM_SearchForBufferIdInFileSystem
                0x00083071       0x17 /cygdrive/c/Jennic/Components/Library/libPDM_EEPROM_JN516x.a(PDM_SearchAndListOrder.o)
                0x00083071                _iPDM_SearchForBufferIdInFileSystem
 .text.vPDM_AddFileSystemElementToListInAscendingWearCountOrder
                0x00083088       0x4a /cygdrive/c/Jennic/Components/Library/libPDM_EEPROM_JN516x.a(PDM_SearchAndListOrder.o)
                0x00083088                _vPDM_AddFileSystemElementToListInAscendingWearCountOrder
 .text.iPDM_WriteSegmentHeaderAndData
                0x000830d2       0xb1 /cygdrive/c/Jennic/Components/Library/libPDM_EEPROM_JN516x.a(PDM_Segment.o)
                0x000830d2                _iPDM_WriteSegmentHeaderAndData
 .text.iPDM_SegmentCopyAndAppendData
                0x00083183       0x9e /cygdrive/c/Jennic/Components/Library/libPDM_EEPROM_JN516x.a(PDM_Segment.o)
                0x00083183                _iPDM_SegmentCopyAndAppendData
 .text.iPDM_WriteUserDataIntoSegment
                0x00083221       0x46 /cygdrive/c/Jennic/Components/Library/libPDM_EEPROM_JN516x.a(PDM_SegmentData.o)
                0x00083221                _iPDM_WriteUserDataIntoSegment
 .text.iPDM_ReadUserDataFromFileSystemRecord
                0x00083267       0x38 /cygdrive/c/Jennic/Components/Library/libPDM_EEPROM_JN516x.a(PDM_SegmentData.o)
                0x00083267                _iPDM_ReadUserDataFromFileSystemRecord
 .text.iPDM_ReadUserDataFromSegmentWithId
                0x0008329f       0x2f /cygdrive/c/Jennic/Components/Library/libPDM_EEPROM_JN516x.a(PDM_SegmentData.o)
                0x0008329f                _iPDM_ReadUserDataFromSegmentWithId
 .text.iPDM_ReconstructReplacedDataTable
                0x000832ce      0x1c1 /cygdrive/c/Jennic/Components/Library/libPDM_EEPROM_JN516x.a(PDM_SegmentReplace.o)
                0x000832ce                _iPDM_ReconstructReplacedDataTable
 .text.iPDM_ReplaceChangedSegmentInSequence
                0x0008348f       0xc9 /cygdrive/c/Jennic/Components/Library/libPDM_EEPROM_JN516x.a(PDM_SegmentReplace.o)
                0x0008348f                _iPDM_ReplaceChangedSegmentInSequence
 .text.vPDM_CountInstanceOccurances
                0x00083558       0x66 /cygdrive/c/Jennic/Components/Library/libPDM_EEPROM_JN516x.a(PDM_SegmentSequenceExtendDelete.o)
 .text.iPDM_DeleteAppendedSequence
                0x000835be      0x138 /cygdrive/c/Jennic/Components/Library/libPDM_EEPROM_JN516x.a(PDM_SegmentSequenceExtendDelete.o)
                0x000835be                _iPDM_DeleteAppendedSequence
 .text.boSegmentNumberDeleteSearchMatch
                0x000836f6       0x19 /cygdrive/c/Jennic/Components/Library/libPDM_EEPROM_JN516x.a(PDM_SegmentSequenceExtendReconstruct.o)
 .text.iPDM_ReplaceSegmentFromJunkLists
                0x0008370f       0x4d /cygdrive/c/Jennic/Components/Library/libPDM_EEPROM_JN516x.a(PDM_SegmentSequenceExtendReconstruct.o)
 .text.iPDM_ReconstructExtendedSegmentSequence
                0x0008375c      0x284 /cygdrive/c/Jennic/Components/Library/libPDM_EEPROM_JN516x.a(PDM_SegmentSequenceExtendReconstruct.o)
                0x0008375c                _iPDM_ReconstructExtendedSegmentSequence
 .text.boSearchForWearCountSubstitute
                0x000839e0       0x18 /cygdrive/c/Jennic/Components/Library/libPDM_EEPROM_JN516x.a(PDM_WearLevelling.o)
 .text.iPDM_GetWearLevelledBuffer
                0x000839f8      0x121 /cygdrive/c/Jennic/Components/Library/libPDM_EEPROM_JN516x.a(PDM_WearLevelling.o)
                0x000839f8                _iPDM_GetWearLevelledBuffer
 .text.vPDM_AESccmCODEC
                0x00083b19       0x99 /cygdrive/c/Jennic/Components/Library/libPDM_EEPROM_JN516x.a(PDM_AESccmCODEC.o)
                0x00083b19                _vPDM_AESccmCODEC
 .text.vDLISTinitialise
                0x00083bb2        0x9 /cygdrive/c/Jennic/Components/Library/libPDM_EEPROM_JN516x.a(dlist.o)
                0x00083bb2                _vDLISTinitialise
 .text.psDLISTgetHead
                0x00083bbb        0x6 /cygdrive/c/Jennic/Components/Library/libPDM_EEPROM_JN516x.a(dlist.o)
                0x00083bbb                _psDLISTgetHead
 .text.psDLISTgetTail
                0x00083bc1        0x6 /cygdrive/c/Jennic/Components/Library/libPDM_EEPROM_JN516x.a(dlist.o)
                0x00083bc1                _psDLISTgetTail
 .text.psDLISTgetNext
                0x00083bc7        0x6 /cygdrive/c/Jennic/Components/Library/libPDM_EEPROM_JN516x.a(dlist.o)
                0x00083bc7                _psDLISTgetNext
 .text.vDLISTaddToHead
                0x00083bcd       0x29 /cygdrive/c/Jennic/Components/Library/libPDM_EEPROM_JN516x.a(dlist.o)
                0x00083bcd                _vDLISTaddToHead
 .text.psDLISTremoveFromTail
                0x00083bf6       0x30 /cygdrive/c/Jennic/Components/Library/libPDM_EEPROM_JN516x.a(dlist.o)
                0x00083bf6                _psDLISTremoveFromTail
 .text.psDLISTremoveFromHead
                0x00083c26       0x2b /cygdrive/c/Jennic/Components/Library/libPDM_EEPROM_JN516x.a(dlist.o)
                0x00083c26                _psDLISTremoveFromHead
 .text.boDLISTisEmpty
                0x00083c51       0x20 /cygdrive/c/Jennic/Components/Library/libPDM_EEPROM_JN516x.a(dlist.o)
                0x00083c51                _boDLISTisEmpty
 .text.psSearchList
                0x00083c71       0x2d /cygdrive/c/Jennic/Components/Library/libPDM_EEPROM_JN516x.a(dlist.o)
 .text.psDLISTsearchFromHead
                0x00083c9e        0xb /cygdrive/c/Jennic/Components/Library/libPDM_EEPROM_JN516x.a(dlist.o)
                0x00083c9e                _psDLISTsearchFromHead
 .text.psDLISTsearchForward
                0x00083ca9        0x8 /cygdrive/c/Jennic/Components/Library/libPDM_EEPROM_JN516x.a(dlist.o)
                0x00083ca9                _psDLISTsearchForward
 .text.vDLISTinsertBefore
                0x00083cb1       0x21 /cygdrive/c/Jennic/Components/Library/libPDM_EEPROM_JN516x.a(dlist.o)
                0x00083cb1                _vDLISTinsertBefore
 .text.psDLISTremove
                0x00083cd2       0x3a /cygdrive/c/Jennic/Components/Library/libPDM_EEPROM_JN516x.a(dlist.o)
                0x00083cd2                _psDLISTremove
 .text.vDLISTaddToTail
                0x00083d0c       0x28 /cygdrive/c/Jennic/Components/Library/libPDM_EEPROM_JN516x.a(dlist.o)
                0x00083d0c                _vDLISTaddToTail
 .text.OS_eExitCriticalSection_stub
                0x00083d34       0x1a /cygdrive/c/Jennic/Components/Library/libPDM_EEPROM_JN516x.a(PdmOsStub.o)
                0x00083d34                _OS_eExitCriticalSection_stub
 .text.OS_eEnterCriticalSection_stub
                0x00083d4e       0x1f /cygdrive/c/Jennic/Components/Library/libPDM_EEPROM_JN516x.a(PdmOsStub.o)
                0x00083d4e                _OS_eEnterCriticalSection_stub
 .text.u8PDM_ReadBitmapHeader
                0x00083d6d       0x28 /cygdrive/c/Jennic/Components/Library/libPDM_EEPROM_JN516x.a(PDM_Bitmap.o)
 .text.vPDM_ReconstructValidBitmap
                0x00083d95      0x147 /cygdrive/c/Jennic/Components/Library/libPDM_EEPROM_JN516x.a(PDM_Bitmap.o)
                0x00083d95                _vPDM_ReconstructValidBitmap
 .text.vPDM_SetEEPROMandFileSystemWearCount
                0x00083edc       0x30 /cygdrive/c/Jennic/Components/Library/libPDM_EEPROM_JN516x.a(PDM_EEPROMheaderAccessFunctions.o)
                0x00083edc                _vPDM_SetEEPROMandFileSystemWearCount
 .text.vPDM_SetEEPROMandFileSystemValidState
                0x00083f0c       0x54 /cygdrive/c/Jennic/Components/Library/libPDM_EEPROM_JN516x.a(PDM_EEPROMheaderAccessFunctions.o)
                0x00083f0c                _vPDM_SetEEPROMandFileSystemValidState
 .text.vPDM_WriteByteIntoEEPROM
                0x00083f60       0x2e /cygdrive/c/Jennic/Components/Library/libPDM_EEPROM_JN516x.a(PDM_EEPROMReadAndWrite.o)
                0x00083f60                _vPDM_WriteByteIntoEEPROM
 .text.vPDM_WriteWordIntoEEPROM
                0x00083f8e       0x1c /cygdrive/c/Jennic/Components/Library/libPDM_EEPROM_JN516x.a(PDM_EEPROMReadAndWrite.o)
                0x00083f8e                _vPDM_WriteWordIntoEEPROM
 .text.vPDM_EraseEEPROMsegment
                0x00083faa       0x47 /cygdrive/c/Jennic/Components/Library/libPDM_EEPROM_JN516x.a(PDM_EEPROMReadAndWrite.o)
                0x00083faa                _vPDM_EraseEEPROMsegment
 .text.vPDM_ReadUserDataFromEEPROMsegment
                0x00083ff1       0xb7 /cygdrive/c/Jennic/Components/Library/libPDM_EEPROM_JN516x.a(PDM_EEPROMReadAndWrite.o)
                0x00083ff1                _vPDM_ReadUserDataFromEEPROMsegment
 .text.iPDM_WriteSegmentHeaderIntoEEPROMsegment
                0x000840a8       0x4d /cygdrive/c/Jennic/Components/Library/libPDM_EEPROM_JN516x.a(PDM_EEPROMReadAndWrite.o)
                0x000840a8                _iPDM_WriteSegmentHeaderIntoEEPROMsegment
 .text.vPDM_WriteFileSystemRecordAndSegmentDataIntoEEPROMsegment
                0x000840f5       0x62 /cygdrive/c/Jennic/Components/Library/libPDM_EEPROM_JN516x.a(PDM_EEPROMReadAndWrite.o)
                0x000840f5                _vPDM_WriteFileSystemRecordAndSegmentDataIntoEEPROMsegment
 .text.iPDM_ReadSegmentHeaderFromEEPROM
                0x00084157       0x5d /cygdrive/c/Jennic/Components/Library/libPDM_EEPROM_JN516x.a(PDM_EEPROMReadAndWrite.o)
                0x00084157                _iPDM_ReadSegmentHeaderFromEEPROM
 .text.iPDM_FilterDuplicateAppendedSegmentsOnList
                0x000841b4       0x42 /cygdrive/c/Jennic/Components/Library/libPDM_EEPROM_JN516x.a(PDM_SegmentSequenceExtendFilter.o)
 .text.iPDM_SearchForReplacementAppendedSegment
                0x000841f6       0x87 /cygdrive/c/Jennic/Components/Library/libPDM_EEPROM_JN516x.a(PDM_SegmentSequenceExtendFilter.o)
                0x000841f6                _iPDM_SearchForReplacementAppendedSegment
 .text.vPDM_FilterDuplicateAppendedSegmentsFromList
                0x0008427d       0xc0 /cygdrive/c/Jennic/Components/Library/libPDM_EEPROM_JN516x.a(PDM_SegmentSequenceExtendFilter.o)
                0x0008427d                _vPDM_FilterDuplicateAppendedSegmentsFromList
 .text.vPDM_FilterDuplicateSegmentsBySequenceNumberFromValidList
                0x0008433d       0x4d /cygdrive/c/Jennic/Components/Library/libPDM_EEPROM_JN516x.a(PDM_SegmentSequenceExtendFilter.o)
                0x0008433d                _vPDM_FilterDuplicateSegmentsBySequenceNumberFromValidList
 .text.psJIP_FindMibVect
                0x0008438a       0x50 /cygdrive/c/Jennic/Components/Library/libJIP_JN516x.a(jip.o)
                0x0008438a                _psJIP_FindMibVect
 .text.psJIP_FindMibIdVect
                0x000843da       0x6e /cygdrive/c/Jennic/Components/Library/libJIP_JN516x.a(jip.o)
                0x000843da                _psJIP_FindMibIdVect
 .text.iJIP_FindVarVect
                0x00084448       0x3d /cygdrive/c/Jennic/Components/Library/libJIP_JN516x.a(jip.o)
                0x00084448                _iJIP_FindVarVect
 .text.eJIP_PacketAddVarVect
                0x00084485      0x174 /cygdrive/c/Jennic/Components/Library/libJIP_JN516x.a(jip.o)
                0x00084485                _eJIP_PacketAddVarVect
 .text.pvGetBuffer
                0x000845f9       0x3d /cygdrive/c/Jennic/Components/Library/libJIP_JN516x.a(jip.o)
                0x000845f9                _pvGetBuffer
 .text.eCreateSocket
                0x00084636       0x67 /cygdrive/c/Jennic/Components/Library/libJIP_JN516x.a(jip.o)
 .text.eJIP_SendStatusVect
                0x0008469d       0x50 /cygdrive/c/Jennic/Components/Library/libJIP_JN516x.a(jip.o)
                0x0008469d                _eJIP_SendStatusVect
 .text.eJIP_SendVarVect
                0x000846ed      0x10e /cygdrive/c/Jennic/Components/Library/libJIP_JN516x.a(jip.o)
                0x000846ed                _eJIP_SendVarVect
 .text.eJIP_Init
                0x000847fb       0xae /cygdrive/c/Jennic/Components/Library/libJIP_JN516x.a(jip.o)
                0x000847fb                _eJIP_Init
 .text.eJIP_RegisterMib
                0x000848a9       0x8c /cygdrive/c/Jennic/Components/Library/libJIP_JN516x.a(jip.o)
                0x000848a9                _eJIP_RegisterMib
 .text.eJIP_PacketAddData
                0x00084935      0x10b /cygdrive/c/Jennic/Components/Library/libJIP_JN516x.a(jip.o)
                0x00084935                _eJIP_PacketAddData
 .text.vJIP_HandleGetRequestVect
                0x00084a40       0xea /cygdrive/c/Jennic/Components/Library/libJIP_JN516x.a(jip.o)
                0x00084a40                _vJIP_HandleGetRequestVect
 *fill*         0x00084b2a        0x2 00
 .text.vJIP_HandleSetRequestVect
                0x00084b2c      0x338 /cygdrive/c/Jennic/Components/Library/libJIP_JN516x.a(jip.o)
                0x00084b2c                _vJIP_HandleSetRequestVect
 .text.vJIP_HandleQueryMibRequestVect
                0x00084e64      0x164 /cygdrive/c/Jennic/Components/Library/libJIP_JN516x.a(jip.o)
                0x00084e64                _vJIP_HandleQueryMibRequestVect
 .text.vJIP_HandleQueryVarRequestVect
                0x00084fc8      0x222 /cygdrive/c/Jennic/Components/Library/libJIP_JN516x.a(jip.o)
                0x00084fc8                _vJIP_HandleQueryVarRequestVect
 .text.v6LP_StackEvent
                0x000851ea       0x52 /cygdrive/c/Jennic/Components/Library/libJIP_JN516x.a(jip.o)
                0x000851ea                _v6LP_StackEvent
 .text.vHandleDataEvent
                0x0008523c      0x190 /cygdrive/c/Jennic/Components/Library/libJIP_JN516x.a(jip.o)
 .text.bFindQueuedTrap
                0x000853cc       0x1d /cygdrive/c/Jennic/Components/Library/libJIP_JN516x.a(jip_traps.o)
 .text.vNotifyAllTraps
                0x000853e9      0x11f /cygdrive/c/Jennic/Components/Library/libJIP_JN516x.a(jip_traps.o)
                0x000853e9                _vNotifyAllTraps
 .text.bTrapSafeToSleep
                0x00085508       0x24 /cygdrive/c/Jennic/Components/Library/libJIP_JN516x.a(jip_traps.o)
 .text.vStartTrapTimer
                0x0008552c       0x38 /cygdrive/c/Jennic/Components/Library/libJIP_JN516x.a(jip_traps.o)
                0x0008552c                _vStartTrapTimer
 .text.eJIP_AddTrap
                0x00085564      0x147 /cygdrive/c/Jennic/Components/Library/libJIP_JN516x.a(jip_traps.o)
                0x00085564                _eJIP_AddTrap
 .text.eJIP_RemoveTrap
                0x000856ab       0xa3 /cygdrive/c/Jennic/Components/Library/libJIP_JN516x.a(jip_traps.o)
                0x000856ab                _eJIP_RemoveTrap
 .text.vJIP_HandleUntrapRequestVect
                0x0008574e       0x4f /cygdrive/c/Jennic/Components/Library/libJIP_JN516x.a(jip_traps.o)
                0x0008574e                _vJIP_HandleUntrapRequestVect
 .text.vJIP_NotifyChanged
                0x0008579d       0x2c /cygdrive/c/Jennic/Components/Library/libJIP_JN516x.a(jip_traps.o)
                0x0008579d                _vJIP_NotifyChanged
 .text.vJIP_SetEnabled
                0x000857c9       0x36 /cygdrive/c/Jennic/Components/Library/libJIP_JN516x.a(jip_traps.o)
                0x000857c9                _vJIP_SetEnabled
 .text.vSendTrapNotifyViaQueue
                0x000857ff        0xe /cygdrive/c/Jennic/Components/Library/libJIP_JN516x.a(jip_traps.o)
 .text.eJIP_TrapsInit
                0x0008580d       0xe7 /cygdrive/c/Jennic/Components/Library/libJIP_JN516x.a(jip_traps.o)
                0x0008580d                _eJIP_TrapsInit
 .text.vSendTrapNotify
                0x000858f4       0xe3 /cygdrive/c/Jennic/Components/Library/libJIP_JN516x.a(jip_traps.o)
 .text.vJIP_HandleTrapRequestVect
                0x000859d7       0x8a /cygdrive/c/Jennic/Components/Library/libJIP_JN516x.a(jip_traps.o)
                0x000859d7                _vJIP_HandleTrapRequestVect
 .text.vGetLastChange
                0x00085a61       0x11 /cygdrive/c/Jennic/Components/Library/libJIP_JN516x.a(JIP_MIB_Network.o)
 .text.vGetDepth
                0x00085a72       0x20 /cygdrive/c/Jennic/Components/Library/libJIP_JN516x.a(JIP_MIB_Network.o)
 .text.vGetParentMacAddress
                0x00085a92       0x43 /cygdrive/c/Jennic/Components/Library/libJIP_JN516x.a(JIP_MIB_Network.o)
 .text.bUniqueEntry
                0x00085ad5       0x86 /cygdrive/c/Jennic/Components/Library/libJIP_JN516x.a(JIP_MIB_Network.o)
 *fill*         0x00085b5b        0x1 00
 .text.vNetworkModule_Update
                0x00085b5c      0x140 /cygdrive/c/Jennic/Components/Library/libJIP_JN516x.a(JIP_MIB_Network.o)
                0x00085b5c                _vNetworkModule_Update
 .text.vGetNetworkInfo
                0x00085c9c       0x22 /cygdrive/c/Jennic/Components/Library/libJIP_JN516x.a(JIP_MIB_Network.o)
 .text.vNetworkModule_Register
                0x00085cbe       0x7b /cygdrive/c/Jennic/Components/Library/libJIP_JN516x.a(JIP_MIB_Network.o)
                0x00085cbe                _vNetworkModule_Register
 .text.vGetNetworkTable
                0x00085d39      0x16a /cygdrive/c/Jennic/Components/Library/libJIP_JN516x.a(JIP_MIB_Network.o)
                0x00085d39                _vGetNetworkTable
 .text.vGetNeighbourTable
                0x00085ea3      0x101 /cygdrive/c/Jennic/Components/Library/libJIP_JN516x.a(JIP_MIB_Network.o)
 .text.eSetTxPower
                0x00085fa4       0x19 /cygdrive/c/Jennic/Components/Library/libJIP_JN516x.a(JIP_MIB_Node.o)
 .text.eSetString
                0x00085fbd       0x33 /cygdrive/c/Jennic/Components/Library/libJIP_JN516x.a(JIP_MIB_Node.o)
 .text.vGetMacAddress
                0x00085ff0       0x1d /cygdrive/c/Jennic/Components/Library/libJIP_JN516x.a(JIP_MIB_Node.o)
 .text.vNodeModule_Register
                0x0008600d      0x11b /cygdrive/c/Jennic/Components/Library/libJIP_JN516x.a(JIP_MIB_Node.o)
                0x0008600d                _vNodeModule_Register
 .text.bExpandMulticastAddress
                0x00086128       0x44 /cygdrive/c/Jennic/Components/Library/libJIP_JN516x.a(JIP_MIB_Groups.o)
 .text.vGetBlob
                0x0008616c       0x16 /cygdrive/c/Jennic/Components/Library/libJIP_JN516x.a(JIP_MIB_Groups.o)
 .text.bJIP_RemoveGroupAddr
                0x00086182       0x38 /cygdrive/c/Jennic/Components/Library/libJIP_JN516x.a(JIP_MIB_Groups.o)
                0x00086182                _bJIP_RemoveGroupAddr
 .text.eClearGroups
                0x000861ba       0x52 /cygdrive/c/Jennic/Components/Library/libJIP_JN516x.a(JIP_MIB_Groups.o)
 .text.eRemoveGroup
                0x0008620c       0x29 /cygdrive/c/Jennic/Components/Library/libJIP_JN516x.a(JIP_MIB_Groups.o)
 .text.bJIP_AddGroupAddr
                0x00086235       0x38 /cygdrive/c/Jennic/Components/Library/libJIP_JN516x.a(JIP_MIB_Groups.o)
                0x00086235                _bJIP_AddGroupAddr
 .text.eAddGroup
                0x0008626d       0x29 /cygdrive/c/Jennic/Components/Library/libJIP_JN516x.a(JIP_MIB_Groups.o)
 .text.vGroupsModule_Register
                0x00086296        0xc /cygdrive/c/Jennic/Components/Library/libJIP_JN516x.a(JIP_MIB_Groups.o)
                0x00086296                _vGroupsModule_Register
 .text.vGetGroupTable
                0x000862a2       0xe0 /cygdrive/c/Jennic/Components/Library/libJIP_JN516x.a(JIP_MIB_Groups.o)
 .text.eLoadImage
                0x00086382       0x15 /cygdrive/c/Jennic/Components/Library/libJIP_JN516x.a(JIP_MIB_OND.o)
 .text.vUpdateImageValues
                0x00086397       0x52 /cygdrive/c/Jennic/Components/Library/libJIP_JN516x.a(JIP_MIB_OND.o)
 .text.vGetImage32
                0x000863e9       0x1e /cygdrive/c/Jennic/Components/Library/libJIP_JN516x.a(JIP_MIB_OND.o)
 .text.vGetImage16
                0x00086407       0x1e /cygdrive/c/Jennic/Components/Library/libJIP_JN516x.a(JIP_MIB_OND.o)
 .text.vGetImage8
                0x00086425       0x1e /cygdrive/c/Jennic/Components/Library/libJIP_JN516x.a(JIP_MIB_OND.o)
 .text.eStartDownload
                0x00086443       0x2f /cygdrive/c/Jennic/Components/Library/libJIP_JN516x.a(JIP_MIB_OND.o)
 .text.vONDModule_Register
                0x00086472       0x1a /cygdrive/c/Jennic/Components/Library/libJIP_JN516x.a(JIP_MIB_OND.o)
                0x00086472                _vONDModule_Register
 .text.vGetImageTable
                0x0008648c       0xe0 /cygdrive/c/Jennic/Components/Library/libJIP_JN516x.a(JIP_MIB_OND.o)
 .text.vGetDeviceTypes
                0x0008656c       0x11 /cygdrive/c/Jennic/Components/Library/libJIP_JN516x.a(JIP_MIB_Device.o)
 .text.vDeviceModule_Register
                0x0008657d       0x1a /cygdrive/c/Jennic/Components/Library/libJIP_JN516x.a(JIP_MIB_Device.o)
                0x0008657d                _vDeviceModule_Register
 .text.eSetUint16
                0x00086597        0x8 /cygdrive/c/Jennic/Components/Library/libJIP_JN516x.a(AccessFunctions.o)
                0x00086597                _eSetUint16
 .text.eSetUint32
                0x0008659f        0x8 /cygdrive/c/Jennic/Components/Library/libJIP_JN516x.a(AccessFunctions.o)
                0x0008659f                _eSetUint32
 .text.vGetString
                0x000865a7       0x20 /cygdrive/c/Jennic/Components/Library/libJIP_JN516x.a(AccessFunctions.o)
                0x000865a7                _vGetString
 .text.vGetUint32
                0x000865c7        0xa /cygdrive/c/Jennic/Components/Library/libJIP_JN516x.a(AccessFunctions.o)
                0x000865c7                _vGetUint32
 .text.vGetUint8
                0x000865d1        0xa /cygdrive/c/Jennic/Components/Library/libJIP_JN516x.a(AccessFunctions.o)
                0x000865d1                _vGetUint8
 .text.vHandleTrapResponse
                0x000865db       0x22 /cygdrive/c/Jennic/Components/Library/libJIP_JN516x.a(jip_remote.o)
                0x000865db                _vHandleTrapResponse
 .text.vHandleSetResponse
                0x000865fd       0x22 /cygdrive/c/Jennic/Components/Library/libJIP_JN516x.a(jip_remote.o)
                0x000865fd                _vHandleSetResponse
 .text.vJIP_HandleGetResponseVect
                0x0008661f      0x1ec /cygdrive/c/Jennic/Components/Library/libJIP_JN516x.a(jip_remote.o)
                0x0008661f                _vJIP_HandleGetResponseVect
 .text.vHandleQueryMibResponse
                0x0008680b       0x86 /cygdrive/c/Jennic/Components/Library/libJIP_JN516x.a(jip_remote.o)
                0x0008680b                _vHandleQueryMibResponse
 .text.vHandleQueryVarResponse
                0x00086891       0x83 /cygdrive/c/Jennic/Components/Library/libJIP_JN516x.a(jip_remote.o)
                0x00086891                _vHandleQueryVarResponse
 .text.vJnc_ClearScanListVect
                0x00086914       0x4e /cygdrive/c/Jennic/Components/Library/libJenNet_JN516x.a(JenNetCommon.o)
                0x00086914                _vJnc_ClearScanListVect
 .text.bJnc_NeedsReset
                0x00086962       0x19 /cygdrive/c/Jennic/Components/Library/libJenNet_JN516x.a(JenNetCommon.o)
                0x00086962                _bJnc_NeedsReset
 .text.u16Api_GetDepth
                0x0008697b        0xd /cygdrive/c/Jennic/Components/Library/libJenNet_JN516x.a(JenNetCommon.o)
                0x0008697b                _u16Api_GetDepth
 .text.u32Jnc_GetUnscannedChannelsVect
                0x00086988       0x67 /cygdrive/c/Jennic/Components/Library/libJenNet_JN516x.a(JenNetCommon.o)
                0x00086988                _u32Jnc_GetUnscannedChannelsVect
 .text.bApi_SetExtendedCommandHdlr
                0x000869ef       0x1d /cygdrive/c/Jennic/Components/Library/libJenNet_JN516x.a(JenNetCommon.o)
                0x000869ef                _bApi_SetExtendedCommandHdlr
 .text.psApi_GetJenNetConfig
                0x00086a0c        0x9 /cygdrive/c/Jennic/Components/Library/libJenNet_JN516x.a(JenNetCommon.o)
                0x00086a0c                _psApi_GetJenNetConfig
 .text.psApi_GetChildTable
                0x00086a15        0x9 /cygdrive/c/Jennic/Components/Library/libJenNet_JN516x.a(JenNetCommon.o)
                0x00086a15                _psApi_GetChildTable
 .text.bJnc_IsStackRunning
                0x00086a1e       0x28 /cygdrive/c/Jennic/Components/Library/libJenNet_JN516x.a(JenNetCommon.o)
                0x00086a1e                _bJnc_IsStackRunning
 .text.u8Api_GetLastPktLqi
                0x00086a46        0xd /cygdrive/c/Jennic/Components/Library/libJenNet_JN516x.a(JenNetCommon.o)
                0x00086a46                _u8Api_GetLastPktLqi
 .text.bApi_GetLastPktDirect
                0x00086a53        0xd /cygdrive/c/Jennic/Components/Library/libJenNet_JN516x.a(JenNetCommon.o)
                0x00086a53                _bApi_GetLastPktDirect
 .text.u8NwkTxOption
                0x00086a60       0x28 /cygdrive/c/Jennic/Components/Library/libJenNet_JN516x.a(JenNetCommon.o)
                0x00086a60                _u8NwkTxOption
 .text.vApi_SetDeviceId
                0x00086a88        0xd /cygdrive/c/Jennic/Components/Library/libJenNet_JN516x.a(JenNetCommon.o)
                0x00086a88                _vApi_SetDeviceId
 .text.vApi_SetStackMode
                0x00086a95       0x22 /cygdrive/c/Jennic/Components/Library/libJenNet_JN516x.a(JenNetCommon.o)
                0x00086a95                _vApi_SetStackMode
 .text.u16Api_GetStackMode
                0x00086ab7        0xd /cygdrive/c/Jennic/Components/Library/libJenNet_JN516x.a(JenNetCommon.o)
                0x00086ab7                _u16Api_GetStackMode
 .text.vApi_RegisterExtData
                0x00086ac4        0xd /cygdrive/c/Jennic/Components/Library/libJenNet_JN516x.a(JenNetCommon.o)
                0x00086ac4                _vApi_RegisterExtData
 .text.bJnc_SetJoinProfile
                0x00086ad1       0x5c /cygdrive/c/Jennic/Components/Library/libJenNet_JN516x.a(JenNetCommon.o)
                0x00086ad1                _bJnc_SetJoinProfile
 .text.bJnc_SetRunProfile
                0x00086b2d       0x9d /cygdrive/c/Jennic/Components/Library/libJenNet_JN516x.a(JenNetCommon.o)
                0x00086b2d                _bJnc_SetRunProfile
 .text.u32Jnc_GetNumberOfDevicesInBranch
                0x00086bca       0x53 /cygdrive/c/Jennic/Components/Library/libJenNet_JN516x.a(JenNetCommon.o)
                0x00086bca                _u32Jnc_GetNumberOfDevicesInBranch
 .text.prJnc_SetSafeToSleepCallback
                0x00086c1d       0x11 /cygdrive/c/Jennic/Components/Library/libJenNet_JN516x.a(JenNetCommon.o)
                0x00086c1d                _prJnc_SetSafeToSleepCallback
 .text.bDefaultSafeToSleep
                0x00086c2e        0x5 /cygdrive/c/Jennic/Components/Library/libJenNet_JN516x.a(JenNetCommon.o)
 .text.vJnc_SleepVect
                0x00086c33       0x93 /cygdrive/c/Jennic/Components/Library/libJenNet_JN516x.a(JenNetCommon.o)
                0x00086c33                _vJnc_SleepVect
 .text.vApi_SetNwkKey
                0x00086cc6       0x1a /cygdrive/c/Jennic/Components/Library/libJenNet_JN516x.a(JenNetCommon.o)
                0x00086cc6                _vApi_SetNwkKey
 .text.eJnc_StartScanVect
                0x00086ce0       0xe2 /cygdrive/c/Jennic/Components/Library/libJenNet_JN516x.a(JenNetCommon.o)
                0x00086ce0                _eJnc_StartScanVect
 .text.eApi_SendDataToCoord
                0x00086dc2       0xa7 /cygdrive/c/Jennic/Components/Library/libJenNet_JN516x.a(JenNetCommon.o)
                0x00086dc2                _eApi_SendDataToCoord
 .text.eApi_SendDataToNwk
                0x00086e69       0x7d /cygdrive/c/Jennic/Components/Library/libJenNet_JN516x.a(JenNetCommon.o)
                0x00086e69                _eApi_SendDataToNwk
 .text.eApi_SendDataToPeer
                0x00086ee6       0x89 /cygdrive/c/Jennic/Components/Library/libJenNet_JN516x.a(JenNetCommon.o)
                0x00086ee6                _eApi_SendDataToPeer
 .text.bJnc_ResetStackVect
                0x00086f6f      0x15a /cygdrive/c/Jennic/Components/Library/libJenNet_JN516x.a(JenNetCommon.o)
                0x00086f6f                _bJnc_ResetStackVect
 .text.vJnc_JenNetTick
                0x000870c9       0x8a /cygdrive/c/Jennic/Components/Library/libJenNet_JN516x.a(JenNetCommon.o)
                0x000870c9                _vJnc_JenNetTick
 .text.bJnc_StartAssociateVect
                0x00087153       0xb2 /cygdrive/c/Jennic/Components/Library/libJenNet_JN516x.a(JenNetCommon.o)
                0x00087153                _bJnc_StartAssociateVect
 .text.eApi_LeaveNetwork
                0x00087205       0x92 /cygdrive/c/Jennic/Components/Library/libJenNet_JN516x.a(JenNetCommon.o)
                0x00087205                _eApi_LeaveNetwork
 .text.vJnc_BackOffVect
                0x00087297       0x71 /cygdrive/c/Jennic/Components/Library/libJenNet_JN516x.a(JenNetCommon.o)
                0x00087297                _vJnc_BackOffVect
 .text.vJnc_HandleBeaconVect
                0x00087308      0x278 /cygdrive/c/Jennic/Components/Library/libJenNet_JN516x.a(JenNetCommon.o)
                0x00087308                _vJnc_HandleBeaconVect
 .text.vJnc_InitSystemVect
                0x00087580      0x188 /cygdrive/c/Jennic/Components/Library/libJenNet_JN516x.a(JenNetCommon.o)
                0x00087580                _vJnc_InitSystemVect
 .text.vJnc_SendEstablishRouteVect
                0x00087708      0x113 /cygdrive/c/Jennic/Components/Library/libJenNet_JN516x.a(JenNetCommon.o)
                0x00087708                _vJnc_SendEstablishRouteVect
 .text.vJnc_HandleDisassociateCfmVect
                0x0008781b       0x63 /cygdrive/c/Jennic/Components/Library/libJenNet_JN516x.a(JenNetCommon.o)
                0x0008781b                _vJnc_HandleDisassociateCfmVect
 .text.vJnc_JenNetInitVariablesVect
                0x0008787e      0x1ff /cygdrive/c/Jennic/Components/Library/libJenNet_JN516x.a(JenNetCommon.o)
                0x0008787e                _vJnc_JenNetInitVariablesVect
 .text.srand    0x00087a7d        0xf /cygdrive/c/Jennic/Components/Library/libJenNet_JN516x.a(rand.o)
                0x00087a7d                _srand
 .text.rand     0x00087a8c       0x3c /cygdrive/c/Jennic/Components/Library/libJenNet_JN516x.a(rand.o)
                0x00087a8c                _rand
 .text.vJenNet_DefCreateBeaconPayload
                0x00087ac8        0x3 /cygdrive/c/Jennic/Components/Library/libJenNet_JN516x.a(NetworkCoordRouter.o)
                0x00087ac8                _vJenNet_DefCreateBeaconPayload
 .text.bNwk_IsChild
                0x00087acb       0x45 /cygdrive/c/Jennic/Components/Library/libJenNet_JN516x.a(NetworkCoordRouter.o)
                0x00087acb                _bNwk_IsChild
 .text.bNwk_IsParentVect
                0x00087b10       0x37 /cygdrive/c/Jennic/Components/Library/libJenNet_JN516x.a(NetworkCoordRouter.o)
                0x00087b10                _bNwk_IsParentVect
 .text.bNwk_IsSleepingChild
                0x00087b47       0x11 /cygdrive/c/Jennic/Components/Library/libJenNet_JN516x.a(NetworkCoordRouter.o)
                0x00087b47                _bNwk_IsSleepingChild
 .text.vNwk_SetChildActiveRoutes
                0x00087b58       0x19 /cygdrive/c/Jennic/Components/Library/libJenNet_JN516x.a(NetworkCoordRouter.o)
                0x00087b58                _vNwk_SetChildActiveRoutes
 .text.bNwk_IsActiveChild
                0x00087b71       0x19 /cygdrive/c/Jennic/Components/Library/libJenNet_JN516x.a(NetworkCoordRouter.o)
                0x00087b71                _bNwk_IsActiveChild
 .text.psNwk_GetChildAddress
                0x00087b8a        0xe /cygdrive/c/Jennic/Components/Library/libJenNet_JN516x.a(NetworkCoordRouter.o)
                0x00087b8a                _psNwk_GetChildAddress
 .text.psNwk_GetParentAddr
                0x00087b98       0x16 /cygdrive/c/Jennic/Components/Library/libJenNet_JN516x.a(NetworkCoordRouter.o)
                0x00087b98                _psNwk_GetParentAddr
 .text.vActiveScan_Backoff
                0x00087bae        0x3 /cygdrive/c/Jennic/Components/Library/libJenNet_JN516x.a(NetworkCoordRouter.o)
 .text.bCheckRxSeqNoVect
                0x00087bb1       0xb3 /cygdrive/c/Jennic/Components/Library/libJenNet_JN516x.a(NetworkCoordRouter.o)
                0x00087bb1                _bCheckRxSeqNoVect
 .text.vNwk_IncRoutingEntry
                0x00087c64       0x13 /cygdrive/c/Jennic/Components/Library/libJenNet_JN516x.a(NetworkCoordRouter.o)
                0x00087c64                _vNwk_IncRoutingEntry
 .text.vNwk_ImportCompleteVect
                0x00087c77       0xa2 /cygdrive/c/Jennic/Components/Library/libJenNet_JN516x.a(NetworkCoordRouter.o)
                0x00087c77                _vNwk_ImportCompleteVect
 .text.vRouterActiveScanResponse_Backoff
                0x00087d19        0xf /cygdrive/c/Jennic/Components/Library/libJenNet_JN516x.a(NetworkCoordRouter.o)
                0x00087d19                _vRouterActiveScanResponse_Backoff
 .text.vNcr_SortScanList
                0x00087d28       0xb3 /cygdrive/c/Jennic/Components/Library/libJenNet_JN516x.a(NetworkCoordRouter.o)
                0x00087d28                _vNcr_SortScanList
 .text.vAddRcvdDataStats
                0x00087ddb       0x56 /cygdrive/c/Jennic/Components/Library/libJenNet_JN516x.a(NetworkCoordRouter.o)
                0x00087ddb                _vAddRcvdDataStats
 .text.vNwk_ChildDepthSetVect
                0x00087e31       0x52 /cygdrive/c/Jennic/Components/Library/libJenNet_JN516x.a(NetworkCoordRouter.o)
                0x00087e31                _vNwk_ChildDepthSetVect
 .text.vNwk_SetDepthVect
                0x00087e83       0x5e /cygdrive/c/Jennic/Components/Library/libJenNet_JN516x.a(NetworkCoordRouter.o)
                0x00087e83                _vNwk_SetDepthVect
 .text.bNwk_GetNextHopAddressVect
                0x00087ee1       0x5d /cygdrive/c/Jennic/Components/Library/libJenNet_JN516x.a(NetworkCoordRouter.o)
                0x00087ee1                _bNwk_GetNextHopAddressVect
 .text.bApi_GetNeighbourTableEntry
                0x00087f3e       0xf2 /cygdrive/c/Jennic/Components/Library/libJenNet_JN516x.a(NetworkCoordRouter.o)
                0x00087f3e                _bApi_GetNeighbourTableEntry
 .text.vStartCoordVect
                0x00088030       0xfa /cygdrive/c/Jennic/Components/Library/libJenNet_JN516x.a(NetworkCoordRouter.o)
                0x00088030                _vStartCoordVect
 .text.vNwk_DeleteChildVect
                0x0008812a       0xd3 /cygdrive/c/Jennic/Components/Library/libJenNet_JN516x.a(NetworkCoordRouter.o)
                0x0008812a                _vNwk_DeleteChildVect
 .text.vHandleDisassociateIndVect
                0x000881fd       0x2c /cygdrive/c/Jennic/Components/Library/libJenNet_JN516x.a(NetworkCoordRouter.o)
                0x000881fd                _vHandleDisassociateIndVect
 .text.vNcr_CheckForLostChildrenVect
                0x00088229       0x5e /cygdrive/c/Jennic/Components/Library/libJenNet_JN516x.a(NetworkCoordRouter.o)
                0x00088229                _vNcr_CheckForLostChildrenVect
 .text.vNcr_EnergyScanResponseVect
                0x00088287       0xb2 /cygdrive/c/Jennic/Components/Library/libJenNet_JN516x.a(NetworkCoordRouter.o)
                0x00088287                _vNcr_EnergyScanResponseVect
 .text.vScanOrAssociate_Backoff
                0x00088339       0x18 /cygdrive/c/Jennic/Components/Library/libJenNet_JN516x.a(NetworkCoordRouter.o)
                0x00088339                _vScanOrAssociate_Backoff
 .text.vNcr_CoordActiveScanResponseVect
                0x00088351       0xd2 /cygdrive/c/Jennic/Components/Library/libJenNet_JN516x.a(NetworkCoordRouter.o)
                0x00088351                _vNcr_CoordActiveScanResponseVect
 .text.vNcr_NodeAssociationVect
                0x00088423      0x2c5 /cygdrive/c/Jennic/Components/Library/libJenNet_JN516x.a(NetworkCoordRouter.o)
                0x00088423                _vNcr_NodeAssociationVect
 .text.vNcr_ScanOrAssociateVect
                0x000886e8      0x11d /cygdrive/c/Jennic/Components/Library/libJenNet_JN516x.a(NetworkCoordRouter.o)
                0x000886e8                _vNcr_ScanOrAssociateVect
 .text.bNcr_NetworkAnnounce
                0x00088805       0xae /cygdrive/c/Jennic/Components/Library/libJenNet_JN516x.a(NetworkCoordRouter.o)
                0x00088805                _bNcr_NetworkAnnounce
 .text.vNcr_AssociateResponseVect
                0x000888b3       0xfd /cygdrive/c/Jennic/Components/Library/libJenNet_JN516x.a(NetworkCoordRouter.o)
                0x000888b3                _vNcr_AssociateResponseVect
 .text.vNcr_RouterActiveScanResponseVect
                0x000889b0      0x10d /cygdrive/c/Jennic/Components/Library/libJenNet_JN516x.a(NetworkCoordRouter.o)
                0x000889b0                _vNcr_RouterActiveScanResponseVect
 .text.vNcr_PurgeRouteVect
                0x00088abd       0xb5 /cygdrive/c/Jennic/Components/Library/libJenNet_JN516x.a(NetworkCoordRouter.o)
                0x00088abd                _vNcr_PurgeRouteVect
 .text.vNwk_RouteEstablishedVect
                0x00088b72      0x165 /cygdrive/c/Jennic/Components/Library/libJenNet_JN516x.a(NetworkCoordRouter.o)
                0x00088b72                _vNwk_RouteEstablishedVect
 .text.vNcr_McpsDataDcfmVect
                0x00088cd7      0x17d /cygdrive/c/Jennic/Components/Library/libJenNet_JN516x.a(NetworkCoordRouter.o)
                0x00088cd7                _vNcr_McpsDataDcfmVect
 .text.u8AddNeighbourVect
                0x00088e54       0x60 /cygdrive/c/Jennic/Components/Library/libJenNet_JN516x.a(NetworkCoordRouter.o)
                0x00088e54                _u8AddNeighbourVect
 .text.vEstablishRoute_Backoff
                0x00088eb4       0x26 /cygdrive/c/Jennic/Components/Library/libJenNet_JN516x.a(NetworkCoordRouter.o)
                0x00088eb4                _vEstablishRoute_Backoff
 .text.vApi_Recover_CR
                0x00088eda       0x6c /cygdrive/c/Jennic/Components/Library/libJenNet_JN516x.a(NetworkCoordRouter.o)
                0x00088eda                _vApi_Recover_CR
 *fill*         0x00088f46        0x2 00
 .text.vNcr_StateMachineVect
                0x00088f48      0x2f8 /cygdrive/c/Jennic/Components/Library/libJenNet_JN516x.a(NetworkCoordRouter.o)
                0x00088f48                _vNcr_StateMachineVect
 .text.vInitCoordRtrStateVect
                0x00089240      0x236 /cygdrive/c/Jennic/Components/Library/libJenNet_JN516x.a(NetworkCoordRouter.o)
                0x00089240                _vInitCoordRtrStateVect
 *fill*         0x00089476        0x2 00
 .text.eNwk_TransmitPacketVect
                0x00089478      0x3cc /cygdrive/c/Jennic/Components/Library/libJenNet_JN516x.a(NetworkCoordRouter.o)
                0x00089478                _eNwk_TransmitPacketVect
 .text.vCheckChildDepthVect
                0x00089844       0xd4 /cygdrive/c/Jennic/Components/Library/libJenNet_JN516x.a(NetworkCoordRouter.o)
                0x00089844                _vCheckChildDepthVect
 .text.vNcr_RouteImportVect
                0x00089918      0x285 /cygdrive/c/Jennic/Components/Library/libJenNet_JN516x.a(NetworkCoordRouter.o)
                0x00089918                _vNcr_RouteImportVect
 .text.vNcr_ProcessInternalTimerVect
                0x00089b9d      0x2ce /cygdrive/c/Jennic/Components/Library/libJenNet_JN516x.a(NetworkCoordRouter.o)
                0x00089b9d                _vNcr_ProcessInternalTimerVect
 .text.vJenNet_DefProcessIncomingHwEvent_CR
                0x00089e6b       0x41 /cygdrive/c/Jennic/Components/Library/libJenNet_JN516x.a(NetworkCoordRouter.o)
                0x00089e6b                _vJenNet_DefProcessIncomingHwEvent_CR
 .text.vNcr_HandleCommStsVect
                0x00089eac       0xc1 /cygdrive/c/Jennic/Components/Library/libJenNet_JN516x.a(NetworkCoordRouter.o)
                0x00089eac                _vNcr_HandleCommStsVect
 *fill*         0x00089f6d        0x3 00
 .text.vNcr_IncomingMlmeVect
                0x00089f70       0xdc /cygdrive/c/Jennic/Components/Library/libJenNet_JN516x.a(NetworkCoordRouter.o)
                0x00089f70                _vNcr_IncomingMlmeVect
 .text.vNwk_RejectNodeVect
                0x0008a04c       0x55 /cygdrive/c/Jennic/Components/Library/libJenNet_JN516x.a(NetworkCoordRouter.o)
                0x0008a04c                _vNwk_RejectNodeVect
 .text.vNcr_McpsDataIndVect
                0x0008a0a1      0x1e6 /cygdrive/c/Jennic/Components/Library/libJenNet_JN516x.a(NetworkCoordRouter.o)
                0x0008a0a1                _vNcr_McpsDataIndVect
 .text.vNcr_IncomingMcpsVect
                0x0008a287       0x84 /cygdrive/c/Jennic/Components/Library/libJenNet_JN516x.a(NetworkCoordRouter.o)
                0x0008a287                _vNcr_IncomingMcpsVect
 .text.vApi_Recover
                0x0008a30b       0x19 /cygdrive/c/Jennic/Components/Library/libJenNet_JN516x.a(NetworkCoordRouter.o)
                0x0008a30b                _vApi_Recover
 .text.vApi_Start_CRVect
                0x0008a324      0x1aa /cygdrive/c/Jennic/Components/Library/libJenNet_JN516x.a(NetworkCoordRouter.o)
                0x0008a324                _vApi_Start_CRVect
 .text.vPAR_Init
                0x0008a4ce       0x16 /cygdrive/c/Jennic/Components/Library/libJenNet_JN516x.a(ProcessAndRoute.o)
                0x0008a4ce                _vPAR_Init
 .text.vPAR_DeleteRoutingEntryVect
                0x0008a4e4       0x5f /cygdrive/c/Jennic/Components/Library/libJenNet_JN516x.a(ProcessAndRoute.o)
                0x0008a4e4                _vPAR_DeleteRoutingEntryVect
 .text.vApi_RegNwkAuthoriseCallback
                0x0008a543        0xd /cygdrive/c/Jennic/Components/Library/libJenNet_JN516x.a(ProcessAndRoute.o)
                0x0008a543                _vApi_RegNwkAuthoriseCallback
 .text.u16AddNextHopVect
                0x0008a550       0x99 /cygdrive/c/Jennic/Components/Library/libJenNet_JN516x.a(ProcessAndRoute.o)
                0x0008a550                _u16AddNextHopVect
 .text.u16GetNextHopVect
                0x0008a5e9       0x53 /cygdrive/c/Jennic/Components/Library/libJenNet_JN516x.a(ProcessAndRoute.o)
                0x0008a5e9                _u16GetNextHopVect
 .text.vPAR_ProcessSetDepth
                0x0008a63c       0x49 /cygdrive/c/Jennic/Components/Library/libJenNet_JN516x.a(ProcessAndRoute.o)
                0x0008a63c                _vPAR_ProcessSetDepth
 .text.vPAR_ProcessFindNode
                0x0008a685       0x8e /cygdrive/c/Jennic/Components/Library/libJenNet_JN516x.a(ProcessAndRoute.o)
                0x0008a685                _vPAR_ProcessFindNode
 .text.vPAR_ProcessDataToNwk
                0x0008a713       0x58 /cygdrive/c/Jennic/Components/Library/libJenNet_JN516x.a(ProcessAndRoute.o)
                0x0008a713                _vPAR_ProcessDataToNwk
 .text.ePAR_SendChangeProfile
                0x0008a76b       0x5a /cygdrive/c/Jennic/Components/Library/libJenNet_JN516x.a(ProcessAndRoute.o)
                0x0008a76b                _ePAR_SendChangeProfile
 .text.vPAR_SendPurgeRoute
                0x0008a7c5       0x5f /cygdrive/c/Jennic/Components/Library/libJenNet_JN516x.a(ProcessAndRoute.o)
                0x0008a7c5                _vPAR_SendPurgeRoute
 .text.ePAR_SendFindNode
                0x0008a824       0x52 /cygdrive/c/Jennic/Components/Library/libJenNet_JN516x.a(ProcessAndRoute.o)
                0x0008a824                _ePAR_SendFindNode
 .text.vPAR_ProcessRepairRoute
                0x0008a876       0x27 /cygdrive/c/Jennic/Components/Library/libJenNet_JN516x.a(ProcessAndRoute.o)
                0x0008a876                _vPAR_ProcessRepairRoute
 .text.vPAR_SendDeleteRoute
                0x0008a89d       0x56 /cygdrive/c/Jennic/Components/Library/libJenNet_JN516x.a(ProcessAndRoute.o)
                0x0008a89d                _vPAR_SendDeleteRoute
 .text.ePAR_RoutePacketVect
                0x0008a8f3      0x110 /cygdrive/c/Jennic/Components/Library/libJenNet_JN516x.a(ProcessAndRoute.o)
                0x0008a8f3                _ePAR_RoutePacketVect
 .text.vProcessResponseRequest
                0x0008aa03       0x57 /cygdrive/c/Jennic/Components/Library/libJenNet_JN516x.a(ProcessAndRoute.o)
 .text.vPAR_ProcessDataToCoord
                0x0008aa5a       0x58 /cygdrive/c/Jennic/Components/Library/libJenNet_JN516x.a(ProcessAndRoute.o)
                0x0008aa5a                _vPAR_ProcessDataToCoord
 .text.vPAR_CheckPendingActions
                0x0008aab2       0x2b /cygdrive/c/Jennic/Components/Library/libJenNet_JN516x.a(ProcessAndRoute.o)
                0x0008aab2                _vPAR_CheckPendingActions
 .text.vPAR_ProcessPurgeRoute
                0x0008aadd       0x65 /cygdrive/c/Jennic/Components/Library/libJenNet_JN516x.a(ProcessAndRoute.o)
                0x0008aadd                _vPAR_ProcessPurgeRoute
 .text.vPAR_ProcessDataToPeer
                0x0008ab42       0x7e /cygdrive/c/Jennic/Components/Library/libJenNet_JN516x.a(ProcessAndRoute.o)
                0x0008ab42                _vPAR_ProcessDataToPeer
 .text.vPAR_DeleteRoute
                0x0008abc0      0x1c8 /cygdrive/c/Jennic/Components/Library/libJenNet_JN516x.a(ProcessAndRoute.o)
                0x0008abc0                _vPAR_DeleteRoute
 .text.vPAR_Ping
                0x0008ad88       0x47 /cygdrive/c/Jennic/Components/Library/libJenNet_JN516x.a(ProcessAndRoute.o)
                0x0008ad88                _vPAR_Ping
 .text.vPAR_UnknownNode
                0x0008adcf       0x26 /cygdrive/c/Jennic/Components/Library/libJenNet_JN516x.a(ProcessAndRoute.o)
                0x0008adcf                _vPAR_UnknownNode
 .text.vPAR_EstablishRoute
                0x0008adf5      0x3bd /cygdrive/c/Jennic/Components/Library/libJenNet_JN516x.a(ProcessAndRoute.o)
                0x0008adf5                _vPAR_EstablishRoute
 .text.vPAR_ProcessComsnNode
                0x0008b1b2       0x30 /cygdrive/c/Jennic/Components/Library/libJenNet_JN516x.a(ProcessAndRoute.o)
                0x0008b1b2                _vPAR_ProcessComsnNode
 .text.vPAR_ProcessRouteImport
                0x0008b1e2      0x116 /cygdrive/c/Jennic/Components/Library/libJenNet_JN516x.a(ProcessAndRoute.o)
                0x0008b1e2                _vPAR_ProcessRouteImport
 .text.vPAR_InitRoutingTable
                0x0008b2f8       0x26 /cygdrive/c/Jennic/Components/Library/libJenNet_JN516x.a(ProcessAndRoute.o)
                0x0008b2f8                _vPAR_InitRoutingTable
 .text.vPAR_ProcessRouteRequest
                0x0008b31e      0x1ce /cygdrive/c/Jennic/Components/Library/libJenNet_JN516x.a(ProcessAndRoute.o)
                0x0008b31e                _vPAR_ProcessRouteRequest
 .text.vProcessNetworkAnnounce
                0x0008b4ec       0x3a /cygdrive/c/Jennic/Components/Library/libJenNet_JN516x.a(ProcessAndRoute.o)
 *fill*         0x0008b526        0x2 00
 .text.vPAR_ProcessPacket
                0x0008b528      0x40c /cygdrive/c/Jennic/Components/Library/libJenNet_JN516x.a(ProcessAndRoute.o)
                0x0008b528                _vPAR_ProcessPacket
 .text.vNed_ScanTimeoutHandler
                0x0008b934       0x94 /cygdrive/c/Jennic/Components/Library/libJenNet_JN516x.a(NetworkED.o)
                0x0008b934                _vNed_ScanTimeoutHandler
 .text.vNed_PollTimeoutHandler
                0x0008b9c8       0x34 /cygdrive/c/Jennic/Components/Library/libJenNet_JN516x.a(NetworkED.o)
                0x0008b9c8                _vNed_PollTimeoutHandler
 .text.vNed_PollPeriodHandler
                0x0008b9fc        0xf /cygdrive/c/Jennic/Components/Library/libJenNet_JN516x.a(NetworkED.o)
                0x0008b9fc                _vNed_PollPeriodHandler
 .text.vNed_StateTimeoutHandler
                0x0008ba0b        0xf /cygdrive/c/Jennic/Components/Library/libJenNet_JN516x.a(NetworkED.o)
                0x0008ba0b                _vNed_StateTimeoutHandler
 .text.vActiveScan_Backoff
                0x0008ba1a        0x3 /cygdrive/c/Jennic/Components/Library/libJenNet_JN516x.a(NetworkED.o)
 .text.vEstablishRoute_Backoff
                0x0008ba1d        0xf /cygdrive/c/Jennic/Components/Library/libJenNet_JN516x.a(NetworkED.o)
 .text.vNed_TickVect
                0x0008ba2c       0x6f /cygdrive/c/Jennic/Components/Library/libJenNet_JN516x.a(NetworkED.o)
                0x0008ba2c                _vNed_TickVect
 .text.vNed_SortScanList
                0x0008ba9b       0xc5 /cygdrive/c/Jennic/Components/Library/libJenNet_JN516x.a(NetworkED.o)
                0x0008ba9b                _vNed_SortScanList
 .text.eTransmitFrameVect
                0x0008bb60      0x104 /cygdrive/c/Jennic/Components/Library/libJenNet_JN516x.a(NetworkED.o)
                0x0008bb60                _eTransmitFrameVect
 .text.vNed_ProcessDataToPeerVect
                0x0008bc64       0x64 /cygdrive/c/Jennic/Components/Library/libJenNet_JN516x.a(NetworkED.o)
                0x0008bc64                _vNed_ProcessDataToPeerVect
 .text.vFailedPacket
                0x0008bcc8       0x37 /cygdrive/c/Jennic/Components/Library/libJenNet_JN516x.a(NetworkED.o)
 .text.vNed_McpsDataDcfmVect
                0x0008bcff       0x50 /cygdrive/c/Jennic/Components/Library/libJenNet_JN516x.a(NetworkED.o)
                0x0008bcff                _vNed_McpsDataDcfmVect
 .text.vApi_Recover_ED
                0x0008bd4f       0x61 /cygdrive/c/Jennic/Components/Library/libJenNet_JN516x.a(NetworkED.o)
                0x0008bd4f                _vApi_Recover_ED
 .text.vApi_Start_ED
                0x0008bdb0       0x41 /cygdrive/c/Jennic/Components/Library/libJenNet_JN516x.a(NetworkED.o)
                0x0008bdb0                _vApi_Start_ED
 .text.iNed_StopTimerVect
                0x0008bdf1       0x25 /cygdrive/c/Jennic/Components/Library/libJenNet_JN516x.a(NetworkED.o)
                0x0008bdf1                _iNed_StopTimerVect
 .text.vNed_HandlePollVect
                0x0008be16       0x5a /cygdrive/c/Jennic/Components/Library/libJenNet_JN516x.a(NetworkED.o)
                0x0008be16                _vNed_HandlePollVect
 .text.vNed_ScanOrAssociateVect
                0x0008be70      0x112 /cygdrive/c/Jennic/Components/Library/libJenNet_JN516x.a(NetworkED.o)
                0x0008be70                _vNed_ScanOrAssociateVect
 .text.vNed_ActiveScanResponseVect
                0x0008bf82      0x118 /cygdrive/c/Jennic/Components/Library/libJenNet_JN516x.a(NetworkED.o)
                0x0008bf82                _vNed_ActiveScanResponseVect
 .text.iNed_StartTimerVect
                0x0008c09a       0x78 /cygdrive/c/Jennic/Components/Library/libJenNet_JN516x.a(NetworkED.o)
                0x0008c09a                _iNed_StartTimerVect
 .text.vInitEndDeviceStateVect
                0x0008c112      0x15c /cygdrive/c/Jennic/Components/Library/libJenNet_JN516x.a(NetworkED.o)
                0x0008c112                _vInitEndDeviceStateVect
 .text.eApi_PollForData
                0x0008c26e       0xa2 /cygdrive/c/Jennic/Components/Library/libJenNet_JN516x.a(NetworkED.o)
                0x0008c26e                _eApi_PollForData
 .text.eStartAutoPollVect
                0x0008c310       0x3c /cygdrive/c/Jennic/Components/Library/libJenNet_JN516x.a(NetworkED.o)
                0x0008c310                _eStartAutoPollVect
 .text.vNed_AssociateResponseVect
                0x0008c34c       0xee /cygdrive/c/Jennic/Components/Library/libJenNet_JN516x.a(NetworkED.o)
                0x0008c34c                _vNed_AssociateResponseVect
 *fill*         0x0008c43a        0x2 00
 .text.vNed_IncomingMlmeVect
                0x0008c43c       0x8c /cygdrive/c/Jennic/Components/Library/libJenNet_JN516x.a(NetworkED.o)
                0x0008c43c                _vNed_IncomingMlmeVect
 .text.vNed_ProcessEstablishRouteVect
                0x0008c4c8       0xdc /cygdrive/c/Jennic/Components/Library/libJenNet_JN516x.a(NetworkED.o)
                0x0008c4c8                _vNed_ProcessEstablishRouteVect
 .text.vNed_ProcessPacketVect
                0x0008c5a4      0x130 /cygdrive/c/Jennic/Components/Library/libJenNet_JN516x.a(NetworkED.o)
                0x0008c5a4                _vNed_ProcessPacketVect
 .text.vNed_McpsDataIndVect
                0x0008c6d4      0x112 /cygdrive/c/Jennic/Components/Library/libJenNet_JN516x.a(NetworkED.o)
                0x0008c6d4                _vNed_McpsDataIndVect
 .text.vNed_IncomingMcpsVect
                0x0008c7e6       0x35 /cygdrive/c/Jennic/Components/Library/libJenNet_JN516x.a(NetworkED.o)
                0x0008c7e6                _vNed_IncomingMcpsVect
 *fill*         0x0008c81b        0x1 00
 .text.vNed_StateMachineVect
                0x0008c81c      0x3e0 /cygdrive/c/Jennic/Components/Library/libJenNet_JN516x.a(NetworkED.o)
                0x0008c81c                _vNed_StateMachineVect
 .text.vHWTimerInitVect
                0x0008cbfc       0xaf /cygdrive/c/Jennic/Components/Library/libJenNet_JN516x.a(OSTimerDriver.o)
                0x0008cbfc                _vHWTimerInitVect
 .text.vHWTimerCallback
                0x0008ccab       0x1c /cygdrive/c/Jennic/Components/Library/libJenNet_JN516x.a(OSTimerDriver.o)
 .text.vInterrupt_Suspend
                0x0008ccc7       0x3e /cygdrive/c/Jennic/Components/Library/libJenNet_JN516x.a(Interrupt.o)
                0x0008ccc7                _vInterrupt_Suspend
 .text.vInterrupt_Resume
                0x0008cd05       0x3b /cygdrive/c/Jennic/Components/Library/libJenNet_JN516x.a(Interrupt.o)
                0x0008cd05                _vInterrupt_Resume
 .text.vSecurityAddDevice
                0x0008cd40       0x3b /cygdrive/c/Jennic/Components/Library/libJenNet_JN516x.a(Sec2006.o)
                0x0008cd40                _vSecurityAddDevice
 .text.vSecurityDeleteDevice
                0x0008cd7b       0x33 /cygdrive/c/Jennic/Components/Library/libJenNet_JN516x.a(Sec2006.o)
                0x0008cd7b                _vSecurityDeleteDevice
 .text.u8SecurityFreeEntry
                0x0008cdae       0x3d /cygdrive/c/Jennic/Components/Library/libJenNet_JN516x.a(Sec2006.o)
                0x0008cdae                _u8SecurityFreeEntry
 .text.u8SecurityIsNeighbour
                0x0008cdeb       0x4b /cygdrive/c/Jennic/Components/Library/libJenNet_JN516x.a(Sec2006.o)
                0x0008cdeb                _u8SecurityIsNeighbour
 .text.vSecurityInvalidateKey
                0x0008ce36       0x1c /cygdrive/c/Jennic/Components/Library/libJenNet_JN516x.a(Sec2006.o)
                0x0008ce36                _vSecurityInvalidateKey
 .text.bSecurityKeyValid
                0x0008ce52       0x1b /cygdrive/c/Jennic/Components/Library/libJenNet_JN516x.a(Sec2006.o)
                0x0008ce52                _bSecurityKeyValid
 .text.psSecurityGetDescriptor
                0x0008ce6d       0x1a /cygdrive/c/Jennic/Components/Library/libJenNet_JN516x.a(Sec2006.o)
                0x0008ce6d                _psSecurityGetDescriptor
 .text.vSecurityAgeNeighbourTableVect
                0x0008ce87       0x20 /cygdrive/c/Jennic/Components/Library/libJenNet_JN516x.a(Sec2006.o)
                0x0008ce87                _vSecurityAgeNeighbourTableVect
 .text.vSecurityUpdateKey
                0x0008cea7       0x5c /cygdrive/c/Jennic/Components/Library/libJenNet_JN516x.a(Sec2006.o)
                0x0008cea7                _vSecurityUpdateKey
 .text.vSetupDefaultSecurity
                0x0008cf03      0x195 /cygdrive/c/Jennic/Components/Library/libJenNet_JN516x.a(Sec2006.o)
                0x0008cf03                _vSetupDefaultSecurity
 .text.psSearchDatabase
                0x0008d098       0x2e /cygdrive/c/Jennic/Components/Library/libJenNet_JN516x.a(LowEnergySupport.o)
 .text.bProcessIncomingLowEnergyFrame
                0x0008d0c6      0x2ed /cygdrive/c/Jennic/Components/Library/libJenNet_JN516x.a(LowEnergySupport.o)
                0x0008d0c6                _bProcessIncomingLowEnergyFrame
 .text.vNcr_ProcessLowEnergyInform
                0x0008d3b3       0x80 /cygdrive/c/Jennic/Components/Library/libJenNet_JN516x.a(LowEnergySupport.o)
                0x0008d3b3                _vNcr_ProcessLowEnergyInform
 .text.vInitialiseLowEnergy
                0x0008d433       0x26 /cygdrive/c/Jennic/Components/Library/libJenNet_JN516x.a(LowEnergySupport.o)
                0x0008d433                _vInitialiseLowEnergy
 .text.vOND_GenerateEvent
                0x0008d459       0x30 /cygdrive/c/Jennic/Components/Library/libJenNet_JN516x.a(JenNet_OND.o)
                0x0008d459                _vOND_GenerateEvent
 .text.eOND_DevSwitchToImage
                0x0008d489       0x44 /cygdrive/c/Jennic/Components/Library/libJenNet_JN516x.a(JenNet_OND.o)
                0x0008d489                _eOND_DevSwitchToImage
 .text.eOND_DevCommenceUpdate
                0x0008d4cd       0x59 /cygdrive/c/Jennic/Components/Library/libJenNet_JN516x.a(JenNet_OND.o)
                0x0008d4cd                _eOND_DevCommenceUpdate
 .text.bBlockAlreadyInImage
                0x0008d526       0x23 /cygdrive/c/Jennic/Components/Library/libJenNet_JN516x.a(JenNet_OND.o)
 .text.iHaveBlock
                0x0008d549       0x97 /cygdrive/c/Jennic/Components/Library/libJenNet_JN516x.a(JenNet_OND.o)
 .text.vQueueApi
                0x0008d5e0       0x15 /cygdrive/c/Jennic/Components/Library/libJenNet_JN516x.a(JenNet_OND.o)
 .text.vStartBlockTimer
                0x0008d5f5       0x4f /cygdrive/c/Jennic/Components/Library/libJenNet_JN516x.a(JenNet_OND.o)
 .text.vFillBlockBitmap
                0x0008d644       0x45 /cygdrive/c/Jennic/Components/Library/libJenNet_JN516x.a(JenNet_OND.o)
 .text.eOND_DevGetImage
                0x0008d689       0x92 /cygdrive/c/Jennic/Components/Library/libJenNet_JN516x.a(JenNet_OND.o)
                0x0008d689                _eOND_DevGetImage
 .text.eServiceBlockRequest
                0x0008d71b      0x1f3 /cygdrive/c/Jennic/Components/Library/libJenNet_JN516x.a(JenNet_OND.o)
 .text.vBlockReqSeen
                0x0008d90e       0x21 /cygdrive/c/Jennic/Components/Library/libJenNet_JN516x.a(JenNet_OND.o)
 .text.vSendBlockRequestGeneric
                0x0008d92f       0xa6 /cygdrive/c/Jennic/Components/Library/libJenNet_JN516x.a(JenNet_OND.o)
 .text.vSendBlockRequest
                0x0008d9d5       0xc4 /cygdrive/c/Jennic/Components/Library/libJenNet_JN516x.a(JenNet_OND.o)
 .text.vBlockReqToQueue
                0x0008da99       0x7e /cygdrive/c/Jennic/Components/Library/libJenNet_JN516x.a(JenNet_OND.o)
 *fill*         0x0008db17        0x1 00
 .text.vEnterState
                0x0008db18      0x644 /cygdrive/c/Jennic/Components/Library/libJenNet_JN516x.a(JenNet_OND.o)
 .text.vGetMutexThenGoToState
                0x0008e15c        0xf /cygdrive/c/Jennic/Components/Library/libJenNet_JN516x.a(JenNet_OND.o)
 .text.bBlockRequestTimeout
                0x0008e16b       0x8b /cygdrive/c/Jennic/Components/Library/libJenNet_JN516x.a(JenNet_OND.o)
 .text.vCheckBlockRequestTimeout
                0x0008e1f6       0x4d /cygdrive/c/Jennic/Components/Library/libJenNet_JN516x.a(JenNet_OND.o)
 .text.vTimeoutFired
                0x0008e243        0x6 /cygdrive/c/Jennic/Components/Library/libJenNet_JN516x.a(JenNet_OND.o)
 .text.vStoreParams
                0x0008e249       0x3e /cygdrive/c/Jennic/Components/Library/libJenNet_JN516x.a(JenNet_OND.o)
 .text.vErase   0x0008e287       0x7c /cygdrive/c/Jennic/Components/Library/libJenNet_JN516x.a(JenNet_OND.o)
 .text.vBlockSeenGeneric
                0x0008e303      0x1b6 /cygdrive/c/Jennic/Components/Library/libJenNet_JN516x.a(JenNet_OND.o)
 .text.vBlockSeenIp
                0x0008e4b9       0x3a /cygdrive/c/Jennic/Components/Library/libJenNet_JN516x.a(JenNet_OND.o)
 .text.vBlockSeenDirect
                0x0008e4f3        0xe /cygdrive/c/Jennic/Components/Library/libJenNet_JN516x.a(JenNet_OND.o)
 .text.vBlockSeenUnicast
                0x0008e501       0x11 /cygdrive/c/Jennic/Components/Library/libJenNet_JN516x.a(JenNet_OND.o)
 .text.vBlockSeenBcast
                0x0008e512       0x11 /cygdrive/c/Jennic/Components/Library/libJenNet_JN516x.a(JenNet_OND.o)
 .text.bProcessApiRequest
                0x0008e523       0xb1 /cygdrive/c/Jennic/Components/Library/libJenNet_JN516x.a(JenNet_OND.o)
 .text.vHandleApi
                0x0008e5d4        0x8 /cygdrive/c/Jennic/Components/Library/libJenNet_JN516x.a(JenNet_OND.o)
 .text.bServiceRequestQueue
                0x0008e5dc       0xb6 /cygdrive/c/Jennic/Components/Library/libJenNet_JN516x.a(JenNet_OND.o)
 .text.vDetermineBenignState
                0x0008e692       0xf6 /cygdrive/c/Jennic/Components/Library/libJenNet_JN516x.a(JenNet_OND.o)
 .text.vTickAwaitingMutex
                0x0008e788       0x26 /cygdrive/c/Jennic/Components/Library/libJenNet_JN516x.a(JenNet_OND.o)
 .text.vTickForFlashComplete
                0x0008e7ae        0xc /cygdrive/c/Jennic/Components/Library/libJenNet_JN516x.a(JenNet_OND.o)
 .text.e6LP_GetLinkLayer
                0x0008e7ba        0xc /cygdrive/c/Jennic/Components/Library/lib6LP_JN516x.a(6LPcommon.o)
                0x0008e7ba                _e6LP_GetLinkLayer
 .text.e6LP_GetDeviceType
                0x0008e7c6        0xc /cygdrive/c/Jennic/Components/Library/lib6LP_JN516x.a(6LPcommon.o)
                0x0008e7c6                _e6LP_GetDeviceType
 .text.u8RX_getDefaultHopCount
                0x0008e7d2        0xc /cygdrive/c/Jennic/Components/Library/lib6LP_JN516x.a(6LPcommon.o)
                0x0008e7d2                _u8RX_getDefaultHopCount
 .text.b6LP_SetMaxAllowableMTU
                0x0008e7de       0x2a /cygdrive/c/Jennic/Components/Library/lib6LP_JN516x.a(6LPcommon.o)
                0x0008e7de                _b6LP_SetMaxAllowableMTU
 .text.bo6LP_Set80215payloadLength
                0x0008e808       0x18 /cygdrive/c/Jennic/Components/Library/lib6LP_JN516x.a(6LPcommon.o)
                0x0008e808                _bo6LP_Set80215payloadLength
 .text.v6LP_DefSetPacketDefragTimeout
                0x0008e820        0xc /cygdrive/c/Jennic/Components/Library/lib6LP_JN516x.a(6LPcommon.o)
                0x0008e820                _v6LP_DefSetPacketDefragTimeout
 .text.psGetMacBuffer
                0x0008e82c        0x9 /cygdrive/c/Jennic/Components/Library/lib6LP_JN516x.a(NetworkFormation.o)
 .text.i6LP_DefInitStack
                0x0008e835       0xf2 /cygdrive/c/Jennic/Components/Library/lib6LP_JN516x.a(NetworkFormation.o)
                0x0008e835                _i6LP_DefInitStack
 .text.vPostMcps
                0x0008e927       0x17 /cygdrive/c/Jennic/Components/Library/lib6LP_JN516x.a(NetworkFormation.o)
 .text.vPostMlme
                0x0008e93e       0x17 /cygdrive/c/Jennic/Components/Library/lib6LP_JN516x.a(NetworkFormation.o)
 .text.v6LP_DefInitHardware
                0x0008e955       0xa9 /cygdrive/c/Jennic/Components/Library/lib6LP_JN516x.a(NetworkFormation.o)
                0x0008e955                _v6LP_DefInitHardware
 .text.vUartHandler
                0x0008e9fe       0x38 /cygdrive/c/Jennic/Components/Library/lib6LP_JN516x.a(NetworkFormation.o)
 .text.v6LP_RouteHwEvent
                0x0008ea36       0x18 /cygdrive/c/Jennic/Components/Library/lib6LP_JN516x.a(NetworkFormation.o)
                0x0008ea36                _v6LP_RouteHwEvent
 .text.vHandleNwkCallback
                0x0008ea4e       0x30 /cygdrive/c/Jennic/Components/Library/lib6LP_JN516x.a(NetworkFormationTree.o)
 .text.v6LP_EDM_SetAddressPrefix
                0x0008ea7e       0x2f /cygdrive/c/Jennic/Components/Library/lib6LP_JN516x.a(NetworkFormationTree.o)
                0x0008ea7e                _v6LP_EDM_SetAddressPrefix
 .text.e6LP_DefPoll
                0x0008eaad       0x37 /cygdrive/c/Jennic/Components/Library/lib6LP_JN516x.a(NetworkFormationTree.o)
                0x0008eaad                _e6LP_DefPoll
 .text.v6LP_EnableSecurity
                0x0008eae4       0x1d /cygdrive/c/Jennic/Components/Library/lib6LP_JN516x.a(NetworkFormationTree.o)
                0x0008eae4                _v6LP_EnableSecurity
 .text.v6LP_ProcessJenNetStackEvent
                0x0008eb01      0x252 /cygdrive/c/Jennic/Components/Library/lib6LP_JN516x.a(NetworkFormationTree.o)
                0x0008eb01                _v6LP_ProcessJenNetStackEvent
 .text.v6LP_TreeProcessMlme
                0x0008ed53       0x18 /cygdrive/c/Jennic/Components/Library/lib6LP_JN516x.a(NetworkFormationTree.o)
                0x0008ed53                _v6LP_TreeProcessMlme
 .text.v6LP_TreeProcessMcps
                0x0008ed6b       0x18 /cygdrive/c/Jennic/Components/Library/lib6LP_JN516x.a(NetworkFormationTree.o)
                0x0008ed6b                _v6LP_TreeProcessMcps
 .text.i6LP_StartTreeStack
                0x0008ed83       0xa3 /cygdrive/c/Jennic/Components/Library/lib6LP_JN516x.a(NetworkFormationTree.o)
                0x0008ed83                _i6LP_StartTreeStack
 .text.vEUI_GetAddressPrefix
                0x0008ee26       0x15 /cygdrive/c/Jennic/Components/Library/lib6LP_JN516x.a(eui.o)
                0x0008ee26                _vEUI_GetAddressPrefix
 .text.vEUI_SetPANid
                0x0008ee3b        0xc /cygdrive/c/Jennic/Components/Library/lib6LP_JN516x.a(eui.o)
                0x0008ee3b                _vEUI_SetPANid
 .text.vEUI_GenerateEUI64
                0x0008ee47       0x15 /cygdrive/c/Jennic/Components/Library/lib6LP_JN516x.a(eui.o)
                0x0008ee47                _vEUI_GenerateEUI64
 .text.vEUI_GenerateInterfaceIdFromMacAddr
                0x0008ee5c       0x18 /cygdrive/c/Jennic/Components/Library/lib6LP_JN516x.a(eui.o)
                0x0008ee5c                _vEUI_GenerateInterfaceIdFromMacAddr
 .text.i6LP_DefCreateInterfaceIdFrom16
                0x0008ee74       0x27 /cygdrive/c/Jennic/Components/Library/lib6LP_JN516x.a(eui.o)
                0x0008ee74                _i6LP_DefCreateInterfaceIdFrom16
 .text.vEUI_CompressDestIPv6
                0x0008ee9b      0x135 /cygdrive/c/Jennic/Components/Library/lib6LP_JN516x.a(eui.o)
                0x0008ee9b                _vEUI_CompressDestIPv6
 .text.vEUI_CopyToArray
                0x0008efd0        0xf /cygdrive/c/Jennic/Components/Library/lib6LP_JN516x.a(eui.o)
                0x0008efd0                _vEUI_CopyToArray
 .text.eEUI_CompareMulticast
                0x0008efdf       0xe7 /cygdrive/c/Jennic/Components/Library/lib6LP_JN516x.a(eui.o)
                0x0008efdf                _eEUI_CompareMulticast
 .text.eEUI_CompareWithPrefix
                0x0008f0c6       0x45 /cygdrive/c/Jennic/Components/Library/lib6LP_JN516x.a(eui.o)
                0x0008f0c6                _eEUI_CompareWithPrefix
 .text.eEUI_CompareWithDeviceAddress
                0x0008f10b       0x6c /cygdrive/c/Jennic/Components/Library/lib6LP_JN516x.a(eui.o)
                0x0008f10b                _eEUI_CompareWithDeviceAddress
 .text.vEUI_CompressIPv6
                0x0008f177       0x6d /cygdrive/c/Jennic/Components/Library/lib6LP_JN516x.a(eui.o)
                0x0008f177                _vEUI_CompressIPv6
 .text.vEUI_GetLocalPrefix
                0x0008f1e4       0x15 /cygdrive/c/Jennic/Components/Library/lib6LP_JN516x.a(eui.o)
                0x0008f1e4                _vEUI_GetLocalPrefix
 .text.i6LP_DefCreateInterfaceIdFrom64
                0x0008f1f9       0x24 /cygdrive/c/Jennic/Components/Library/lib6LP_JN516x.a(eui.o)
                0x0008f1f9                _i6LP_DefCreateInterfaceIdFrom64
 .text.vEUI_CreateEUIdataManager
                0x0008f21d       0x45 /cygdrive/c/Jennic/Components/Library/lib6LP_JN516x.a(eui.o)
                0x0008f21d                _vEUI_CreateEUIdataManager
 .text.vEUI_SetAddressPrefix
                0x0008f262       0x12 /cygdrive/c/Jennic/Components/Library/lib6LP_JN516x.a(eui.o)
                0x0008f262                _vEUI_SetAddressPrefix
 .text.i6LP_DefCreateLinkLocalAddress
                0x0008f274       0x27 /cygdrive/c/Jennic/Components/Library/lib6LP_JN516x.a(eui.o)
                0x0008f274                _i6LP_DefCreateLinkLocalAddress
 .text.i6LP_DefGetOwnDeviceAddress
                0x0008f29b       0x45 /cygdrive/c/Jennic/Components/Library/lib6LP_JN516x.a(eui.o)
                0x0008f29b                _i6LP_DefGetOwnDeviceAddress
 .text.u16_6LP_DefGetSizeOfIPv6Record
                0x0008f2e0       0x16 /cygdrive/c/Jennic/Components/Library/lib6LP_JN516x.a(ipv6buffer.o)
                0x0008f2e0                _u16_6LP_DefGetSizeOfIPv6Record