Archive member included because of file (symbol)

/cygdrive/c/Jennic/Components/Library/libDBG_JN516x.a(dbg.o)
                              DeviceRouter.o (_dbg_vPrintfImplNoneVerbose)
/cygdrive/c/Jennic/Components/Library/libDBG_JN516x.a(dbg_uart.o)
                              DeviceRouter.o (_DBG_vUartInit)
/cygdrive/c/Jennic/Components/Library/libPDM_EEPROM_JN516x.a(PDM.o)
                              MibNwkProfile.o (_PDM_vSaveRecord)
/cygdrive/c/Jennic/Components/Library/libPDM_EEPROM_JN516x.a(PDM_Create.o)
                              /cygdrive/c/Jennic/Components/Library/libPDM_EEPROM_JN516x.a(PDM.o) (_iPDM_CreateFileSystemInRAM)
/cygdrive/c/Jennic/Components/Library/libPDM_EEPROM_JN516x.a(PDM_EEPROM.o)
                              AHI_EEPROM.o (_bPDM_InitialiseEEPROM)
/cygdrive/c/Jennic/Components/Library/libPDM_EEPROM_JN516x.a(PDM_EEPROMsegmentStatus.o)
                              /cygdrive/c/Jennic/Components/Library/libPDM_EEPROM_JN516x.a(PDM_Create.o) (_bPDM_DoesEEPROMsegmentContainFileSystemHeader)
/cygdrive/c/Jennic/Components/Library/libPDM_EEPROM_JN516x.a(PDM_ExtendedAPI.o)
                              /cygdrive/c/Jennic/Components/Library/libPDM_EEPROM_JN516x.a(PDM.o) (_PDM_eReLoadRecord)
/cygdrive/c/Jennic/Components/Library/libPDM_EEPROM_JN516x.a(PDM_FileSystem.o)
                              /cygdrive/c/Jennic/Components/Library/libPDM_EEPROM_JN516x.a(PDM.o) (_u8PDM_CalculateSegmentsRequired)
/cygdrive/c/Jennic/Components/Library/libPDM_EEPROM_JN516x.a(PDM_FileSystemData.o)
                              /cygdrive/c/Jennic/Components/Library/libPDM_EEPROM_JN516x.a(PDM_ExtendedAPI.o) (_iPDM_ReadDataWithIdFromFileSystem)
/cygdrive/c/Jennic/Components/Library/libPDM_EEPROM_JN516x.a(PDM_FileSystemDelete.o)
                              /cygdrive/c/Jennic/Components/Library/libPDM_EEPROM_JN516x.a(PDM.o) (_vPDM_DeleteSegmentsWithIdFromFileSystem)
/cygdrive/c/Jennic/Components/Library/libPDM_EEPROM_JN516x.a(PDM_FileSystemGenerate.o)
                              /cygdrive/c/Jennic/Components/Library/libPDM_EEPROM_JN516x.a(PDM_Create.o) (_vPDM_GenerateFileSystemInRAM)
/cygdrive/c/Jennic/Components/Library/libPDM_EEPROM_JN516x.a(PDM_FileSystemMove.o)
                              /cygdrive/c/Jennic/Components/Library/libPDM_EEPROM_JN516x.a(PDM_FileSystemGenerate.o) (_vPDM_MoveFileRecordFromListToList)
/cygdrive/c/Jennic/Components/Library/libPDM_EEPROM_JN516x.a(PDM_FileSystemVerify.o)
                              /cygdrive/c/Jennic/Components/Library/libPDM_EEPROM_JN516x.a(PDM_FileSystemGenerate.o) (_iPDM_VerifyDataSequenceWithBufferId)
/cygdrive/c/Jennic/Components/Library/libPDM_EEPROM_JN516x.a(PDM_FileSystemVerifyAndRepair.o)
                              /cygdrive/c/Jennic/Components/Library/libPDM_EEPROM_JN516x.a(PDM_EEPROMsegmentStatus.o) (_iPDM_DetectFileSystemRecordMagicNumber)
/cygdrive/c/Jennic/Components/Library/libPDM_EEPROM_JN516x.a(PDM_ImageBitmapReconstruct.o)
                              /cygdrive/c/Jennic/Components/Library/libPDM_EEPROM_JN516x.a(PDM_FileSystemGenerate.o) (_iPDM_ReconstructValidImageBitmap)
/cygdrive/c/Jennic/Components/Library/libPDM_EEPROM_JN516x.a(PDM_SearchAndListOrder.o)
                              /cygdrive/c/Jennic/Components/Library/libPDM_EEPROM_JN516x.a(PDM_FileSystemDelete.o) (_iPDM_SearchForSpecificSegmentInList)
/cygdrive/c/Jennic/Components/Library/libPDM_EEPROM_JN516x.a(PDM_Segment.o)
                              /cygdrive/c/Jennic/Components/Library/libPDM_EEPROM_JN516x.a(PDM_FileSystemData.o) (_iPDM_WriteSegmentHeaderAndData)
/cygdrive/c/Jennic/Components/Library/libPDM_EEPROM_JN516x.a(PDM_SegmentData.o)
                              /cygdrive/c/Jennic/Components/Library/libPDM_EEPROM_JN516x.a(PDM_Segment.o) (_iPDM_WriteUserDataIntoSegment)
/cygdrive/c/Jennic/Components/Library/libPDM_EEPROM_JN516x.a(PDM_SegmentReplace.o)
                              /cygdrive/c/Jennic/Components/Library/libPDM_EEPROM_JN516x.a(PDM_FileSystemGenerate.o) (_iPDM_ReconstructReplacedDataTable)
/cygdrive/c/Jennic/Components/Library/libPDM_EEPROM_JN516x.a(PDM_SegmentSequenceExtend.o)
                              /cygdrive/c/Jennic/Components/Library/libPDM_EEPROM_JN516x.a(PDM_ExtendedAPI.o) (_iPDM_AppendDataToSegmentSequence)
/cygdrive/c/Jennic/Components/Library/libPDM_EEPROM_JN516x.a(PDM_SegmentSequenceExtendDelete.o)
                              /cygdrive/c/Jennic/Components/Library/libPDM_EEPROM_JN516x.a(PDM_FileSystemData.o) (_bPDM_IsSequenceAppended)
/cygdrive/c/Jennic/Components/Library/libPDM_EEPROM_JN516x.a(PDM_SegmentSequenceExtendReconstruct.o)
                              /cygdrive/c/Jennic/Components/Library/libPDM_EEPROM_JN516x.a(PDM_FileSystemGenerate.o) (_iPDM_ReconstructExtendedSegmentSequence)
/cygdrive/c/Jennic/Components/Library/libPDM_EEPROM_JN516x.a(PDM_SegmentSequencePartialRead.o)
[...]
Memory Configuration

Name             Origin             Length             Attributes
flash            0x00080000         0x00040000
ram              0x0400004c         0x00007fb4
*default*        0x00000000         0xffffffff

Linker script and memory map

                0x08011199                OND_DEV_TYPE = 0x8011199
                0x00001430                OND_CHIPSET = 0x1430
                0x0000f05b                OND_REVISION = 0xf05b
START GROUP
LOAD Printf.o
LOAD DeviceRouter.o
LOAD Exception.o
LOAD Security.o
LOAD AHI_EEPROM.o
LOAD MibGroupDec.o
LOAD MibNodeDec.o
LOAD MibNodeStatusDec.o
LOAD MibNodeControlDec.o
LOAD MibNwkStatusDec.o
LOAD MibNwkConfigDec.o
LOAD MibNwkConfigPatch.o
LOAD MibNwkProfileDec.o
LOAD MibNwkProfile.o
LOAD MibNwkSecurityDec.o
LOAD MibNwkSecurityPatch.o
LOAD MibDioControlDec.o
LOAD MibDioControl.o
LOAD Uart.o
LOAD /cygdrive/c/Jennic/Components/Library/libDBG_JN516x.a
LOAD /cygdrive/c/Jennic/Components/Library/libRecal_JN516x.a
LOAD /cygdrive/c/Jennic/Components/Library/libPDM_EEPROM_JN516x.a
LOAD /cygdrive/c/Jennic/Components/Library/libJIP_JN516x.a
LOAD /cygdrive/c/Jennic/Components/Library/libJenNet_JN516x.a
LOAD /cygdrive/c/Jennic/Components/Library/lib6LP_JN516x.a
LOAD /cygdrive/c/Jennic/Components/Library/libAppApi_JN516x.a
LOAD /cygdrive/c/Jennic/Components/Library/libMac_JN516x.a
LOAD /cygdrive/c/Jennic/Components/Library/libTof_JN516x.a
LOAD /cygdrive/c/Jennic/Components/Library/libXcv_JN516x.a
LOAD /cygdrive/c/Jennic/Components/Library/libAES_CCM_SW_PATCH_JN516x.a
LOAD /cygdrive/c/Jennic/Components/Library/libAes_JN516x.a
LOAD /cygdrive/c/Jennic/Components/Library/libTimerServer_JN516x.a
LOAD /cygdrive/c/Jennic/Components/Library/libHardwareApi_JN516x.a
LOAD /cygdrive/c/Jennic/Components/Library/libMicroSpecific_JN516x.a
LOAD /cygdrive/c/Jennic/Components/Library/libBoot_JN516x.a
LOAD /cygdrive/c/Jennic/Components/Library/libMaths_JN516x.a
LOAD /cygdrive/c/Jennic/Components/Library/libPDM_EEPROM_JN516x.a
LOAD /cygdrive/c/Jennic/Platform/DK4/Library/libBoardLib_JN516x.a
LOAD /cygdrive/c/Jennic/Application/BOCCN-JenNet-IP-AppTemplate_dong/MibCommon/Build/libMibCommon_JN516x_DEBUG.a
END GROUP
LOAD /cygdrive/c/Jennic/Tools/ba-elf-ba2/bin/../lib/gcc/ba-elf/4.1.2/ba2/libgcc.a
LOAD /cygdrive/c/Jennic/Tools/ba-elf-ba2/bin/../lib/gcc/ba-elf/4.1.2/../../../../ba-elf/lib/ba2/libc.a
LOAD /cygdrive/c/Jennic/Tools/ba-elf-ba2/bin/../lib/gcc/ba-elf/4.1.2/ba2/libgcc.a
                0x00000800                _stack_size = 0x800
                0x00003340                _minimum_heap_size = 0x3340
                0x00080038                __exception_vsr_table = 0x80038
                0x04000000                _pSPIflashFncTable = 0x4000000
                0x00000800                _stack_size = 0x800
                0x00003340                _minimum_heap_size = 0x3340
                0x00000044                restore_state = 0x44
                0x0000004a                _bZSPIWaitWIPClear = 0x4a
                0x00000050                _u16ZSPIflashRDID = 0x50
                0x00000056                _u8SelectFlashChipType = 0x56
                0x0000005c                _memcpy = 0x5c
                0x00000066                _vBootFlashProg = 0x66
                [0x00003340]                _minimum_heap_size = DEFINED (_minimum_heap_size)?_minimum_heap_size:0xd16
                0x00000000                _SwConfig = (DEFINED (g_bSWConf_Debug) | (DEFINED (g_bSWConf_AltDebugPort) << 0x1))

.version        0x0007fffc        0x4
                0x0007fffc        0x4 LONG 0x7030008

.bir            0x00080000       0x10
                0x00080000                _flash_start = <code 342> (.)
                0x00080000                _flash_beg = <code 342> (.)
                0x00080000        0x4 LONG 0x12345678
                0x00080004        0x4 LONG 0x11223344
                0x00080008        0x4 LONG 0x55667788
                0x0008000c        0x1 BYTE 0x8
                0x0008000d        0x1 BYTE 0x1
                0x0008000e        0x2 SHORT 0x0

.flashheader    0x00080010       0x28
                0x00080010        0x4 LONG 0x0
                0x00080014        0x4 LONG 0x0
                0x00080018        0x4 LONG 0x0
                0x0008001c        0x2 SHORT 0x0
                0x0008001e        0x2 SHORT 0x0 <code 342> (_SwConfig)
                0x00080020                _enc_start = <code 342> (.)
                0x00080020        0x4 LONG 0x1b728 <code 342> (_image_len)
                0x00000000                _enc_offset = (_enc_start & 0xf)
                [0x00000020]                _enc_start = (_enc_start - _flash_beg)
                0x00080024        0x4 LONG 0x9b440 <code 342> (_flash_data_start)
                0x00080028        0x2 SHORT 0x13 ((<code 342> (_ram_data_start) / 0x4) & 0xffff)
                0x0008002a        0x2 SHORT 0xba ((<code 342> (_ram_data_len) / 0x4) & 0xffff)
                0x0008002c        0x2 SHORT 0xcd ((<code 342> (_bss_start) / 0x4) & 0xffff)
                0x0008002e        0x2 SHORT 0x3e9 ((<code 342> (_bss_len) / 0x4) & 0xffff)
                0x00080030        0x4 LONG 0x816b5 <code 342> (_AppWarmStart)
                0x00080034        0x4 LONG 0x816bd <code 342> (_AppColdStart)
                0x00000044                PROVIDE (_vException_BusError, restore_state)
                0x00000044                PROVIDE (_vException_UnalignedAccess, restore_state)
                0x00000044                PROVIDE (_vException_IllegalInstruction, restore_state)
                0x00000044                PROVIDE (_vException_SysCall, restore_state)
                0x00000044                PROVIDE (_vException_Trap, restore_state)
                0x00000044                PROVIDE (_vException_StackOverflow, restore_state)
                0x00080038                . = <code 342> (__exception_vsr_table)

.vsr_table      0x00080038       0x18
                0x00080038        0x4 LONG 0x818c1 <code 342> (_vException_BusError)
                0x0008003c        0x4 LONG 0x818b9 <code 342> (_vException_UnalignedAccess)
                0x00080040        0x4 LONG 0x818b1 <code 342> (_vException_IllegalInstruction)
                0x00080044        0x4 LONG 0x44 <code 342> (_vException_SysCall)
                0x00080048        0x4 LONG 0x818a1 <code 342> (_vException_Trap)
                0x0008004c        0x4 LONG 0x818a9 <code 342> (_vException_StackOverflow)

.vsr_handlers   0x00080050       0xab
 *(.vsr_handlers)
 .vsr_handlers  0x00080050       0xab /cygdrive/c/Jennic/Components/Library/libBoot_JN516x.a(ExceptionHandler.o)
                0x00080050                __exception_external_interrupt
                0x000800f9                __default_vsr_dummy

.rodata         0x000800fc      0x9fe
 *(.rodata*)
 .rodata.str1.1
                0x000800fc      0x420 DeviceRouter.o
                                0x427 (size before relaxing)
 .rodata.str1.1
                0x0008051c       0x42 Exception.o
 .rodata.str1.1
                0x0008055e       0x1e MibDioControlDec.o
 .rodata.hMibDioControl
                0x0008057c        0x4 MibDioControlDec.o
                0x0008057c                _hMibDioControl
 .rodata.sDioControlDefMibDef
                0x00080580       0x1c MibDioControlDec.o
 .rodata.str1.1
                0x0008059c       0x59 MibDioControl.o
 .rodata.str1.1
                0x000805f5       0x16 /cygdrive/c/Jennic/Components/Library/libDBG_JN516x.a(dbg.o)
                                 0x17 (size before relaxing)
 .rodata.au8SpeedCodeToEepromClkDivisors
                0x0008060b        0x8 /cygdrive/c/Jennic/Components/Library/libPDM_EEPROM_JN516x.a(PDM_EEPROM.o)
 .rodata.str1.1
                0x00080613       0x69 /cygdrive/c/Jennic/Components/Library/libJIP_JN516x.a(JIP_MIB_Network.o)
 .rodata.sNetworkMibDef
                0x0008067c       0x58 /cygdrive/c/Jennic/Components/Library/libJIP_JN516x.a(JIP_MIB_Network.o)
 .rodata.str1.1
                0x000806d4       0x25 /cygdrive/c/Jennic/Components/Library/libJIP_JN516x.a(JIP_MIB_Node.o)
                                 0x2d (size before relaxing)
 *fill*         0x000806f9        0x3 00
 .rodata.sNodeMibDef
                0x000806fc       0x30 /cygdrive/c/Jennic/Components/Library/libJIP_JN516x.a(JIP_MIB_Node.o)
 .rodata.str1.1
                0x0008072c       0x21 /cygdrive/c/Jennic/Components/Library/libJIP_JN516x.a(JIP_MIB_Groups.o)
                                 0x28 (size before relaxing)
 *fill*         0x0008074d        0x3 00
 .rodata.sGroupsMibDef
                0x00080750       0x30 /cygdrive/c/Jennic/Components/Library/libJIP_JN516x.a(JIP_MIB_Groups.o)
 .rodata.str1.1
                0x00080780       0x38 /cygdrive/c/Jennic/Components/Library/libJIP_JN516x.a(JIP_MIB_OND.o)
 .rodata.sONDMibDef
                0x000807b8       0x44 /cygdrive/c/Jennic/Components/Library/libJIP_JN516x.a(JIP_MIB_OND.o)
 .rodata.str1.1
                0x000807fc        0xc /cygdrive/c/Jennic/Components/Library/libJIP_JN516x.a(JIP_MIB_Device.o)
                                 0x15 (size before relaxing)
 .rodata.sDeviceIDMibDef
                0x00080808       0x1c /cygdrive/c/Jennic/Components/Library/libJIP_JN516x.a(JIP_MIB_Device.o)
 .rodata.au8DefaultKeySource
                0x00080824        0x8 /cygdrive/c/Jennic/Components/Library/libJenNet_JN516x.a(Sec2006.o)
 .rodata.au86LP_HC.5834
                0x0008082c        0x4 /cygdrive/c/Jennic/Components/Library/libJenNet_JN516x.a(LowEnergySupport.o)
 .rodata.au8EventTable
                0x00080830       0x50 /cygdrive/c/Jennic/Components/Library/libJenNet_JN516x.a(JenNet_OND.o)
 .rodata.aprEventHandler
                0x00080880       0x2c /cygdrive/c/Jennic/Components/Library/libJenNet_JN516x.a(JenNet_OND.o)
 .rodata.sBroadcastAddr
                0x000808ac        0x8 /cygdrive/c/Jennic/Components/Library/libJenNet_JN516x.a(JenNet_OND.o)
 .rodata.sUnknownMacAddr
                0x000808b4        0x8 /cygdrive/c/Jennic/Components/Library/libJenNet_JN516x.a(JenNet_OND.o)
 .rodata.au8TreeBeaconPayload.5611
                0x000808bc        0x3 /cygdrive/c/Jennic/Components/Library/lib6LP_JN516x.a(NetworkFormationTree.o)
 *fill*         0x000808bf        0x1 00
 .rodata.sLinkLocalPrefix
                0x000808c0        0x8 /cygdrive/c/Jennic/Components/Library/lib6LP_JN516x.a(eui.o)
 .rodata.au8DestAddr.5797
                0x000808c8       0x10 /cygdrive/c/Jennic/Components/Library/lib6LP_JN516x.a(groupcast.o)
 .rodata.s_sPibInit
                0x000808d8       0x18 /cygdrive/c/Jennic/Components/Library/libMac_JN516x.a(mac_pib_mlme.o)
 .rodata.aeXcvPhyEvtToScanEvt.4240
                0x000808f0       0x18 /cygdrive/c/Jennic/Components/Library/libMac_JN516x.a(mac_scan.o)
 .rodata.aeXcvBbcEvtToScanEvt.4230
                0x00080908        0xa /cygdrive/c/Jennic/Components/Library/libMac_JN516x.a(mac_scan.o)
 .rodata.s_atScanEvtST
                0x00080912       0x31 /cygdrive/c/Jennic/Components/Library/libMac_JN516x.a(mac_scan.o)
 *fill*         0x00080943        0x1 00
 .rodata.s_aprScanHandleEvt
                0x00080944       0x30 /cygdrive/c/Jennic/Components/Library/libMac_JN516x.a(mac_scan.o)
 .rodata.psTAMcontext
                0x00080974        0x4 /cygdrive/c/Jennic/Components/Library/libMac_JN516x.a(TAM.o)
                0x00080974                _psTAMcontext
 .rodata.psTamMacContext
                0x00080978        0x4 /cygdrive/c/Jennic/Components/Library/libMac_JN516x.a(TAM.o)
                0x00080978                _psTamMacContext
 .rodata.psTamXcvContext
                0x0008097c        0x4 /cygdrive/c/Jennic/Components/Library/libMac_JN516x.a(TAM.o)
                0x0008097c                _psTamXcvContext
 .rodata.au8XcvToTAMevent.4757
                0x00080980        0xa /cygdrive/c/Jennic/Components/Library/libMac_JN516x.a(TAM.o)
 .rodata.au8HeaderSize.4215
                0x0008098a        0xe /cygdrive/c/Jennic/Components/Library/libMac_JN516x.a(TAMcommon.o)
 .rodata.apvActionCalls
                0x00080998       0x88 /cygdrive/c/Jennic/Components/Library/libMac_JN516x.a(TAMevent.o)
                0x00080998                _apvActionCalls
 .rodata.au8StateActions
                0x00080a20       0x8c /cygdrive/c/Jennic/Components/Library/libMac_JN516x.a(TAMevent.o)
                0x00080a20                _au8StateActions
 .rodata.au8SizeInc.4433
                0x00080aac        0x9 /cygdrive/c/Jennic/Components/Library/libMac_JN516x.a(TAMsecurity.o)
 .rodata.au8MICLenLUT.3714
                0x00080ab5        0x4 /cygdrive/c/Jennic/Components/Library/libMac_JN516x.a(TAMsecurity.o)
 .rodata.au8dataSizeTable
                0x00080ab9        0xd /cygdrive/c/Jennic/Components/Library/libAes_JN516x.a(AEScoprocessorAPI.o)
                0x00080ab9                _au8dataSizeTable
 .rodata.au8FlashWaitStates32MXO
                0x00080ac6        0x8 /cygdrive/c/Jennic/Components/Library/libHardwareApi_JN516x.a(AHI_System.o)
 .rodata.au8FlashWaitStatesHSRCO
                0x00080ace        0x8 /cygdrive/c/Jennic/Components/Library/libHardwareApi_JN516x.a(AHI_System.o)
 *fill*         0x00080ad6        0x2 00
 .rodata.au32TimerBaseAddress
                0x00080ad8       0x14 /cygdrive/c/Jennic/Components/Library/libHardwareApi_JN516x.a(AHI_Timer.o)
 .rodata.au32UartAddrOffset
                0x00080aec        0x8 /cygdrive/c/Jennic/Components/Library/libHardwareApi_JN516x.a(AHI_Uart.o)
                0x00080aec                _au32UartAddrOffset
 .rodata.au8ClockDivisor.3223
                0x00080af4        0x6 /cygdrive/c/Jennic/Components/Library/libHardwareApi_JN516x.a(AHI_Uart.o)

.text           0x00080afc    0x1a943
 *(.text*)
 .text.vInitPrintf
                0x00080afc        0x9 Printf.o
                0x00080afc                _vInitPrintf
 .text.vNum2String
                0x00080b05       0x59 Printf.o
 .text.vPrintf  0x00080b5e      0x158 Printf.o
                0x00080b5e                _vPrintf
 .text.vJIP_Remote_SetResponse
                0x00080cb6       0x34 DeviceRouter.o
                0x00080cb6                _vJIP_Remote_SetResponse
 .text.vJIP_Remote_DataSent
                0x00080cea       0x15 DeviceRouter.o
                0x00080cea                _vJIP_Remote_DataSent
 .text.Node_eJipInit
                0x00080cff       0xf4 DeviceRouter.o
                0x00080cff                _Node_eJipInit
 .text.SendDataToRemote
                0x00080df3       0xae DeviceRouter.o
 .text.v6LP_PeripheralEvent
                0x00080ea1      0x26b DeviceRouter.o
                0x00080ea1                _v6LP_PeripheralEvent
 .text.vJIP_StackEvent
                0x0008110c      0x23c DeviceRouter.o
                0x0008110c                _vJIP_StackEvent
 .text.vPutChar
                0x00081348       0x32 DeviceRouter.o
 *fill*         0x0008137a        0x2 00
 .text.v6LP_DataEvent
                0x0008137c      0x188 DeviceRouter.o
                0x0008137c                _v6LP_DataEvent
 .text.v6LP_ConfigureNetwork
                0x00081504       0x5c DeviceRouter.o
                0x00081504                _v6LP_ConfigureNetwork
 .text.Device_vInit
                0x00081560      0x155 DeviceRouter.o
                0x00081560                _Device_vInit
 .text.AppWarmStart
                0x000816b5        0x8 DeviceRouter.o
                0x000816b5                _AppWarmStart
 .text.AppColdStart
                0x000816bd        0x8 DeviceRouter.o
                0x000816bd                _AppColdStart
 .text.Exception_vInit
                0x000816c5       0x59 Exception.o
                0x000816c5                _Exception_vInit
 .text.vException
                0x0008171e      0x183 Exception.o
 .text.vException_Trap
                0x000818a1        0x8 Exception.o
                0x000818a1                _vException_Trap
 .text.vException_StackOverflow
                0x000818a9        0x8 Exception.o
                0x000818a9                _vException_StackOverflow
 .text.vException_IllegalInstruction
                0x000818b1        0x8 Exception.o
                0x000818b1                _vException_IllegalInstruction
 .text.vException_UnalignedAccess
                0x000818b9        0x8 Exception.o
                0x000818b9                _vException_UnalignedAccess
 .text.vException_BusError
                0x000818c1        0x8 Exception.o
                0x000818c1                _vException_BusError
 .text.pvHeapAllocOverflowProtect
                0x000818c9       0x39 Exception.o
 .text.MibDioControl_eSetOutputOff
                0x00081902       0x21 MibDioControl.o
                0x00081902                _MibDioControl_eSetOutputOff
 .text.MibDioControl_eSetOutputOn
                0x00081923       0x23 MibDioControl.o
                0x00081923                _MibDioControl_eSetOutputOn
 .text.MibDioControl_vRegister
                0x00081946       0x31 MibDioControl.o
                0x00081946                _MibDioControl_vRegister
 .text.MibDioControl_vInit
                0x00081977       0x25 MibDioControl.o
                0x00081977                _MibDioControl_vInit
 .text.DBG_vReset
                0x0008199c       0x12 /cygdrive/c/Jennic/Components/Library/libDBG_JN516x.a(dbg.o)
                0x0008199c                _DBG_vReset
 .text.DBG_vInit
                0x000819ae       0x2d /cygdrive/c/Jennic/Components/Library/libDBG_JN516x.a(dbg.o)
                0x000819ae                _DBG_vInit
 .text.vWriteUIntToBuffer
                0x000819db       0x8d /cygdrive/c/Jennic/Components/Library/libDBG_JN516x.a(dbg.o)
 .text.vNewLine
                0x00081a68       0x8a /cygdrive/c/Jennic/Components/Library/libDBG_JN516x.a(dbg.o)
 .text.pccHandlePlaceHolder
                0x00081af2      0x419 /cygdrive/c/Jennic/Components/Library/libDBG_JN516x.a(dbg.o)
 .text.dbg_vPrintfImplMain
                0x00081f0b       0x8b /cygdrive/c/Jennic/Components/Library/libDBG_JN516x.a(dbg.o)
                0x00081f0b                _dbg_vPrintfImplMain
 .text.dbg_vPrintfImplNoneVerbose
                0x00081f96       0x39 /cygdrive/c/Jennic/Components/Library/libDBG_JN516x.a(dbg.o)
                0x00081f96                _dbg_vPrintfImplNoneVerbose
 .text.DBG_vUartFailedAssert
                0x00081fcf       0x14 /cygdrive/c/Jennic/Components/Library/libDBG_JN516x.a(dbg_uart.o)
                0x00081fcf                _DBG_vUartFailedAssert
 .text.DBG_vUartFlush
                0x00081fe3       0x18 /cygdrive/c/Jennic/Components/Library/libDBG_JN516x.a(dbg_uart.o)
                0x00081fe3                _DBG_vUartFlush
 .text.DBG_vUartPutch
                0x00081ffb       0x29 /cygdrive/c/Jennic/Components/Library/libDBG_JN516x.a(dbg_uart.o)
                0x00081ffb                _DBG_vUartPutch
 .text.DBG_vUartInitHardware
                0x00082024       0x44 /cygdrive/c/Jennic/Components/Library/libDBG_JN516x.a(dbg_uart.o)
                0x00082024                _DBG_vUartInitHardware
 .text.DBG_vUartInit
                0x00082068       0x94 /cygdrive/c/Jennic/Components/Library/libDBG_JN516x.a(dbg_uart.o)
                0x00082068                _DBG_vUartInit
 .text.PDM_vInit
                0x000820fc       0x4f /cygdrive/c/Jennic/Components/Library/libPDM_EEPROM_JN516x.a(PDM.o)
                0x000820fc                _PDM_vInit
 .text.iPDM_CreateFileSystemInRAM
                0x0008214b      0x126 /cygdrive/c/Jennic/Components/Library/libPDM_EEPROM_JN516x.a(PDM_Create.o)
                0x0008214b                _iPDM_CreateFileSystemInRAM
 .text.bPDM_InitialiseEEPROM
                0x00082271       0x4d /cygdrive/c/Jennic/Components/Library/libPDM_EEPROM_JN516x.a(PDM_EEPROM.o)
                0x00082271                _bPDM_InitialiseEEPROM
 .text.vPDM_WriteEEPROMfixSegmentData
                0x000822be       0x3e /cygdrive/c/Jennic/Components/Library/libPDM_EEPROM_JN516x.a(PDM_EEPROM.o)
                0x000822be                _vPDM_WriteEEPROMfixSegmentData
 .text.bPDM_DoesEEPROMsegmentContainFileSystemHeader
                0x000822fc       0x23 /cygdrive/c/Jennic/Components/Library/libPDM_EEPROM_JN516x.a(PDM_EEPROMsegmentStatus.o)
                0x000822fc                _bPDM_DoesEEPROMsegmentContainFileSystemHeader
 .text.bPDM_IsEEPROMsegmentErased
                0x0008231f       0x46 /cygdrive/c/Jennic/Components/Library/libPDM_EEPROM_JN516x.a(PDM_EEPROMsegmentStatus.o)
                0x0008231f                _bPDM_IsEEPROMsegmentErased
 .text.vPDM_CheckAndInitialiseEEPROMsegments
                0x00082365       0x34 /cygdrive/c/Jennic/Components/Library/libPDM_EEPROM_JN516x.a(PDM_EEPROMsegmentStatus.o)
                0x00082365                _vPDM_CheckAndInitialiseEEPROMsegments
 .text.u8PDM_CalculateFileSystemCapacity
                0x00082399       0x27 /cygdrive/c/Jennic/Components/Library/libPDM_EEPROM_JN516x.a(PDM_FileSystem.o)
                0x00082399                _u8PDM_CalculateFileSystemCapacity
 .text.u8PDM_GetFileSystemOccupancy
                0x000823c0       0x1b /cygdrive/c/Jennic/Components/Library/libPDM_EEPROM_JN516x.a(PDM_FileSystem.o)
                0x000823c0                _u8PDM_GetFileSystemOccupancy
 .text.vPDM_CreateFileSystemHeader
                0x000823db       0x4e /cygdrive/c/Jennic/Components/Library/libPDM_EEPROM_JN516x.a(PDM_FileSystem.o)
                0x000823db                _vPDM_CreateFileSystemHeader
 .text.iPDM_GetFileSystemBuffer
                0x00082429       0x43 /cygdrive/c/Jennic/Components/Library/libPDM_EEPROM_JN516x.a(PDM_FileSystem.o)
                0x00082429                _iPDM_GetFileSystemBuffer
 .text.iPDM_SearchForSequenceIdOnAllocList
                0x0008246c       0x1d /cygdrive/c/Jennic/Components/Library/libPDM_EEPROM_JN516x.a(PDM_FileSystemGenerate.o)
 *fill*         0x00082489        0x3 00
 .text.vPDM_GenerateFileSystemInRAM
                0x0008248c      0x3b0 /cygdrive/c/Jennic/Components/Library/libPDM_EEPROM_JN516x.a(PDM_FileSystemGenerate.o)
                0x0008248c                _vPDM_GenerateFileSystemInRAM
 .text.vPDM_GenerateCleanFileSystem
                0x0008283c       0x7b /cygdrive/c/Jennic/Components/Library/libPDM_EEPROM_JN516x.a(PDM_FileSystemGenerate.o)
                0x0008283c                _vPDM_GenerateCleanFileSystem
 .text.vPDM_MoveFileRecordFromListToList
                0x000828b7       0x25 /cygdrive/c/Jennic/Components/Library/libPDM_EEPROM_JN516x.a(PDM_FileSystemMove.o)
                0x000828b7                _vPDM_MoveFileRecordFromListToList
 .text.vPDM_MoveRecordToDeAllocList
                0x000828dc       0x23 /cygdrive/c/Jennic/Components/Library/libPDM_EEPROM_JN516x.a(PDM_FileSystemMove.o)
                0x000828dc                _vPDM_MoveRecordToDeAllocList
 .text.vPDM_MoveAllDataFromListToList
                0x000828ff       0x4e /cygdrive/c/Jennic/Components/Library/libPDM_EEPROM_JN516x.a(PDM_FileSystemMove.o)
                0x000828ff                _vPDM_MoveAllDataFromListToList
 .text.vPDM_MoveAllDataWithBufferIdAndStateFromListToList
                0x0008294d       0x9e /cygdrive/c/Jennic/Components/Library/libPDM_EEPROM_JN516x.a(PDM_FileSystemMove.o)
                0x0008294d                _vPDM_MoveAllDataWithBufferIdAndStateFromListToList
 .text.vPDM_MoveAllDataToDeAllocList
                0x000829eb       0x2b /cygdrive/c/Jennic/Components/Library/libPDM_EEPROM_JN516x.a(PDM_FileSystemMove.o)
                0x000829eb                _vPDM_MoveAllDataToDeAllocList
 .text.vPDM_MoveAllDataWithBufferIdFromListToList
                0x00082a16       0x93 /cygdrive/c/Jennic/Components/Library/libPDM_EEPROM_JN516x.a(PDM_FileSystemMove.o)
                0x00082a16                _vPDM_MoveAllDataWithBufferIdFromListToList
 .text.iPDM_SelectValidFileRecordInstance
                0x00082aa9      0x137 /cygdrive/c/Jennic/Components/Library/libPDM_EEPROM_JN516x.a(PDM_FileSystemVerify.o)
 .text.iPDM_VerifyDataSequenceWithBufferId
                0x00082be0       0x9d /cygdrive/c/Jennic/Components/Library/libPDM_EEPROM_JN516x.a(PDM_FileSystemVerify.o)
                0x00082be0                _iPDM_VerifyDataSequenceWithBufferId
 .text.iPDM_DetectFileSystemRecordMagicNumber
                0x00082c7d       0x27 /cygdrive/c/Jennic/Components/Library/libPDM_EEPROM_JN516x.a(PDM_FileSystemVerifyAndRepair.o)
                0x00082c7d                _iPDM_DetectFileSystemRecordMagicNumber
 .text.iPDM_VerifyFileSystemRecord
                0x00082ca4       0x24 /cygdrive/c/Jennic/Components/Library/libPDM_EEPROM_JN516x.a(PDM_FileSystemVerifyAndRepair.o)
                0x00082ca4                _iPDM_VerifyFileSystemRecord
 .text.iPDM_RepairFileSystemRecord
                0x00082cc8       0x8c /cygdrive/c/Jennic/Components/Library/libPDM_EEPROM_JN516x.a(PDM_FileSystemVerifyAndRepair.o)
                0x00082cc8                _iPDM_RepairFileSystemRecord
 .text.iPDM_SetVerifyBytesInFileSystemRecord
                0x00082d54       0x72 /cygdrive/c/Jennic/Components/Library/libPDM_EEPROM_JN516x.a(PDM_FileSystemVerifyAndRepair.o)
                0x00082d54                _iPDM_SetVerifyBytesInFileSystemRecord
 .text.bPDM_ImageBitmapRepairCheck
                0x00082dc6       0x26 /cygdrive/c/Jennic/Components/Library/libPDM_EEPROM_JN516x.a(PDM_ImageBitmapReconstruct.o)
                0x00082dc6                _bPDM_ImageBitmapRepairCheck
 .text.iPDM_ReconstructValidImageBitmap
                0x00082dec      0x1a0 /cygdrive/c/Jennic/Components/Library/libPDM_EEPROM_JN516x.a(PDM_ImageBitmapReconstruct.o)
                0x00082dec                _iPDM_ReconstructValidImageBitmap
 .text.boIdValueSearchMatch
                0x00082f8c       0x4e /cygdrive/c/Jennic/Components/Library/libPDM_EEPROM_JN516x.a(PDM_SearchAndListOrder.o)
 .text.boSearchForWearCountInsertPoint
                0x00082fda       0x18 /cygdrive/c/Jennic/Components/Library/libPDM_EEPROM_JN516x.a(PDM_SearchAndListOrder.o)
 .text.iPDM_SearchForSpecificSegmentInList
                0x00082ff2       0x3c /cygdrive/c/Jennic/Components/Library/libPDM_EEPROM_JN516x.a(PDM_SearchAndListOrder.o)
                0x00082ff2                _iPDM_SearchForSpecificSegmentInList
 .text.iPDM_SearchForBufferIdInList
                0x0008302e       0x3f /cygdrive/c/Jennic/Components/Library/libPDM_EEPROM_JN516x.a(PDM_SearchAndListOrder.o)
                0x0008302e                _iPDM_SearchForBufferIdInList
 .text.iPDM_SearchForBufferIdInFileSystem
                0x0008306d       0x17 /cygdrive/c/Jennic/Components/Library/libPDM_EEPROM_JN516x.a(PDM_SearchAndListOrder.o)
                0x0008306d                _iPDM_SearchForBufferIdInFileSystem
 .text.vPDM_AddFileSystemElementToListInAscendingWearCountOrder
                0x00083084       0x4a /cygdrive/c/Jennic/Components/Library/libPDM_EEPROM_JN516x.a(PDM_SearchAndListOrder.o)
                0x00083084                _vPDM_AddFileSystemElementToListInAscendingWearCountOrder
 .text.iPDM_WriteSegmentHeaderAndData
                0x000830ce       0xb1 /cygdrive/c/Jennic/Components/Library/libPDM_EEPROM_JN516x.a(PDM_Segment.o)
                0x000830ce                _iPDM_WriteSegmentHeaderAndData
 .text.iPDM_SegmentCopyAndAppendData
                0x0008317f       0x9e /cygdrive/c/Jennic/Components/Library/libPDM_EEPROM_JN516x.a(PDM_Segment.o)
                0x0008317f                _iPDM_SegmentCopyAndAppendData
 .text.iPDM_WriteUserDataIntoSegment
                0x0008321d       0x46 /cygdrive/c/Jennic/Components/Library/libPDM_EEPROM_JN516x.a(PDM_SegmentData.o)
                0x0008321d                _iPDM_WriteUserDataIntoSegment
 .text.iPDM_ReadUserDataFromFileSystemRecord
                0x00083263       0x38 /cygdrive/c/Jennic/Components/Library/libPDM_EEPROM_JN516x.a(PDM_SegmentData.o)
                0x00083263                _iPDM_ReadUserDataFromFileSystemRecord
 .text.iPDM_ReadUserDataFromSegmentWithId
                0x0008329b       0x2f /cygdrive/c/Jennic/Components/Library/libPDM_EEPROM_JN516x.a(PDM_SegmentData.o)
                0x0008329b                _iPDM_ReadUserDataFromSegmentWithId
 .text.iPDM_ReconstructReplacedDataTable
                0x000832ca      0x1c1 /cygdrive/c/Jennic/Components/Library/libPDM_EEPROM_JN516x.a(PDM_SegmentReplace.o)
                0x000832ca                _iPDM_ReconstructReplacedDataTable
 .text.iPDM_ReplaceChangedSegmentInSequence
                0x0008348b       0xc9 /cygdrive/c/Jennic/Components/Library/libPDM_EEPROM_JN516x.a(PDM_SegmentReplace.o)
                0x0008348b                _iPDM_ReplaceChangedSegmentInSequence
 .text.vPDM_CountInstanceOccurances
                0x00083554       0x66 /cygdrive/c/Jennic/Components/Library/libPDM_EEPROM_JN516x.a(PDM_SegmentSequenceExtendDelete.o)
 .text.iPDM_DeleteAppendedSequence
                0x000835ba      0x138 /cygdrive/c/Jennic/Components/Library/libPDM_EEPROM_JN516x.a(PDM_SegmentSequenceExtendDelete.o)
                0x000835ba                _iPDM_DeleteAppendedSequence
 .text.boSegmentNumberDeleteSearchMatch
                0x000836f2       0x19 /cygdrive/c/Jennic/Components/Library/libPDM_EEPROM_JN516x.a(PDM_SegmentSequenceExtendReconstruct.o)
 .text.iPDM_ReplaceSegmentFromJunkLists
                0x0008370b       0x4d /cygdrive/c/Jennic/Components/Library/libPDM_EEPROM_JN516x.a(PDM_SegmentSequenceExtendReconstruct.o)
 .text.iPDM_ReconstructExtendedSegmentSequence
                0x00083758      0x284 /cygdrive/c/Jennic/Components/Library/libPDM_EEPROM_JN516x.a(PDM_SegmentSequenceExtendReconstruct.o)
                0x00083758                _iPDM_ReconstructExtendedSegmentSequence
 .text.boSearchForWearCountSubstitute
                0x000839dc       0x18 /cygdrive/c/Jennic/Components/Library/libPDM_EEPROM_JN516x.a(PDM_WearLevelling.o)
 .text.iPDM_GetWearLevelledBuffer
                0x000839f4      0x121 /cygdrive/c/Jennic/Components/Library/libPDM_EEPROM_JN516x.a(PDM_WearLevelling.o)
                0x000839f4                _iPDM_GetWearLevelledBuffer
 .text.vPDM_AESccmCODEC
                0x00083b15       0x99 /cygdrive/c/Jennic/Components/Library/libPDM_EEPROM_JN516x.a(PDM_AESccmCODEC.o)
                0x00083b15                _vPDM_AESccmCODEC
 .text.vDLISTinitialise
                0x00083bae        0x9 /cygdrive/c/Jennic/Components/Library/libPDM_EEPROM_JN516x.a(dlist.o)
                0x00083bae                _vDLISTinitialise
 .text.psDLISTgetHead
                0x00083bb7        0x6 /cygdrive/c/Jennic/Components/Library/libPDM_EEPROM_JN516x.a(dlist.o)
                0x00083bb7                _psDLISTgetHead
 .text.psDLISTgetTail
                0x00083bbd        0x6 /cygdrive/c/Jennic/Components/Library/libPDM_EEPROM_JN516x.a(dlist.o)
                0x00083bbd                _psDLISTgetTail
 .text.psDLISTgetNext
                0x00083bc3        0x6 /cygdrive/c/Jennic/Components/Library/libPDM_EEPROM_JN516x.a(dlist.o)
                0x00083bc3                _psDLISTgetNext
 .text.vDLISTaddToHead
                0x00083bc9       0x29 /cygdrive/c/Jennic/Components/Library/libPDM_EEPROM_JN516x.a(dlist.o)
                0x00083bc9                _vDLISTaddToHead
 .text.psDLISTremoveFromTail
                0x00083bf2       0x30 /cygdrive/c/Jennic/Components/Library/libPDM_EEPROM_JN516x.a(dlist.o)
                0x00083bf2                _psDLISTremoveFromTail
 .text.psDLISTremoveFromHead
                0x00083c22       0x2b /cygdrive/c/Jennic/Components/Library/libPDM_EEPROM_JN516x.a(dlist.o)
                0x00083c22                _psDLISTremoveFromHead
 .text.boDLISTisEmpty
                0x00083c4d       0x20 /cygdrive/c/Jennic/Components/Library/libPDM_EEPROM_JN516x.a(dlist.o)
                0x00083c4d                _boDLISTisEmpty
 .text.psSearchList
                0x00083c6d       0x2d /cygdrive/c/Jennic/Components/Library/libPDM_EEPROM_JN516x.a(dlist.o)
 .text.psDLISTsearchFromHead
                0x00083c9a        0xb /cygdrive/c/Jennic/Components/Library/libPDM_EEPROM_JN516x.a(dlist.o)
                0x00083c9a                _psDLISTsearchFromHead
 .text.psDLISTsearchForward
                0x00083ca5        0x8 /cygdrive/c/Jennic/Components/Library/libPDM_EEPROM_JN516x.a(dlist.o)
                0x00083ca5                _psDLISTsearchForward
 .text.vDLISTinsertBefore
                0x00083cad       0x21 /cygdrive/c/Jennic/Components/Library/libPDM_EEPROM_JN516x.a(dlist.o)
                0x00083cad                _vDLISTinsertBefore
 .text.psDLISTremove
                0x00083cce       0x3a /cygdrive/c/Jennic/Components/Library/libPDM_EEPROM_JN516x.a(dlist.o)
                0x00083cce                _psDLISTremove
 .text.vDLISTaddToTail
                0x00083d08       0x28 /cygdrive/c/Jennic/Components/Library/libPDM_EEPROM_JN516x.a(dlist.o)
                0x00083d08                _vDLISTaddToTail
 .text.OS_eExitCriticalSection_stub
                0x00083d30       0x1a /cygdrive/c/Jennic/Components/Library/libPDM_EEPROM_JN516x.a(PdmOsStub.o)
                0x00083d30                _OS_eExitCriticalSection_stub
 .text.OS_eEnterCriticalSection_stub
                0x00083d4a       0x1f /cygdrive/c/Jennic/Components/Library/libPDM_EEPROM_JN516x.a(PdmOsStub.o)
                0x00083d4a                _OS_eEnterCriticalSection_stub
 .text.u8PDM_ReadBitmapHeader
                0x00083d69       0x28 /cygdrive/c/Jennic/Components/Library/libPDM_EEPROM_JN516x.a(PDM_Bitmap.o)
 .text.vPDM_ReconstructValidBitmap
                0x00083d91      0x147 /cygdrive/c/Jennic/Components/Library/libPDM_EEPROM_JN516x.a(PDM_Bitmap.o)
                0x00083d91                _vPDM_ReconstructValidBitmap
 .text.vPDM_SetEEPROMandFileSystemWearCount
                0x00083ed8       0x30 /cygdrive/c/Jennic/Components/Library/libPDM_EEPROM_JN516x.a(PDM_EEPROMheaderAccessFunctions.o)
                0x00083ed8                _vPDM_SetEEPROMandFileSystemWearCount
 .text.vPDM_SetEEPROMandFileSystemValidState
                0x00083f08       0x54 /cygdrive/c/Jennic/Components/Library/libPDM_EEPROM_JN516x.a(PDM_EEPROMheaderAccessFunctions.o)
                0x00083f08                _vPDM_SetEEPROMandFileSystemValidState
 .text.vPDM_WriteByteIntoEEPROM
                0x00083f5c       0x2e /cygdrive/c/Jennic/Components/Library/libPDM_EEPROM_JN516x.a(PDM_EEPROMReadAndWrite.o)
                0x00083f5c                _vPDM_WriteByteIntoEEPROM
 .text.vPDM_WriteWordIntoEEPROM
                0x00083f8a       0x1c /cygdrive/c/Jennic/Components/Library/libPDM_EEPROM_JN516x.a(PDM_EEPROMReadAndWrite.o)
                0x00083f8a                _vPDM_WriteWordIntoEEPROM
 .text.vPDM_EraseEEPROMsegment
                0x00083fa6       0x47 /cygdrive/c/Jennic/Components/Library/libPDM_EEPROM_JN516x.a(PDM_EEPROMReadAndWrite.o)
                0x00083fa6                _vPDM_EraseEEPROMsegment
 .text.vPDM_ReadUserDataFromEEPROMsegment
                0x00083fed       0xb7 /cygdrive/c/Jennic/Components/Library/libPDM_EEPROM_JN516x.a(PDM_EEPROMReadAndWrite.o)
                0x00083fed                _vPDM_ReadUserDataFromEEPROMsegment
 .text.iPDM_WriteSegmentHeaderIntoEEPROMsegment
                0x000840a4       0x4d /cygdrive/c/Jennic/Components/Library/libPDM_EEPROM_JN516x.a(PDM_EEPROMReadAndWrite.o)
                0x000840a4                _iPDM_WriteSegmentHeaderIntoEEPROMsegment
 .text.vPDM_WriteFileSystemRecordAndSegmentDataIntoEEPROMsegment
                0x000840f1       0x62 /cygdrive/c/Jennic/Components/Library/libPDM_EEPROM_JN516x.a(PDM_EEPROMReadAndWrite.o)
                0x000840f1                _vPDM_WriteFileSystemRecordAndSegmentDataIntoEEPROMsegment
 .text.iPDM_ReadSegmentHeaderFromEEPROM
                0x00084153       0x5d /cygdrive/c/Jennic/Components/Library/libPDM_EEPROM_JN516x.a(PDM_EEPROMReadAndWrite.o)
                0x00084153                _iPDM_ReadSegmentHeaderFromEEPROM
 .text.iPDM_FilterDuplicateAppendedSegmentsOnList
                0x000841b0       0x42 /cygdrive/c/Jennic/Components/Library/libPDM_EEPROM_JN516x.a(PDM_SegmentSequenceExtendFilter.o)
 .text.iPDM_SearchForReplacementAppendedSegment
                0x000841f2       0x87 /cygdrive/c/Jennic/Components/Library/libPDM_EEPROM_JN516x.a(PDM_SegmentSequenceExtendFilter.o)
                0x000841f2                _iPDM_SearchForReplacementAppendedSegment
 .text.vPDM_FilterDuplicateAppendedSegmentsFromList
                0x00084279       0xc0 /cygdrive/c/Jennic/Components/Library/libPDM_EEPROM_JN516x.a(PDM_SegmentSequenceExtendFilter.o)
                0x00084279                _vPDM_FilterDuplicateAppendedSegmentsFromList
 .text.vPDM_FilterDuplicateSegmentsBySequenceNumberFromValidList
                0x00084339       0x4d /cygdrive/c/Jennic/Components/Library/libPDM_EEPROM_JN516x.a(PDM_SegmentSequenceExtendFilter.o)
                0x00084339                _vPDM_FilterDuplicateSegmentsBySequenceNumberFromValidList
 .text.psJIP_FindMibVect
                0x00084386       0x50 /cygdrive/c/Jennic/Components/Library/libJIP_JN516x.a(jip.o)
                0x00084386                _psJIP_FindMibVect
 .text.psJIP_FindMibIdVect
                0x000843d6       0x6e /cygdrive/c/Jennic/Components/Library/libJIP_JN516x.a(jip.o)
                0x000843d6                _psJIP_FindMibIdVect
 .text.iJIP_FindVarVect
                0x00084444       0x3d /cygdrive/c/Jennic/Components/Library/libJIP_JN516x.a(jip.o)
                0x00084444                _iJIP_FindVarVect
 .text.eJIP_PacketAddVarVect
                0x00084481      0x174 /cygdrive/c/Jennic/Components/Library/libJIP_JN516x.a(jip.o)
                0x00084481                _eJIP_PacketAddVarVect
 .text.pvGetBuffer
                0x000845f5       0x3d /cygdrive/c/Jennic/Components/Library/libJIP_JN516x.a(jip.o)
                0x000845f5                _pvGetBuffer
 .text.eCreateSocket
                0x00084632       0x67 /cygdrive/c/Jennic/Components/Library/libJIP_JN516x.a(jip.o)
 .text.eJIP_SendStatusVect
                0x00084699       0x50 /cygdrive/c/Jennic/Components/Library/libJIP_JN516x.a(jip.o)
                0x00084699                _eJIP_SendStatusVect
 .text.eJIP_SendVarVect
                0x000846e9      0x10e /cygdrive/c/Jennic/Components/Library/libJIP_JN516x.a(jip.o)
                0x000846e9                _eJIP_SendVarVect
 .text.eJIP_Init
                0x000847f7       0xae /cygdrive/c/Jennic/Components/Library/libJIP_JN516x.a(jip.o)
                0x000847f7                _eJIP_Init
 .text.eJIP_RegisterMib
                0x000848a5       0x8c /cygdrive/c/Jennic/Components/Library/libJIP_JN516x.a(jip.o)
                0x000848a5                _eJIP_RegisterMib
 .text.eJIP_PacketAddData
                0x00084931      0x10b /cygdrive/c/Jennic/Components/Library/libJIP_JN516x.a(jip.o)
                0x00084931                _eJIP_PacketAddData
 .text.vJIP_HandleGetRequestVect
                0x00084a3c       0xea /cygdrive/c/Jennic/Components/Library/libJIP_JN516x.a(jip.o)
                0x00084a3c                _vJIP_HandleGetRequestVect
 *fill*         0x00084b26        0x2 00
 .text.vJIP_HandleSetRequestVect
                0x00084b28      0x338 /cygdrive/c/Jennic/Components/Library/libJIP_JN516x.a(jip.o)
                0x00084b28                _vJIP_HandleSetRequestVect
 .text.vJIP_HandleQueryMibRequestVect
                0x00084e60      0x164 /cygdrive/c/Jennic/Components/Library/libJIP_JN516x.a(jip.o)
                0x00084e60                _vJIP_HandleQueryMibRequestVect
 .text.vJIP_HandleQueryVarRequestVect
                0x00084fc4      0x222 /cygdrive/c/Jennic/Components/Library/libJIP_JN516x.a(jip.o)
                0x00084fc4                _vJIP_HandleQueryVarRequestVect
 .text.v6LP_StackEvent
                0x000851e6       0x52 /cygdrive/c/Jennic/Components/Library/libJIP_JN516x.a(jip.o)
                0x000851e6                _v6LP_StackEvent
 .text.vHandleDataEvent
                0x00085238      0x190 /cygdrive/c/Jennic/Components/Library/libJIP_JN516x.a(jip.o)
 .text.bFindQueuedTrap
                0x000853c8       0x1d /cygdrive/c/Jennic/Components/Library/libJIP_JN516x.a(jip_traps.o)
 .text.vNotifyAllTraps
                0x000853e5      0x11f /cygdrive/c/Jennic/Components/Library/libJIP_JN516x.a(jip_traps.o)
                0x000853e5                _vNotifyAllTraps
 .text.bTrapSafeToSleep
                0x00085504       0x24 /cygdrive/c/Jennic/Components/Library/libJIP_JN516x.a(jip_traps.o)
 .text.vStartTrapTimer
                0x00085528       0x38 /cygdrive/c/Jennic/Components/Library/libJIP_JN516x.a(jip_traps.o)
                0x00085528                _vStartTrapTimer
 .text.eJIP_AddTrap
                0x00085560      0x147 /cygdrive/c/Jennic/Components/Library/libJIP_JN516x.a(jip_traps.o)
                0x00085560                _eJIP_AddTrap
 .text.eJIP_RemoveTrap
                0x000856a7       0xa3 /cygdrive/c/Jennic/Components/Library/libJIP_JN516x.a(jip_traps.o)
                0x000856a7                _eJIP_RemoveTrap
 .text.vJIP_HandleUntrapRequestVect
                0x0008574a       0x4f /cygdrive/c/Jennic/Components/Library/libJIP_JN516x.a(jip_traps.o)
                0x0008574a                _vJIP_HandleUntrapRequestVect
 .text.vJIP_NotifyChanged
                0x00085799       0x2c /cygdrive/c/Jennic/Components/Library/libJIP_JN516x.a(jip_traps.o)
                0x00085799                _vJIP_NotifyChanged
 .text.vJIP_SetEnabled
                0x000857c5       0x36 /cygdrive/c/Jennic/Components/Library/libJIP_JN516x.a(jip_traps.o)
                0x000857c5                _vJIP_SetEnabled
 .text.vSendTrapNotifyViaQueue
                0x000857fb        0xe /cygdrive/c/Jennic/Components/Library/libJIP_JN516x.a(jip_traps.o)
 .text.eJIP_TrapsInit
                0x00085809       0xe7 /cygdrive/c/Jennic/Components/Library/libJIP_JN516x.a(jip_traps.o)
                0x00085809                _eJIP_TrapsInit
 .text.vSendTrapNotify
                0x000858f0       0xe3 /cygdrive/c/Jennic/Components/Library/libJIP_JN516x.a(jip_traps.o)
 .text.vJIP_HandleTrapRequestVect
                0x000859d3       0x8a /cygdrive/c/Jennic/Components/Library/libJIP_JN516x.a(jip_traps.o)
                0x000859d3                _vJIP_HandleTrapRequestVect
 .text.vGetLastChange
                0x00085a5d       0x11 /cygdrive/c/Jennic/Components/Library/libJIP_JN516x.a(JIP_MIB_Network.o)
 .text.vGetDepth
                0x00085a6e       0x20 /cygdrive/c/Jennic/Components/Library/libJIP_JN516x.a(JIP_MIB_Network.o)
 .text.vGetParentMacAddress
                0x00085a8e       0x43 /cygdrive/c/Jennic/Components/Library/libJIP_JN516x.a(JIP_MIB_Network.o)
 .text.bUniqueEntry
                0x00085ad1       0x86 /cygdrive/c/Jennic/Components/Library/libJIP_JN516x.a(JIP_MIB_Network.o)
 *fill*         0x00085b57        0x1 00
 .text.vNetworkModule_Update
                0x00085b58      0x140 /cygdrive/c/Jennic/Components/Library/libJIP_JN516x.a(JIP_MIB_Network.o)
                0x00085b58                _vNetworkModule_Update
 .text.vGetNetworkInfo
                0x00085c98       0x22 /cygdrive/c/Jennic/Components/Library/libJIP_JN516x.a(JIP_MIB_Network.o)
 .text.vNetworkModule_Register
                0x00085cba       0x7b /cygdrive/c/Jennic/Components/Library/libJIP_JN516x.a(JIP_MIB_Network.o)
                0x00085cba                _vNetworkModule_Register
 .text.vGetNetworkTable
                0x00085d35      0x16a /cygdrive/c/Jennic/Components/Library/libJIP_JN516x.a(JIP_MIB_Network.o)
                0x00085d35                _vGetNetworkTable
 .text.vGetNeighbourTable
                0x00085e9f      0x101 /cygdrive/c/Jennic/Components/Library/libJIP_JN516x.a(JIP_MIB_Network.o)
 .text.eSetTxPower
                0x00085fa0       0x19 /cygdrive/c/Jennic/Components/Library/libJIP_JN516x.a(JIP_MIB_Node.o)
 .text.eSetString
                0x00085fb9       0x33 /cygdrive/c/Jennic/Components/Library/libJIP_JN516x.a(JIP_MIB_Node.o)
 .text.vGetMacAddress
                0x00085fec       0x1d /cygdrive/c/Jennic/Components/Library/libJIP_JN516x.a(JIP_MIB_Node.o)
 .text.vNodeModule_Register
                0x00086009      0x11b /cygdrive/c/Jennic/Components/Library/libJIP_JN516x.a(JIP_MIB_Node.o)
                0x00086009                _vNodeModule_Register
 .text.bExpandMulticastAddress
                0x00086124       0x44 /cygdrive/c/Jennic/Components/Library/libJIP_JN516x.a(JIP_MIB_Groups.o)
 .text.vGetBlob
                0x00086168       0x16 /cygdrive/c/Jennic/Components/Library/libJIP_JN516x.a(JIP_MIB_Groups.o)
 .text.bJIP_RemoveGroupAddr
                0x0008617e       0x38 /cygdrive/c/Jennic/Components/Library/libJIP_JN516x.a(JIP_MIB_Groups.o)
                0x0008617e                _bJIP_RemoveGroupAddr
 .text.eClearGroups
                0x000861b6       0x52 /cygdrive/c/Jennic/Components/Library/libJIP_JN516x.a(JIP_MIB_Groups.o)
 .text.eRemoveGroup
                0x00086208       0x29 /cygdrive/c/Jennic/Components/Library/libJIP_JN516x.a(JIP_MIB_Groups.o)
 .text.bJIP_AddGroupAddr
                0x00086231       0x38 /cygdrive/c/Jennic/Components/Library/libJIP_JN516x.a(JIP_MIB_Groups.o)
                0x00086231                _bJIP_AddGroupAddr
 .text.eAddGroup
                0x00086269       0x29 /cygdrive/c/Jennic/Components/Library/libJIP_JN516x.a(JIP_MIB_Groups.o)
 .text.vGroupsModule_Register
                0x00086292        0xc /cygdrive/c/Jennic/Components/Library/libJIP_JN516x.a(JIP_MIB_Groups.o)
                0x00086292                _vGroupsModule_Register
 .text.vGetGroupTable
                0x0008629e       0xe0 /cygdrive/c/Jennic/Components/Library/libJIP_JN516x.a(JIP_MIB_Groups.o)
 .text.eLoadImage
                0x0008637e       0x15 /cygdrive/c/Jennic/Components/Library/libJIP_JN516x.a(JIP_MIB_OND.o)
 .text.vUpdateImageValues
                0x00086393       0x52 /cygdrive/c/Jennic/Components/Library/libJIP_JN516x.a(JIP_MIB_OND.o)
 .text.vGetImage32
                0x000863e5       0x1e /cygdrive/c/Jennic/Components/Library/libJIP_JN516x.a(JIP_MIB_OND.o)
 .text.vGetImage16
                0x00086403       0x1e /cygdrive/c/Jennic/Components/Library/libJIP_JN516x.a(JIP_MIB_OND.o)
 .text.vGetImage8
                0x00086421       0x1e /cygdrive/c/Jennic/Components/Library/libJIP_JN516x.a(JIP_MIB_OND.o)
 .text.eStartDownload
                0x0008643f       0x2f /cygdrive/c/Jennic/Components/Library/libJIP_JN516x.a(JIP_MIB_OND.o)
 .text.vONDModule_Register
                0x0008646e       0x1a /cygdrive/c/Jennic/Components/Library/libJIP_JN516x.a(JIP_MIB_OND.o)
                0x0008646e                _vONDModule_Register
 .text.vGetImageTable
                0x00086488       0xe0 /cygdrive/c/Jennic/Components/Library/libJIP_JN516x.a(JIP_MIB_OND.o)
 .text.vGetDeviceTypes
                0x00086568       0x11 /cygdrive/c/Jennic/Components/Library/libJIP_JN516x.a(JIP_MIB_Device.o)
 .text.vDeviceModule_Register
                0x00086579       0x1a /cygdrive/c/Jennic/Components/Library/libJIP_JN516x.a(JIP_MIB_Device.o)
                0x00086579                _vDeviceModule_Register
 .text.eSetUint16
                0x00086593        0x8 /cygdrive/c/Jennic/Components/Library/libJIP_JN516x.a(AccessFunctions.o)
                0x00086593                _eSetUint16
 .text.eSetUint32
                0x0008659b        0x8 /cygdrive/c/Jennic/Components/Library/libJIP_JN516x.a(AccessFunctions.o)
                0x0008659b                _eSetUint32
 .text.vGetString
                0x000865a3       0x20 /cygdrive/c/Jennic/Components/Library/libJIP_JN516x.a(AccessFunctions.o)
                0x000865a3                _vGetString
 .text.vGetUint32
                0x000865c3        0xa /cygdrive/c/Jennic/Components/Library/libJIP_JN516x.a(AccessFunctions.o)
                0x000865c3                _vGetUint32
 .text.vGetUint8
                0x000865cd        0xa /cygdrive/c/Jennic/Components/Library/libJIP_JN516x.a(AccessFunctions.o)
                0x000865cd                _vGetUint8
 .text.vHandleTrapResponse
                0x000865d7       0x22 /cygdrive/c/Jennic/Components/Library/libJIP_JN516x.a(jip_remote.o)
                0x000865d7                _vHandleTrapResponse
 .text.vHandleSetResponse
                0x000865f9       0x22 /cygdrive/c/Jennic/Components/Library/libJIP_JN516x.a(jip_remote.o)
                0x000865f9                _vHandleSetResponse
 .text.vJIP_HandleGetResponseVect
                0x0008661b      0x1ec /cygdrive/c/Jennic/Components/Library/libJIP_JN516x.a(jip_remote.o)
                0x0008661b                _vJIP_HandleGetResponseVect
 .text.vHandleQueryMibResponse
                0x00086807       0x86 /cygdrive/c/Jennic/Components/Library/libJIP_JN516x.a(jip_remote.o)
                0x00086807                _vHandleQueryMibResponse
 .text.vHandleQueryVarResponse
                0x0008688d       0x83 /cygdrive/c/Jennic/Components/Library/libJIP_JN516x.a(jip_remote.o)
                0x0008688d                _vHandleQueryVarResponse
 .text.vJnc_ClearScanListVect
                0x00086910       0x4e /cygdrive/c/Jennic/Components/Library/libJenNet_JN516x.a(JenNetCommon.o)
                0x00086910                _vJnc_ClearScanListVect
 .text.bJnc_NeedsReset
                0x0008695e       0x19 /cygdrive/c/Jennic/Components/Library/libJenNet_JN516x.a(JenNetCommon.o)
                0x0008695e                _bJnc_NeedsReset
 .text.u16Api_GetDepth
                0x00086977        0xd /cygdrive/c/Jennic/Components/Library/libJenNet_JN516x.a(JenNetCommon.o)
                0x00086977                _u16Api_GetDepth
 .text.u32Jnc_GetUnscannedChannelsVect
                0x00086984       0x67 /cygdrive/c/Jennic/Components/Library/libJenNet_JN516x.a(JenNetCommon.o)
                0x00086984                _u32Jnc_GetUnscannedChannelsVect
 .text.bApi_SetExtendedCommandHdlr
                0x000869eb       0x1d /cygdrive/c/Jennic/Components/Library/libJenNet_JN516x.a(JenNetCommon.o)
                0x000869eb                _bApi_SetExtendedCommandHdlr
 .text.psApi_GetJenNetConfig
                0x00086a08        0x9 /cygdrive/c/Jennic/Components/Library/libJenNet_JN516x.a(JenNetCommon.o)
                0x00086a08                _psApi_GetJenNetConfig
 .text.psApi_GetChildTable
                0x00086a11        0x9 /cygdrive/c/Jennic/Components/Library/libJenNet_JN516x.a(JenNetCommon.o)
                0x00086a11                _psApi_GetChildTable
 .text.bJnc_IsStackRunning
                0x00086a1a       0x28 /cygdrive/c/Jennic/Components/Library/libJenNet_JN516x.a(JenNetCommon.o)
                0x00086a1a                _bJnc_IsStackRunning
 .text.u8Api_GetLastPktLqi
                0x00086a42        0xd /cygdrive/c/Jennic/Components/Library/libJenNet_JN516x.a(JenNetCommon.o)
                0x00086a42                _u8Api_GetLastPktLqi
 .text.bApi_GetLastPktDirect
                0x00086a4f        0xd /cygdrive/c/Jennic/Components/Library/libJenNet_JN516x.a(JenNetCommon.o)
                0x00086a4f                _bApi_GetLastPktDirect
 .text.u8NwkTxOption
                0x00086a5c       0x28 /cygdrive/c/Jennic/Components/Library/libJenNet_JN516x.a(JenNetCommon.o)
                0x00086a5c                _u8NwkTxOption
 .text.vApi_SetDeviceId
                0x00086a84        0xd /cygdrive/c/Jennic/Components/Library/libJenNet_JN516x.a(JenNetCommon.o)
                0x00086a84                _vApi_SetDeviceId
 .text.vApi_SetStackMode
                0x00086a91       0x22 /cygdrive/c/Jennic/Components/Library/libJenNet_JN516x.a(JenNetCommon.o)
                0x00086a91                _vApi_SetStackMode
 .text.u16Api_GetStackMode
                0x00086ab3        0xd /cygdrive/c/Jennic/Components/Library/libJenNet_JN516x.a(JenNetCommon.o)
                0x00086ab3                _u16Api_GetStackMode
 .text.vApi_RegisterExtData
                0x00086ac0        0xd /cygdrive/c/Jennic/Components/Library/libJenNet_JN516x.a(JenNetCommon.o)
                0x00086ac0                _vApi_RegisterExtData
 .text.bJnc_SetJoinProfile
                0x00086acd       0x5c /cygdrive/c/Jennic/Components/Library/libJenNet_JN516x.a(JenNetCommon.o)
                0x00086acd                _bJnc_SetJoinProfile
 .text.bJnc_SetRunProfile
                0x00086b29       0x9d /cygdrive/c/Jennic/Components/Library/libJenNet_JN516x.a(JenNetCommon.o)
                0x00086b29                _bJnc_SetRunProfile
 .text.u32Jnc_GetNumberOfDevicesInBranch
                0x00086bc6       0x53 /cygdrive/c/Jennic/Components/Library/libJenNet_JN516x.a(JenNetCommon.o)
                0x00086bc6                _u32Jnc_GetNumberOfDevicesInBranch
 .text.prJnc_SetSafeToSleepCallback
                0x00086c19       0x11 /cygdrive/c/Jennic/Components/Library/libJenNet_JN516x.a(JenNetCommon.o)
                0x00086c19                _prJnc_SetSafeToSleepCallback
 .text.bDefaultSafeToSleep
                0x00086c2a        0x5 /cygdrive/c/Jennic/Components/Library/libJenNet_JN516x.a(JenNetCommon.o)
 .text.vJnc_SleepVect
                0x00086c2f       0x93 /cygdrive/c/Jennic/Components/Library/libJenNet_JN516x.a(JenNetCommon.o)
                0x00086c2f                _vJnc_SleepVect
 .text.vApi_SetNwkKey
                0x00086cc2       0x1a /cygdrive/c/Jennic/Components/Library/libJenNet_JN516x.a(JenNetCommon.o)
                0x00086cc2                _vApi_SetNwkKey
 .text.eJnc_StartScanVect
                0x00086cdc       0xe2 /cygdrive/c/Jennic/Components/Library/libJenNet_JN516x.a(JenNetCommon.o)
                0x00086cdc                _eJnc_StartScanVect
 .text.eApi_SendDataToCoord
                0x00086dbe       0xa7 /cygdrive/c/Jennic/Components/Library/libJenNet_JN516x.a(JenNetCommon.o)
                0x00086dbe                _eApi_SendDataToCoord
 .text.eApi_SendDataToNwk
                0x00086e65       0x7d /cygdrive/c/Jennic/Components/Library/libJenNet_JN516x.a(JenNetCommon.o)
                0x00086e65                _eApi_SendDataToNwk
 .text.eApi_SendDataToPeer
                0x00086ee2       0x89 /cygdrive/c/Jennic/Components/Library/libJenNet_JN516x.a(JenNetCommon.o)
                0x00086ee2                _eApi_SendDataToPeer
 .text.bJnc_ResetStackVect
                0x00086f6b      0x15a /cygdrive/c/Jennic/Components/Library/libJenNet_JN516x.a(JenNetCommon.o)
                0x00086f6b                _bJnc_ResetStackVect
 .text.vJnc_JenNetTick
                0x000870c5       0x8a /cygdrive/c/Jennic/Components/Library/libJenNet_JN516x.a(JenNetCommon.o)
                0x000870c5                _vJnc_JenNetTick
 .text.bJnc_StartAssociateVect
                0x0008714f       0xb2 /cygdrive/c/Jennic/Components/Library/libJenNet_JN516x.a(JenNetCommon.o)
                0x0008714f                _bJnc_StartAssociateVect
 .text.eApi_LeaveNetwork
                0x00087201       0x92 /cygdrive/c/Jennic/Components/Library/libJenNet_JN516x.a(JenNetCommon.o)
                0x00087201                _eApi_LeaveNetwork
 .text.vJnc_BackOffVect
                0x00087293       0x71 /cygdrive/c/Jennic/Components/Library/libJenNet_JN516x.a(JenNetCommon.o)
                0x00087293                _vJnc_BackOffVect
 .text.vJnc_HandleBeaconVect
                0x00087304      0x278 /cygdrive/c/Jennic/Components/Library/libJenNet_JN516x.a(JenNetCommon.o)
                0x00087304                _vJnc_HandleBeaconVect
 .text.vJnc_InitSystemVect
                0x0008757c      0x188 /cygdrive/c/Jennic/Components/Library/libJenNet_JN516x.a(JenNetCommon.o)
                0x0008757c                _vJnc_InitSystemVect
 .text.vJnc_SendEstablishRouteVect
                0x00087704      0x113 /cygdrive/c/Jennic/Components/Library/libJenNet_JN516x.a(JenNetCommon.o)
                0x00087704                _vJnc_SendEstablishRouteVect
 .text.vJnc_HandleDisassociateCfmVect
                0x00087817       0x63 /cygdrive/c/Jennic/Components/Library/libJenNet_JN516x.a(JenNetCommon.o)
                0x00087817                _vJnc_HandleDisassociateCfmVect
 .text.vJnc_JenNetInitVariablesVect
                0x0008787a      0x1ff /cygdrive/c/Jennic/Components/Library/libJenNet_JN516x.a(JenNetCommon.o)
                0x0008787a                _vJnc_JenNetInitVariablesVect
 .text.srand    0x00087a79        0xf /cygdrive/c/Jennic/Components/Library/libJenNet_JN516x.a(rand.o)
                0x00087a79                _srand
 .text.rand     0x00087a88       0x3c /cygdrive/c/Jennic/Components/Library/libJenNet_JN516x.a(rand.o)
                0x00087a88                _rand
 .text.vJenNet_DefCreateBeaconPayload
                0x00087ac4        0x3 /cygdrive/c/Jennic/Components/Library/libJenNet_JN516x.a(NetworkCoordRouter.o)
                0x00087ac4                _vJenNet_DefCreateBeaconPayload
 .text.bNwk_IsChild
                0x00087ac7       0x45 /cygdrive/c/Jennic/Components/Library/libJenNet_JN516x.a(NetworkCoordRouter.o)
                0x00087ac7                _bNwk_IsChild
 .text.bNwk_IsParentVect
                0x00087b0c       0x37 /cygdrive/c/Jennic/Components/Library/libJenNet_JN516x.a(NetworkCoordRouter.o)
                0x00087b0c                _bNwk_IsParentVect
 .text.bNwk_IsSleepingChild
                0x00087b43       0x11 /cygdrive/c/Jennic/Components/Library/libJenNet_JN516x.a(NetworkCoordRouter.o)
                0x00087b43                _bNwk_IsSleepingChild
 .text.vNwk_SetChildActiveRoutes
                0x00087b54       0x19 /cygdrive/c/Jennic/Components/Library/libJenNet_JN516x.a(NetworkCoordRouter.o)
                0x00087b54                _vNwk_SetChildActiveRoutes
 .text.bNwk_IsActiveChild
                0x00087b6d       0x19 /cygdrive/c/Jennic/Components/Library/libJenNet_JN516x.a(NetworkCoordRouter.o)
                0x00087b6d                _bNwk_IsActiveChild
 .text.psNwk_GetChildAddress
                0x00087b86        0xe /cygdrive/c/Jennic/Components/Library/libJenNet_JN516x.a(NetworkCoordRouter.o)
                0x00087b86                _psNwk_GetChildAddress
 .text.psNwk_GetParentAddr
                0x00087b94       0x16 /cygdrive/c/Jennic/Components/Library/libJenNet_JN516x.a(NetworkCoordRouter.o)
                0x00087b94                _psNwk_GetParentAddr
 .text.vActiveScan_Backoff
                0x00087baa        0x3 /cygdrive/c/Jennic/Components/Library/libJenNet_JN516x.a(NetworkCoordRouter.o)
 .text.bCheckRxSeqNoVect
                0x00087bad       0xb3 /cygdrive/c/Jennic/Components/Library/libJenNet_JN516x.a(NetworkCoordRouter.o)
                0x00087bad                _bCheckRxSeqNoVect
 .text.vNwk_IncRoutingEntry
                0x00087c60       0x13 /cygdrive/c/Jennic/Components/Library/libJenNet_JN516x.a(NetworkCoordRouter.o)
                0x00087c60                _vNwk_IncRoutingEntry
 .text.vNwk_ImportCompleteVect
                0x00087c73       0xa2 /cygdrive/c/Jennic/Components/Library/libJenNet_JN516x.a(NetworkCoordRouter.o)
                0x00087c73                _vNwk_ImportCompleteVect
 .text.vRouterActiveScanResponse_Backoff
                0x00087d15        0xf /cygdrive/c/Jennic/Components/Library/libJenNet_JN516x.a(NetworkCoordRouter.o)
                0x00087d15                _vRouterActiveScanResponse_Backoff
 .text.vNcr_SortScanList
                0x00087d24       0xb3 /cygdrive/c/Jennic/Components/Library/libJenNet_JN516x.a(NetworkCoordRouter.o)
                0x00087d24                _vNcr_SortScanList
 .text.vAddRcvdDataStats
                0x00087dd7       0x56 /cygdrive/c/Jennic/Components/Library/libJenNet_JN516x.a(NetworkCoordRouter.o)
                0x00087dd7                _vAddRcvdDataStats
 .text.vNwk_ChildDepthSetVect
                0x00087e2d       0x52 /cygdrive/c/Jennic/Components/Library/libJenNet_JN516x.a(NetworkCoordRouter.o)
                0x00087e2d                _vNwk_ChildDepthSetVect
 .text.vNwk_SetDepthVect
                0x00087e7f       0x5e /cygdrive/c/Jennic/Components/Library/libJenNet_JN516x.a(NetworkCoordRouter.o)
                0x00087e7f                _vNwk_SetDepthVect
 .text.bNwk_GetNextHopAddressVect
                0x00087edd       0x5d /cygdrive/c/Jennic/Components/Library/libJenNet_JN516x.a(NetworkCoordRouter.o)
                0x00087edd                _bNwk_GetNextHopAddressVect
 .text.bApi_GetNeighbourTableEntry
                0x00087f3a       0xf2 /cygdrive/c/Jennic/Components/Library/libJenNet_JN516x.a(NetworkCoordRouter.o)
                0x00087f3a                _bApi_GetNeighbourTableEntry
 .text.vStartCoordVect
                0x0008802c       0xfa /cygdrive/c/Jennic/Components/Library/libJenNet_JN516x.a(NetworkCoordRouter.o)
                0x0008802c                _vStartCoordVect
 .text.vNwk_DeleteChildVect
                0x00088126       0xd3 /cygdrive/c/Jennic/Components/Library/libJenNet_JN516x.a(NetworkCoordRouter.o)
                0x00088126                _vNwk_DeleteChildVect
 .text.vHandleDisassociateIndVect
                0x000881f9       0x2c /cygdrive/c/Jennic/Components/Library/libJenNet_JN516x.a(NetworkCoordRouter.o)
                0x000881f9                _vHandleDisassociateIndVect
 .text.vNcr_CheckForLostChildrenVect
                0x00088225       0x5e /cygdrive/c/Jennic/Components/Library/libJenNet_JN516x.a(NetworkCoordRouter.o)
                0x00088225                _vNcr_CheckForLostChildrenVect
 .text.vNcr_EnergyScanResponseVect
                0x00088283       0xb2 /cygdrive/c/Jennic/Components/Library/libJenNet_JN516x.a(NetworkCoordRouter.o)
                0x00088283                _vNcr_EnergyScanResponseVect
 .text.vScanOrAssociate_Backoff
                0x00088335       0x18 /cygdrive/c/Jennic/Components/Library/libJenNet_JN516x.a(NetworkCoordRouter.o)
                0x00088335                _vScanOrAssociate_Backoff
 .text.vNcr_CoordActiveScanResponseVect
                0x0008834d       0xd2 /cygdrive/c/Jennic/Components/Library/libJenNet_JN516x.a(NetworkCoordRouter.o)
                0x0008834d                _vNcr_CoordActiveScanResponseVect
 .text.vNcr_NodeAssociationVect
                0x0008841f      0x2c5 /cygdrive/c/Jennic/Components/Library/libJenNet_JN516x.a(NetworkCoordRouter.o)
                0x0008841f                _vNcr_NodeAssociationVect
 .text.vNcr_ScanOrAssociateVect
                0x000886e4      0x11d /cygdrive/c/Jennic/Components/Library/libJenNet_JN516x.a(NetworkCoordRouter.o)
                0x000886e4                _vNcr_ScanOrAssociateVect
 .text.bNcr_NetworkAnnounce
                0x00088801       0xae /cygdrive/c/Jennic/Components/Library/libJenNet_JN516x.a(NetworkCoordRouter.o)
                0x00088801                _bNcr_NetworkAnnounce
 .text.vNcr_AssociateResponseVect
                0x000888af       0xfd /cygdrive/c/Jennic/Components/Library/libJenNet_JN516x.a(NetworkCoordRouter.o)
                0x000888af                _vNcr_AssociateResponseVect
 .text.vNcr_RouterActiveScanResponseVect
                0x000889ac      0x10d /cygdrive/c/Jennic/Components/Library/libJenNet_JN516x.a(NetworkCoordRouter.o)
                0x000889ac                _vNcr_RouterActiveScanResponseVect
 .text.vNcr_PurgeRouteVect
                0x00088ab9       0xb5 /cygdrive/c/Jennic/Components/Library/libJenNet_JN516x.a(NetworkCoordRouter.o)
                0x00088ab9                _vNcr_PurgeRouteVect
 .text.vNwk_RouteEstablishedVect
                0x00088b6e      0x165 /cygdrive/c/Jennic/Components/Library/libJenNet_JN516x.a(NetworkCoordRouter.o)
                0x00088b6e                _vNwk_RouteEstablishedVect
 .text.vNcr_McpsDataDcfmVect
                0x00088cd3      0x17d /cygdrive/c/Jennic/Components/Library/libJenNet_JN516x.a(NetworkCoordRouter.o)
                0x00088cd3                _vNcr_McpsDataDcfmVect
 .text.u8AddNeighbourVect
                0x00088e50       0x60 /cygdrive/c/Jennic/Components/Library/libJenNet_JN516x.a(NetworkCoordRouter.o)
                0x00088e50                _u8AddNeighbourVect
 .text.vEstablishRoute_Backoff
                0x00088eb0       0x26 /cygdrive/c/Jennic/Components/Library/libJenNet_JN516x.a(NetworkCoordRouter.o)
                0x00088eb0                _vEstablishRoute_Backoff
 .text.vApi_Recover_CR
                0x00088ed6       0x6c /cygdrive/c/Jennic/Components/Library/libJenNet_JN516x.a(NetworkCoordRouter.o)
                0x00088ed6                _vApi_Recover_CR
 *fill*         0x00088f42        0x2 00
 .text.vNcr_StateMachineVect
                0x00088f44      0x2f8 /cygdrive/c/Jennic/Components/Library/libJenNet_JN516x.a(NetworkCoordRouter.o)
                0x00088f44                _vNcr_StateMachineVect
 .text.vInitCoordRtrStateVect
                0x0008923c      0x236 /cygdrive/c/Jennic/Components/Library/libJenNet_JN516x.a(NetworkCoordRouter.o)
                0x0008923c                _vInitCoordRtrStateVect
 *fill*         0x00089472        0x2 00
 .text.eNwk_TransmitPacketVect
                0x00089474      0x3cc /cygdrive/c/Jennic/Components/Library/libJenNet_JN516x.a(NetworkCoordRouter.o)
                0x00089474                _eNwk_TransmitPacketVect
 .text.vCheckChildDepthVect
                0x00089840       0xd4 /cygdrive/c/Jennic/Components/Library/libJenNet_JN516x.a(NetworkCoordRouter.o)
                0x00089840                _vCheckChildDepthVect
 .text.vNcr_RouteImportVect
                0x00089914      0x285 /cygdrive/c/Jennic/Components/Library/libJenNet_JN516x.a(NetworkCoordRouter.o)
                0x00089914                _vNcr_RouteImportVect
 .text.vNcr_ProcessInternalTimerVect
                0x00089b99      0x2ce /cygdrive/c/Jennic/Components/Library/libJenNet_JN516x.a(NetworkCoordRouter.o)
                0x00089b99                _vNcr_ProcessInternalTimerVect
 .text.vJenNet_DefProcessIncomingHwEvent_CR
                0x00089e67       0x41 /cygdrive/c/Jennic/Components/Library/libJenNet_JN516x.a(NetworkCoordRouter.o)
                0x00089e67                _vJenNet_DefProcessIncomingHwEvent_CR
 .text.vNcr_HandleCommStsVect
                0x00089ea8       0xc1 /cygdrive/c/Jennic/Components/Library/libJenNet_JN516x.a(NetworkCoordRouter.o)
                0x00089ea8                _vNcr_HandleCommStsVect
 *fill*         0x00089f69        0x3 00
 .text.vNcr_IncomingMlmeVect
                0x00089f6c       0xdc /cygdrive/c/Jennic/Components/Library/libJenNet_JN516x.a(NetworkCoordRouter.o)
                0x00089f6c                _vNcr_IncomingMlmeVect
 .text.vNwk_RejectNodeVect
                0x0008a048       0x55 /cygdrive/c/Jennic/Components/Library/libJenNet_JN516x.a(NetworkCoordRouter.o)
                0x0008a048                _vNwk_RejectNodeVect
 .text.vNcr_McpsDataIndVect
                0x0008a09d      0x1e6 /cygdrive/c/Jennic/Components/Library/libJenNet_JN516x.a(NetworkCoordRouter.o)
                0x0008a09d                _vNcr_McpsDataIndVect
 .text.vNcr_IncomingMcpsVect
                0x0008a283       0x84 /cygdrive/c/Jennic/Components/Library/libJenNet_JN516x.a(NetworkCoordRouter.o)
                0x0008a283                _vNcr_IncomingMcpsVect
 .text.vApi_Recover
                0x0008a307       0x19 /cygdrive/c/Jennic/Components/Library/libJenNet_JN516x.a(NetworkCoordRouter.o)
                0x0008a307                _vApi_Recover
 .text.vApi_Start_CRVect
                0x0008a320      0x1aa /cygdrive/c/Jennic/Components/Library/libJenNet_JN516x.a(NetworkCoordRouter.o)
                0x0008a320                _vApi_Start_CRVect
 .text.vPAR_Init
                0x0008a4ca       0x16 /cygdrive/c/Jennic/Components/Library/libJenNet_JN516x.a(ProcessAndRoute.o)
                0x0008a4ca                _vPAR_Init
 .text.vPAR_DeleteRoutingEntryVect
                0x0008a4e0       0x5f /cygdrive/c/Jennic/Components/Library/libJenNet_JN516x.a(ProcessAndRoute.o)
                0x0008a4e0                _vPAR_DeleteRoutingEntryVect
 .text.vApi_RegNwkAuthoriseCallback
                0x0008a53f        0xd /cygdrive/c/Jennic/Components/Library/libJenNet_JN516x.a(ProcessAndRoute.o)
                0x0008a53f                _vApi_RegNwkAuthoriseCallback
 .text.u16AddNextHopVect
                0x0008a54c       0x99 /cygdrive/c/Jennic/Components/Library/libJenNet_JN516x.a(ProcessAndRoute.o)
                0x0008a54c                _u16AddNextHopVect
 .text.u16GetNextHopVect
                0x0008a5e5       0x53 /cygdrive/c/Jennic/Components/Library/libJenNet_JN516x.a(ProcessAndRoute.o)
                0x0008a5e5                _u16GetNextHopVect
 .text.vPAR_ProcessSetDepth
                0x0008a638       0x49 /cygdrive/c/Jennic/Components/Library/libJenNet_JN516x.a(ProcessAndRoute.o)
                0x0008a638                _vPAR_ProcessSetDepth
 .text.vPAR_ProcessFindNode
                0x0008a681       0x8e /cygdrive/c/Jennic/Components/Library/libJenNet_JN516x.a(ProcessAndRoute.o)
                0x0008a681                _vPAR_ProcessFindNode
 .text.vPAR_ProcessDataToNwk
                0x0008a70f       0x58 /cygdrive/c/Jennic/Components/Library/libJenNet_JN516x.a(ProcessAndRoute.o)
                0x0008a70f                _vPAR_ProcessDataToNwk
 .text.ePAR_SendChangeProfile
                0x0008a767       0x5a /cygdrive/c/Jennic/Components/Library/libJenNet_JN516x.a(ProcessAndRoute.o)
                0x0008a767                _ePAR_SendChangeProfile
 .text.vPAR_SendPurgeRoute
                0x0008a7c1       0x5f /cygdrive/c/Jennic/Components/Library/libJenNet_JN516x.a(ProcessAndRoute.o)
                0x0008a7c1                _vPAR_SendPurgeRoute
 .text.ePAR_SendFindNode
                0x0008a820       0x52 /cygdrive/c/Jennic/Components/Library/libJenNet_JN516x.a(ProcessAndRoute.o)
                0x0008a820                _ePAR_SendFindNode
 .text.vPAR_ProcessRepairRoute
                0x0008a872       0x27 /cygdrive/c/Jennic/Components/Library/libJenNet_JN516x.a(ProcessAndRoute.o)
                0x0008a872                _vPAR_ProcessRepairRoute
 .text.vPAR_SendDeleteRoute
                0x0008a899       0x56 /cygdrive/c/Jennic/Components/Library/libJenNet_JN516x.a(ProcessAndRoute.o)
                0x0008a899                _vPAR_SendDeleteRoute
 .text.ePAR_RoutePacketVect
                0x0008a8ef      0x110 /cygdrive/c/Jennic/Components/Library/libJenNet_JN516x.a(ProcessAndRoute.o)
                0x0008a8ef                _ePAR_RoutePacketVect
 .text.vProcessResponseRequest
                0x0008a9ff       0x57 /cygdrive/c/Jennic/Components/Library/libJenNet_JN516x.a(ProcessAndRoute.o)
 .text.vPAR_ProcessDataToCoord
                0x0008aa56       0x58 /cygdrive/c/Jennic/Components/Library/libJenNet_JN516x.a(ProcessAndRoute.o)
                0x0008aa56                _vPAR_ProcessDataToCoord
 .text.vPAR_CheckPendingActions
                0x0008aaae       0x2b /cygdrive/c/Jennic/Components/Library/libJenNet_JN516x.a(ProcessAndRoute.o)
                0x0008aaae                _vPAR_CheckPendingActions
 .text.vPAR_ProcessPurgeRoute
                0x0008aad9       0x65 /cygdrive/c/Jennic/Components/Library/libJenNet_JN516x.a(ProcessAndRoute.o)
                0x0008aad9                _vPAR_ProcessPurgeRoute
 .text.vPAR_ProcessDataToPeer
                0x0008ab3e       0x7e /cygdrive/c/Jennic/Components/Library/libJenNet_JN516x.a(ProcessAndRoute.o)
                0x0008ab3e                _vPAR_ProcessDataToPeer
 .text.vPAR_DeleteRoute
                0x0008abbc      0x1c8 /cygdrive/c/Jennic/Components/Library/libJenNet_JN516x.a(ProcessAndRoute.o)
                0x0008abbc                _vPAR_DeleteRoute
 .text.vPAR_Ping
                0x0008ad84       0x47 /cygdrive/c/Jennic/Components/Library/libJenNet_JN516x.a(ProcessAndRoute.o)
                0x0008ad84                _vPAR_Ping
 .text.vPAR_UnknownNode
                0x0008adcb       0x26 /cygdrive/c/Jennic/Components/Library/libJenNet_JN516x.a(ProcessAndRoute.o)
                0x0008adcb                _vPAR_UnknownNode
 .text.vPAR_EstablishRoute
                0x0008adf1      0x3bd /cygdrive/c/Jennic/Components/Library/libJenNet_JN516x.a(ProcessAndRoute.o)
                0x0008adf1                _vPAR_EstablishRoute
 .text.vPAR_ProcessComsnNode
                0x0008b1ae       0x30 /cygdrive/c/Jennic/Components/Library/libJenNet_JN516x.a(ProcessAndRoute.o)
                0x0008b1ae                _vPAR_ProcessComsnNode
 .text.vPAR_ProcessRouteImport
                0x0008b1de      0x116 /cygdrive/c/Jennic/Components/Library/libJenNet_JN516x.a(ProcessAndRoute.o)
                0x0008b1de                _vPAR_ProcessRouteImport
 .text.vPAR_InitRoutingTable
                0x0008b2f4       0x26 /cygdrive/c/Jennic/Components/Library/libJenNet_JN516x.a(ProcessAndRoute.o)
                0x0008b2f4                _vPAR_InitRoutingTable
 .text.vPAR_ProcessRouteRequest
                0x0008b31a      0x1ce /cygdrive/c/Jennic/Components/Library/libJenNet_JN516x.a(ProcessAndRoute.o)
                0x0008b31a                _vPAR_ProcessRouteRequest
 .text.vProcessNetworkAnnounce
                0x0008b4e8       0x3a /cygdrive/c/Jennic/Components/Library/libJenNet_JN516x.a(ProcessAndRoute.o)
 *fill*         0x0008b522        0x2 00
 .text.vPAR_ProcessPacket
                0x0008b524      0x40c /cygdrive/c/Jennic/Components/Library/libJenNet_JN516x.a(ProcessAndRoute.o)
                0x0008b524                _vPAR_ProcessPacket
 .text.vNed_ScanTimeoutHandler
                0x0008b930       0x94 /cygdrive/c/Jennic/Components/Library/libJenNet_JN516x.a(NetworkED.o)
                0x0008b930                _vNed_ScanTimeoutHandler
 .text.vNed_PollTimeoutHandler
                0x0008b9c4       0x34 /cygdrive/c/Jennic/Components/Library/libJenNet_JN516x.a(NetworkED.o)
                0x0008b9c4                _vNed_PollTimeoutHandler
 .text.vNed_PollPeriodHandler
                0x0008b9f8        0xf /cygdrive/c/Jennic/Components/Library/libJenNet_JN516x.a(NetworkED.o)
                0x0008b9f8                _vNed_PollPeriodHandler
 .text.vNed_StateTimeoutHandler
                0x0008ba07        0xf /cygdrive/c/Jennic/Components/Library/libJenNet_JN516x.a(NetworkED.o)
                0x0008ba07                _vNed_StateTimeoutHandler
 .text.vActiveScan_Backoff
                0x0008ba16        0x3 /cygdrive/c/Jennic/Components/Library/libJenNet_JN516x.a(NetworkED.o)
 .text.vEstablishRoute_Backoff
                0x0008ba19        0xf /cygdrive/c/Jennic/Components/Library/libJenNet_JN516x.a(NetworkED.o)
 .text.vNed_TickVect
                0x0008ba28       0x6f /cygdrive/c/Jennic/Components/Library/libJenNet_JN516x.a(NetworkED.o)
                0x0008ba28                _vNed_TickVect
 .text.vNed_SortScanList
                0x0008ba97       0xc5 /cygdrive/c/Jennic/Components/Library/libJenNet_JN516x.a(NetworkED.o)
                0x0008ba97                _vNed_SortScanList
 .text.eTransmitFrameVect
                0x0008bb5c      0x104 /cygdrive/c/Jennic/Components/Library/libJenNet_JN516x.a(NetworkED.o)
                0x0008bb5c                _eTransmitFrameVect
 .text.vNed_ProcessDataToPeerVect
                0x0008bc60       0x64 /cygdrive/c/Jennic/Components/Library/libJenNet_JN516x.a(NetworkED.o)
                0x0008bc60                _vNed_ProcessDataToPeerVect
 .text.vFailedPacket
                0x0008bcc4       0x37 /cygdrive/c/Jennic/Components/Library/libJenNet_JN516x.a(NetworkED.o)
 .text.vNed_McpsDataDcfmVect
                0x0008bcfb       0x50 /cygdrive/c/Jennic/Components/Library/libJenNet_JN516x.a(NetworkED.o)
                0x0008bcfb                _vNed_McpsDataDcfmVect
 .text.vApi_Recover_ED
                0x0008bd4b       0x61 /cygdrive/c/Jennic/Components/Library/libJenNet_JN516x.a(NetworkED.o)
                0x0008bd4b                _vApi_Recover_ED
 .text.vApi_Start_ED
                0x0008bdac       0x41 /cygdrive/c/Jennic/Components/Library/libJenNet_JN516x.a(NetworkED.o)
                0x0008bdac                _vApi_Start_ED
 .text.iNed_StopTimerVect
                0x0008bded       0x25 /cygdrive/c/Jennic/Components/Library/libJenNet_JN516x.a(NetworkED.o)
                0x0008bded                _iNed_StopTimerVect
 .text.vNed_HandlePollVect
                0x0008be12       0x5a /cygdrive/c/Jennic/Components/Library/libJenNet_JN516x.a(NetworkED.o)
                0x0008be12                _vNed_HandlePollVect
 .text.vNed_ScanOrAssociateVect
                0x0008be6c      0x112 /cygdrive/c/Jennic/Components/Library/libJenNet_JN516x.a(NetworkED.o)
                0x0008be6c                _vNed_ScanOrAssociateVect
 .text.vNed_ActiveScanResponseVect
                0x0008bf7e      0x118 /cygdrive/c/Jennic/Components/Library/libJenNet_JN516x.a(NetworkED.o)
                0x0008bf7e                _vNed_ActiveScanResponseVect
 .text.iNed_StartTimerVect
                0x0008c096       0x78 /cygdrive/c/Jennic/Components/Library/libJenNet_JN516x.a(NetworkED.o)
                0x0008c096                _iNed_StartTimerVect
 .text.vInitEndDeviceStateVect
                0x0008c10e      0x15c /cygdrive/c/Jennic/Components/Library/libJenNet_JN516x.a(NetworkED.o)
                0x0008c10e                _vInitEndDeviceStateVect
 .text.eApi_PollForData
                0x0008c26a       0xa2 /cygdrive/c/Jennic/Components/Library/libJenNet_JN516x.a(NetworkED.o)
                0x0008c26a                _eApi_PollForData
 .text.eStartAutoPollVect
                0x0008c30c       0x3c /cygdrive/c/Jennic/Components/Library/libJenNet_JN516x.a(NetworkED.o)
                0x0008c30c                _eStartAutoPollVect
 .text.vNed_AssociateResponseVect
                0x0008c348       0xee /cygdrive/c/Jennic/Components/Library/libJenNet_JN516x.a(NetworkED.o)
                0x0008c348                _vNed_AssociateResponseVect
 *fill*         0x0008c436        0x2 00
 .text.vNed_IncomingMlmeVect
                0x0008c438       0x8c /cygdrive/c/Jennic/Components/Library/libJenNet_JN516x.a(NetworkED.o)
                0x0008c438                _vNed_IncomingMlmeVect
 .text.vNed_ProcessEstablishRouteVect
                0x0008c4c4       0xdc /cygdrive/c/Jennic/Components/Library/libJenNet_JN516x.a(NetworkED.o)
                0x0008c4c4                _vNed_ProcessEstablishRouteVect
 .text.vNed_ProcessPacketVect
                0x0008c5a0      0x130 /cygdrive/c/Jennic/Components/Library/libJenNet_JN516x.a(NetworkED.o)
                0x0008c5a0                _vNed_ProcessPacketVect
 .text.vNed_McpsDataIndVect
                0x0008c6d0      0x112 /cygdrive/c/Jennic/Components/Library/libJenNet_JN516x.a(NetworkED.o)
                0x0008c6d0                _vNed_McpsDataIndVect
 .text.vNed_IncomingMcpsVect
                0x0008c7e2       0x35 /cygdrive/c/Jennic/Components/Library/libJenNet_JN516x.a(NetworkED.o)
                0x0008c7e2                _vNed_IncomingMcpsVect
 *fill*         0x0008c817        0x1 00
 .text.vNed_StateMachineVect
                0x0008c818      0x3e0 /cygdrive/c/Jennic/Components/Library/libJenNet_JN516x.a(NetworkED.o)
                0x0008c818                _vNed_StateMachineVect
 .text.vHWTimerInitVect
                0x0008cbf8       0xaf /cygdrive/c/Jennic/Components/Library/libJenNet_JN516x.a(OSTimerDriver.o)
                0x0008cbf8                _vHWTimerInitVect
 .text.vHWTimerCallback
                0x0008cca7       0x1c /cygdrive/c/Jennic/Components/Library/libJenNet_JN516x.a(OSTimerDriver.o)
 .text.vInterrupt_Suspend
                0x0008ccc3       0x3e /cygdrive/c/Jennic/Components/Library/libJenNet_JN516x.a(Interrupt.o)
                0x0008ccc3                _vInterrupt_Suspend
 .text.vInterrupt_Resume
                0x0008cd01       0x3b /cygdrive/c/Jennic/Components/Library/libJenNet_JN516x.a(Interrupt.o)
                0x0008cd01                _vInterrupt_Resume
 .text.vSecurityAddDevice
                0x0008cd3c       0x3b /cygdrive/c/Jennic/Components/Library/libJenNet_JN516x.a(Sec2006.o)
                0x0008cd3c                _vSecurityAddDevice
 .text.vSecurityDeleteDevice
                0x0008cd77       0x33 /cygdrive/c/Jennic/Components/Library/libJenNet_JN516x.a(Sec2006.o)
                0x0008cd77                _vSecurityDeleteDevice
 .text.u8SecurityFreeEntry
                0x0008cdaa       0x3d /cygdrive/c/Jennic/Components/Library/libJenNet_JN516x.a(Sec2006.o)
                0x0008cdaa                _u8SecurityFreeEntry
 .text.u8SecurityIsNeighbour
                0x0008cde7       0x4b /cygdrive/c/Jennic/Components/Library/libJenNet_JN516x.a(Sec2006.o)
                0x0008cde7                _u8SecurityIsNeighbour
 .text.vSecurityInvalidateKey
                0x0008ce32       0x1c /cygdrive/c/Jennic/Components/Library/libJenNet_JN516x.a(Sec2006.o)
                0x0008ce32                _vSecurityInvalidateKey
 .text.bSecurityKeyValid
                0x0008ce4e       0x1b /cygdrive/c/Jennic/Components/Library/libJenNet_JN516x.a(Sec2006.o)
                0x0008ce4e                _bSecurityKeyValid
 .text.psSecurityGetDescriptor
                0x0008ce69       0x1a /cygdrive/c/Jennic/Components/Library/libJenNet_JN516x.a(Sec2006.o)
                0x0008ce69                _psSecurityGetDescriptor
 .text.vSecurityAgeNeighbourTableVect
                0x0008ce83       0x20 /cygdrive/c/Jennic/Components/Library/libJenNet_JN516x.a(Sec2006.o)
                0x0008ce83                _vSecurityAgeNeighbourTableVect
 .text.vSecurityUpdateKey
                0x0008cea3       0x5c /cygdrive/c/Jennic/Components/Library/libJenNet_JN516x.a(Sec2006.o)
                0x0008cea3                _vSecurityUpdateKey
 .text.vSetupDefaultSecurity
                0x0008ceff      0x195 /cygdrive/c/Jennic/Components/Library/libJenNet_JN516x.a(Sec2006.o)
                0x0008ceff                _vSetupDefaultSecurity
 .text.psSearchDatabase
                0x0008d094       0x2e /cygdrive/c/Jennic/Components/Library/libJenNet_JN516x.a(LowEnergySupport.o)
 .text.bProcessIncomingLowEnergyFrame
                0x0008d0c2      0x2ed /cygdrive/c/Jennic/Components/Library/libJenNet_JN516x.a(LowEnergySupport.o)
                0x0008d0c2                _bProcessIncomingLowEnergyFrame
 .text.vNcr_ProcessLowEnergyInform
                0x0008d3af       0x80 /cygdrive/c/Jennic/Components/Library/libJenNet_JN516x.a(LowEnergySupport.o)
                0x0008d3af                _vNcr_ProcessLowEnergyInform
 .text.vInitialiseLowEnergy
                0x0008d42f       0x26 /cygdrive/c/Jennic/Components/Library/libJenNet_JN516x.a(LowEnergySupport.o)
                0x0008d42f                _vInitialiseLowEnergy
 .text.vOND_GenerateEvent
                0x0008d455       0x30 /cygdrive/c/Jennic/Components/Library/libJenNet_JN516x.a(JenNet_OND.o)
                0x0008d455                _vOND_GenerateEvent
 .text.eOND_DevSwitchToImage
                0x0008d485       0x44 /cygdrive/c/Jennic/Components/Library/libJenNet_JN516x.a(JenNet_OND.o)
                0x0008d485                _eOND_DevSwitchToImage
 .text.eOND_DevCommenceUpdate
                0x0008d4c9       0x59 /cygdrive/c/Jennic/Components/Library/libJenNet_JN516x.a(JenNet_OND.o)
                0x0008d4c9                _eOND_DevCommenceUpdate
 .text.bBlockAlreadyInImage
                0x0008d522       0x23 /cygdrive/c/Jennic/Components/Library/libJenNet_JN516x.a(JenNet_OND.o)
 .text.iHaveBlock
                0x0008d545       0x97 /cygdrive/c/Jennic/Components/Library/libJenNet_JN516x.a(JenNet_OND.o)
 .text.vQueueApi
                0x0008d5dc       0x15 /cygdrive/c/Jennic/Components/Library/libJenNet_JN516x.a(JenNet_OND.o)
 .text.vStartBlockTimer
                0x0008d5f1       0x4f /cygdrive/c/Jennic/Components/Library/libJenNet_JN516x.a(JenNet_OND.o)
 .text.vFillBlockBitmap
                0x0008d640       0x45 /cygdrive/c/Jennic/Components/Library/libJenNet_JN516x.a(JenNet_OND.o)
 .text.eOND_DevGetImage
                0x0008d685       0x92 /cygdrive/c/Jennic/Components/Library/libJenNet_JN516x.a(JenNet_OND.o)
                0x0008d685                _eOND_DevGetImage
 .text.eServiceBlockRequest
                0x0008d717      0x1f3 /cygdrive/c/Jennic/Components/Library/libJenNet_JN516x.a(JenNet_OND.o)
 .text.vBlockReqSeen
                0x0008d90a       0x21 /cygdrive/c/Jennic/Components/Library/libJenNet_JN516x.a(JenNet_OND.o)
 .text.vSendBlockRequestGeneric
                0x0008d92b       0xa6 /cygdrive/c/Jennic/Components/Library/libJenNet_JN516x.a(JenNet_OND.o)
 .text.vSendBlockRequest
                0x0008d9d1       0xc4 /cygdrive/c/Jennic/Components/Library/libJenNet_JN516x.a(JenNet_OND.o)
 .text.vBlockReqToQueue
                0x0008da95       0x7e /cygdrive/c/Jennic/Components/Library/libJenNet_JN516x.a(JenNet_OND.o)
 *fill*         0x0008db13        0x1 00
 .text.vEnterState
                0x0008db14      0x644 /cygdrive/c/Jennic/Components/Library/libJenNet_JN516x.a(JenNet_OND.o)
 .text.vGetMutexThenGoToState
                0x0008e158        0xf /cygdrive/c/Jennic/Components/Library/libJenNet_JN516x.a(JenNet_OND.o)
 .text.bBlockRequestTimeout
                0x0008e167       0x8b /cygdrive/c/Jennic/Components/Library/libJenNet_JN516x.a(JenNet_OND.o)
 .text.vCheckBlockRequestTimeout
                0x0008e1f2       0x4d /cygdrive/c/Jennic/Components/Library/libJenNet_JN516x.a(JenNet_OND.o)
 .text.vTimeoutFired
                0x0008e23f        0x6 /cygdrive/c/Jennic/Components/Library/libJenNet_JN516x.a(JenNet_OND.o)
 .text.vStoreParams
                0x0008e245       0x3e /cygdrive/c/Jennic/Components/Library/libJenNet_JN516x.a(JenNet_OND.o)
 .text.vErase   0x0008e283       0x7c /cygdrive/c/Jennic/Components/Library/libJenNet_JN516x.a(JenNet_OND.o)
 .text.vBlockSeenGeneric
                0x0008e2ff      0x1b6 /cygdrive/c/Jennic/Components/Library/libJenNet_JN516x.a(JenNet_OND.o)
 .text.vBlockSeenIp
                0x0008e4b5       0x3a /cygdrive/c/Jennic/Components/Library/libJenNet_JN516x.a(JenNet_OND.o)
 .text.vBlockSeenDirect
                0x0008e4ef        0xe /cygdrive/c/Jennic/Components/Library/libJenNet_JN516x.a(JenNet_OND.o)
 .text.vBlockSeenUnicast
                0x0008e4fd       0x11 /cygdrive/c/Jennic/Components/Library/libJenNet_JN516x.a(JenNet_OND.o)
 .text.vBlockSeenBcast
                0x0008e50e       0x11 /cygdrive/c/Jennic/Components/Library/libJenNet_JN516x.a(JenNet_OND.o)
 .text.bProcessApiRequest
                0x0008e51f       0xb1 /cygdrive/c/Jennic/Components/Library/libJenNet_JN516x.a(JenNet_OND.o)
 .text.vHandleApi
                0x0008e5d0        0x8 /cygdrive/c/Jennic/Components/Library/libJenNet_JN516x.a(JenNet_OND.o)
 .text.bServiceRequestQueue
                0x0008e5d8       0xb6 /cygdrive/c/Jennic/Components/Library/libJenNet_JN516x.a(JenNet_OND.o)
 .text.vDetermineBenignState
                0x0008e68e       0xf6 /cygdrive/c/Jennic/Components/Library/libJenNet_JN516x.a(JenNet_OND.o)
 .text.vTickAwaitingMutex
                0x0008e784       0x26 /cygdrive/c/Jennic/Components/Library/libJenNet_JN516x.a(JenNet_OND.o)
 .text.vTickForFlashComplete
                0x0008e7aa        0xc /cygdrive/c/Jennic/Components/Library/libJenNet_JN516x.a(JenNet_OND.o)
 .text.e6LP_GetLinkLayer
                0x0008e7b6        0xc /cygdrive/c/Jennic/Components/Library/lib6LP_JN516x.a(6LPcommon.o)
                0x0008e7b6                _e6LP_GetLinkLayer
 .text.e6LP_GetDeviceType
                0x0008e7c2        0xc /cygdrive/c/Jennic/Components/Library/lib6LP_JN516x.a(6LPcommon.o)
                0x0008e7c2                _e6LP_GetDeviceType
 .text.u8RX_getDefaultHopCount
                0x0008e7ce        0xc /cygdrive/c/Jennic/Components/Library/lib6LP_JN516x.a(6LPcommon.o)
                0x0008e7ce                _u8RX_getDefaultHopCount
 .text.b6LP_SetMaxAllowableMTU
                0x0008e7da       0x2a /cygdrive/c/Jennic/Components/Library/lib6LP_JN516x.a(6LPcommon.o)
                0x0008e7da                _b6LP_SetMaxAllowableMTU
 .text.bo6LP_Set80215payloadLength
                0x0008e804       0x18 /cygdrive/c/Jennic/Components/Library/lib6LP_JN516x.a(6LPcommon.o)
                0x0008e804                _bo6LP_Set80215payloadLength
 .text.v6LP_DefSetPacketDefragTimeout
                0x0008e81c        0xc /cygdrive/c/Jennic/Components/Library/lib6LP_JN516x.a(6LPcommon.o)
                0x0008e81c                _v6LP_DefSetPacketDefragTimeout
 .text.psGetMacBuffer
                0x0008e828        0x9 /cygdrive/c/Jennic/Components/Library/lib6LP_JN516x.a(NetworkFormation.o)
 .text.i6LP_DefInitStack
                0x0008e831       0xf2 /cygdrive/c/Jennic/Components/Library/lib6LP_JN516x.a(NetworkFormation.o)
                0x0008e831                _i6LP_DefInitStack
 .text.vPostMcps
                0x0008e923       0x17 /cygdrive/c/Jennic/Components/Library/lib6LP_JN516x.a(NetworkFormation.o)
 .text.vPostMlme
                0x0008e93a       0x17 /cygdrive/c/Jennic/Components/Library/lib6LP_JN516x.a(NetworkFormation.o)
 .text.v6LP_DefInitHardware
                0x0008e951       0xa9 /cygdrive/c/Jennic/Components/Library/lib6LP_JN516x.a(NetworkFormation.o)
                0x0008e951                _v6LP_DefInitHardware
 .text.vUartHandler
                0x0008e9fa       0x38 /cygdrive/c/Jennic/Components/Library/lib6LP_JN516x.a(NetworkFormation.o)
 .text.v6LP_RouteHwEvent
                0x0008ea32       0x18 /cygdrive/c/Jennic/Components/Library/lib6LP_JN516x.a(NetworkFormation.o)
                0x0008ea32                _v6LP_RouteHwEvent
 .text.vHandleNwkCallback
                0x0008ea4a       0x30 /cygdrive/c/Jennic/Components/Library/lib6LP_JN516x.a(NetworkFormationTree.o)
 .text.v6LP_EDM_SetAddressPrefix
                0x0008ea7a       0x2f /cygdrive/c/Jennic/Components/Library/lib6LP_JN516x.a(NetworkFormationTree.o)
                0x0008ea7a                _v6LP_EDM_SetAddressPrefix
 .text.e6LP_DefPoll
                0x0008eaa9       0x37 /cygdrive/c/Jennic/Components/Library/lib6LP_JN516x.a(NetworkFormationTree.o)
                0x0008eaa9                _e6LP_DefPoll
 .text.v6LP_EnableSecurity
                0x0008eae0       0x1d /cygdrive/c/Jennic/Components/Library/lib6LP_JN516x.a(NetworkFormationTree.o)
                0x0008eae0                _v6LP_EnableSecurity
 .text.v6LP_ProcessJenNetStackEvent
                0x0008eafd      0x252 /cygdrive/c/Jennic/Components/Library/lib6LP_JN516x.a(NetworkFormationTree.o)
                0x0008eafd                _v6LP_ProcessJenNetStackEvent
 .text.v6LP_TreeProcessMlme
                0x0008ed4f       0x18 /cygdrive/c/Jennic/Components/Library/lib6LP_JN516x.a(NetworkFormationTree.o)
                0x0008ed4f                _v6LP_TreeProcessMlme
 .text.v6LP_TreeProcessMcps
                0x0008ed67       0x18 /cygdrive/c/Jennic/Components/Library/lib6LP_JN516x.a(NetworkFormationTree.o)
                0x0008ed67                _v6LP_TreeProcessMcps
 .text.i6LP_StartTreeStack
                0x0008ed7f       0xa3 /cygdrive/c/Jennic/Components/Library/lib6LP_JN516x.a(NetworkFormationTree.o)
                0x0008ed7f                _i6LP_StartTreeStack
 .text.vEUI_GetAddressPrefix
                0x0008ee22       0x15 /cygdrive/c/Jennic/Components/Library/lib6LP_JN516x.a(eui.o)
                0x0008ee22                _vEUI_GetAddressPrefix
 .text.vEUI_SetPANid
                0x0008ee37        0xc /cygdrive/c/Jennic/Components/Library/lib6LP_JN516x.a(eui.o)
                0x0008ee37                _vEUI_SetPANid
 .text.vEUI_GenerateEUI64
                0x0008ee43       0x15 /cygdrive/c/Jennic/Components/Library/lib6LP_JN516x.a(eui.o)
                0x0008ee43                _vEUI_GenerateEUI64
 .text.vEUI_GenerateInterfaceIdFromMacAddr
                0x0008ee58       0x18 /cygdrive/c/Jennic/Components/Library/lib6LP_JN516x.a(eui.o)
                0x0008ee58                _vEUI_GenerateInterfaceIdFromMacAddr
 .text.i6LP_DefCreateInterfaceIdFrom16
                0x0008ee70       0x27 /cygdrive/c/Jennic/Components/Library/lib6LP_JN516x.a(eui.o)
                0x0008ee70                _i6LP_DefCreateInterfaceIdFrom16
 .text.vEUI_CompressDestIPv6
                0x0008ee97      0x135 /cygdrive/c/Jennic/Components/Library/lib6LP_JN516x.a(eui.o)
                0x0008ee97                _vEUI_CompressDestIPv6
 .text.vEUI_CopyToArray
                0x0008efcc        0xf /cygdrive/c/Jennic/Components/Library/lib6LP_JN516x.a(eui.o)
                0x0008efcc                _vEUI_CopyToArray
 .text.eEUI_CompareMulticast
                0x0008efdb       0xe7 /cygdrive/c/Jennic/Components/Library/lib6LP_JN516x.a(eui.o)
                0x0008efdb                _eEUI_CompareMulticast
 .text.eEUI_CompareWithPrefix
                0x0008f0c2       0x45 /cygdrive/c/Jennic/Components/Library/lib6LP_JN516x.a(eui.o)
                0x0008f0c2                _eEUI_CompareWithPrefix
 .text.eEUI_CompareWithDeviceAddress
                0x0008f107       0x6c /cygdrive/c/Jennic/Components/Library/lib6LP_JN516x.a(eui.o)
                0x0008f107                _eEUI_CompareWithDeviceAddress
 .text.vEUI_CompressIPv6
                0x0008f173       0x6d /cygdrive/c/Jennic/Components/Library/lib6LP_JN516x.a(eui.o)
                0x0008f173                _vEUI_CompressIPv6
 .text.vEUI_GetLocalPrefix
                0x0008f1e0       0x15 /cygdrive/c/Jennic/Components/Library/lib6LP_JN516x.a(eui.o)
                0x0008f1e0                _vEUI_GetLocalPrefix
 .text.i6LP_DefCreateInterfaceIdFrom64
                0x0008f1f5       0x24 /cygdrive/c/Jennic/Components/Library/lib6LP_JN516x.a(eui.o)
                0x0008f1f5                _i6LP_DefCreateInterfaceIdFrom64
 .text.vEUI_CreateEUIdataManager
                0x0008f219       0x45 /cygdrive/c/Jennic/Components/Library/lib6LP_JN516x.a(eui.o)
                0x0008f219                _vEUI_CreateEUIdataManager
 .text.vEUI_SetAddressPrefix
                0x0008f25e       0x12 /cygdrive/c/Jennic/Components/Library/lib6LP_JN516x.a(eui.o)
                0x0008f25e                _vEUI_SetAddressPrefix
 .text.i6LP_DefCreateLinkLocalAddress
                0x0008f270       0x27 /cygdrive/c/Jennic/Components/Library/lib6LP_JN516x.a(eui.o)
                0x0008f270                _i6LP_DefCreateLinkLocalAddress
 .text.i6LP_DefGetOwnDeviceAddress
                0x0008f297       0x45 /cygdrive/c/Jennic/Components/Library/lib6LP_JN516x.a(eui.o)
                0x0008f297                _i6LP_DefGetOwnDeviceAddress
 .text.u16_6LP_DefGetSizeOfIPv6Record
                0x0008f2dc       0x16 /cygdrive/c/Jennic/Components/Library/lib6LP_JN516x.a(ipv6buffer.o)
                0x0008f2dc                _u16_6LP_DefGetSizeOfIPv6Record
 .text.boAddressSearchMatch