Archive member included because of file (symbol)

/cygdrive/c/Jennic/Components/Library/libDBG_JN516x.a(dbg.o)
                              DeviceCoordinator.o (_dbg_vPrintfImplNoneVerbose)
/cygdrive/c/Jennic/Components/Library/libDBG_JN516x.a(dbg_uart.o)
                              DeviceCoordinator.o (_DBG_vUartInit)
/cygdrive/c/Jennic/Components/Library/libPDM_EEPROM_JN516x.a(PDM.o)
                              MibNwkProfile.o (_PDM_vSaveRecord)
/cygdrive/c/Jennic/Components/Library/libPDM_EEPROM_JN516x.a(PDM_Create.o)
                              /cygdrive/c/Jennic/Components/Library/libPDM_EEPROM_JN516x.a(PDM.o) (_iPDM_CreateFileSystemInRAM)
/cygdrive/c/Jennic/Components/Library/libPDM_EEPROM_JN516x.a(PDM_EEPROM.o)
                              AHI_EEPROM.o (_bPDM_InitialiseEEPROM)
/cygdrive/c/Jennic/Components/Library/libPDM_EEPROM_JN516x.a(PDM_EEPROMsegmentStatus.o)
                              /cygdrive/c/Jennic/Components/Library/libPDM_EEPROM_JN516x.a(PDM_Create.o) (_bPDM_DoesEEPROMsegmentContainFileSystemHeader)
/cygdrive/c/Jennic/Components/Library/libPDM_EEPROM_JN516x.a(PDM_ExtendedAPI.o)
                              /cygdrive/c/Jennic/Components/Library/libPDM_EEPROM_JN516x.a(PDM.o) (_PDM_eReLoadRecord)
/cygdrive/c/Jennic/Components/Library/libPDM_EEPROM_JN516x.a(PDM_FileSystem.o)
                              /cygdrive/c/Jennic/Components/Library/libPDM_EEPROM_JN516x.a(PDM.o) (_u8PDM_CalculateSegmentsRequired)
/cygdrive/c/Jennic/Components/Library/libPDM_EEPROM_JN516x.a(PDM_FileSystemData.o)
                              /cygdrive/c/Jennic/Components/Library/libPDM_EEPROM_JN516x.a(PDM_ExtendedAPI.o) (_iPDM_ReadDataWithIdFromFileSystem)
/cygdrive/c/Jennic/Components/Library/libPDM_EEPROM_JN516x.a(PDM_FileSystemDelete.o)
                              /cygdrive/c/Jennic/Components/Library/libPDM_EEPROM_JN516x.a(PDM.o) (_vPDM_DeleteSegmentsWithIdFromFileSystem)
/cygdrive/c/Jennic/Components/Library/libPDM_EEPROM_JN516x.a(PDM_FileSystemGenerate.o)
                              /cygdrive/c/Jennic/Components/Library/libPDM_EEPROM_JN516x.a(PDM_Create.o) (_vPDM_GenerateFileSystemInRAM)
/cygdrive/c/Jennic/Components/Library/libPDM_EEPROM_JN516x.a(PDM_FileSystemMove.o)
                              /cygdrive/c/Jennic/Components/Library/libPDM_EEPROM_JN516x.a(PDM_FileSystemGenerate.o) (_vPDM_MoveFileRecordFromListToList)
/cygdrive/c/Jennic/Components/Library/libPDM_EEPROM_JN516x.a(PDM_FileSystemVerify.o)
                              /cygdrive/c/Jennic/Components/Library/libPDM_EEPROM_JN516x.a(PDM_FileSystemGenerate.o) (_iPDM_VerifyDataSequenceWithBufferId)
/cygdrive/c/Jennic/Components/Library/libPDM_EEPROM_JN516x.a(PDM_FileSystemVerifyAndRepair.o)
                              /cygdrive/c/Jennic/Components/Library/libPDM_EEPROM_JN516x.a(PDM_EEPROMsegmentStatus.o) (_iPDM_DetectFileSystemRecordMagicNumber)
/cygdrive/c/Jennic/Components/Library/libPDM_EEPROM_JN516x.a(PDM_ImageBitmapReconstruct.o)
                              /cygdrive/c/Jennic/Components/Library/libPDM_EEPROM_JN516x.a(PDM_FileSystemGenerate.o) (_iPDM_ReconstructValidImageBitmap)
/cygdrive/c/Jennic/Components/Library/libPDM_EEPROM_JN516x.a(PDM_SearchAndListOrder.o)
                              /cygdrive/c/Jennic/Components/Library/libPDM_EEPROM_JN516x.a(PDM_FileSystemDelete.o) (_iPDM_SearchForSpecificSegmentInList)
/cygdrive/c/Jennic/Components/Library/libPDM_EEPROM_JN516x.a(PDM_Segment.o)
                              /cygdrive/c/Jennic/Components/Library/libPDM_EEPROM_JN516x.a(PDM_FileSystemData.o) (_iPDM_WriteSegmentHeaderAndData)
/cygdrive/c/Jennic/Components/Library/libPDM_EEPROM_JN516x.a(PDM_SegmentData.o)
                              /cygdrive/c/Jennic/Components/Library/libPDM_EEPROM_JN516x.a(PDM_Segment.o) (_iPDM_WriteUserDataIntoSegment)
/cygdrive/c/Jennic/Components/Library/libPDM_EEPROM_JN516x.a(PDM_SegmentReplace.o)
                              /cygdrive/c/Jennic/Components/Library/libPDM_EEPROM_JN516x.a(PDM_FileSystemGenerate.o) (_iPDM_ReconstructReplacedDataTable)
/cygdrive/c/Jennic/Components/Library/libPDM_EEPROM_JN516x.a(PDM_SegmentSequenceExtend.o)
                              /cygdrive/c/Jennic/Components/Library/libPDM_EEPROM_JN516x.a(PDM_ExtendedAPI.o) (_iPDM_AppendDataToSegmentSequence)
/cygdrive/c/Jennic/Components/Library/libPDM_EEPROM_JN516x.a(PDM_SegmentSequenceExtendDelete.o)
                              /cygdrive/c/Jennic/Components/Library/libPDM_EEPROM_JN516x.a(PDM_FileSystemData.o) (_bPDM_IsSequenceAppended)
/cygdrive/c/Jennic/Components/Library/libPDM_EEPROM_JN516x.a(PDM_SegmentSequenceExtendReconstruct.o)
                              /cygdrive/c/Jennic/Components/Library/libPDM_EEPROM_JN516x.a(PDM_FileSystemGenerate.o) (_iPDM_ReconstructExtendedSegmentSequence)
/cygdrive/c/Jennic/Components/Library/libPDM_EEPROM_JN516x.a(PDM_SegmentSequencePartialRead.o)
[...]
Memory Configuration

Name             Origin             Length             Attributes
flash            0x00080000         0x00040000
ram              0x0400004c         0x00007fb4
*default*        0x00000000         0xffffffff

Linker script and memory map

                0x08011199                OND_DEV_TYPE = 0x8011199
                0x00001430                OND_CHIPSET = 0x1430
                0x00007949                OND_REVISION = 0x7949
START GROUP
LOAD Printf.o
LOAD DeviceCoordinator.o
LOAD Exception.o
LOAD Security.o
LOAD AHI_EEPROM.o
LOAD MibGroupDec.o
LOAD MibNodeDec.o
LOAD MibNodeStatusDec.o
LOAD MibNodeControlDec.o
LOAD MibNwkStatusDec.o
LOAD MibNwkConfigDec.o
LOAD MibNwkConfigPatch.o
LOAD MibNwkProfileDec.o
LOAD MibNwkProfile.o
LOAD MibNwkSecurityDec.o
LOAD MibNwkSecurityPatch.o
LOAD MibDioControlDec.o
LOAD MibDioControl.o
LOAD Uart.o
LOAD /cygdrive/c/Jennic/Components/Library/libDBG_JN516x.a
LOAD /cygdrive/c/Jennic/Components/Library/libRecal_JN516x.a
LOAD /cygdrive/c/Jennic/Components/Library/libPDM_EEPROM_JN516x.a
LOAD /cygdrive/c/Jennic/Components/Library/libJIP_JN516x.a
LOAD /cygdrive/c/Jennic/Components/Library/libJenNet_JN516x.a
LOAD /cygdrive/c/Jennic/Components/Library/lib6LP_JN516x.a
LOAD /cygdrive/c/Jennic/Components/Library/libAppApi_JN516x.a
LOAD /cygdrive/c/Jennic/Components/Library/libMac_JN516x.a
LOAD /cygdrive/c/Jennic/Components/Library/libTof_JN516x.a
LOAD /cygdrive/c/Jennic/Components/Library/libXcv_JN516x.a
LOAD /cygdrive/c/Jennic/Components/Library/libAES_CCM_SW_PATCH_JN516x.a
LOAD /cygdrive/c/Jennic/Components/Library/libAes_JN516x.a
LOAD /cygdrive/c/Jennic/Components/Library/libTimerServer_JN516x.a
LOAD /cygdrive/c/Jennic/Components/Library/libHardwareApi_JN516x.a
LOAD /cygdrive/c/Jennic/Components/Library/libMicroSpecific_JN516x.a
LOAD /cygdrive/c/Jennic/Components/Library/libBoot_JN516x.a
LOAD /cygdrive/c/Jennic/Components/Library/libMaths_JN516x.a
LOAD /cygdrive/c/Jennic/Components/Library/libPDM_EEPROM_JN516x.a
LOAD /cygdrive/c/Jennic/Platform/DK4/Library/libBoardLib_JN516x.a
LOAD /cygdrive/c/Jennic/Application/BOCCN-JenNet-IP-AppTemplate_dong/MibCommon/Build/libMibCommon_JN516x_DEBUG.a
END GROUP
LOAD /cygdrive/c/Jennic/Tools/ba-elf-ba2/bin/../lib/gcc/ba-elf/4.1.2/ba2/libgcc.a
LOAD /cygdrive/c/Jennic/Tools/ba-elf-ba2/bin/../lib/gcc/ba-elf/4.1.2/../../../../ba-elf/lib/ba2/libc.a
LOAD /cygdrive/c/Jennic/Tools/ba-elf-ba2/bin/../lib/gcc/ba-elf/4.1.2/ba2/libgcc.a
                0x00000800                _stack_size = 0x800
                0x00003340                _minimum_heap_size = 0x3340
                0x00080038                __exception_vsr_table = 0x80038
                0x04000000                _pSPIflashFncTable = 0x4000000
                0x00000800                _stack_size = 0x800
                0x00003340                _minimum_heap_size = 0x3340
                0x00000044                restore_state = 0x44
                0x0000004a                _bZSPIWaitWIPClear = 0x4a
                0x00000050                _u16ZSPIflashRDID = 0x50
                0x00000056                _u8SelectFlashChipType = 0x56
                0x0000005c                _memcpy = 0x5c
                0x00000066                _vBootFlashProg = 0x66
                [0x00003340]                _minimum_heap_size = DEFINED (_minimum_heap_size)?_minimum_heap_size:0xd16
                0x00000000                _SwConfig = (DEFINED (g_bSWConf_Debug) | (DEFINED (g_bSWConf_AltDebugPort) << 0x1))

.version        0x0007fffc        0x4
                0x0007fffc        0x4 LONG 0x7030008

.bir            0x00080000       0x10
                0x00080000                _flash_start = <code 342> (.)
                0x00080000                _flash_beg = <code 342> (.)
                0x00080000        0x4 LONG 0x12345678
                0x00080004        0x4 LONG 0x11223344
                0x00080008        0x4 LONG 0x55667788
                0x0008000c        0x1 BYTE 0x8
                0x0008000d        0x1 BYTE 0x1
                0x0008000e        0x2 SHORT 0x0

.flashheader    0x00080010       0x28
                0x00080010        0x4 LONG 0x0
                0x00080014        0x4 LONG 0x0
                0x00080018        0x4 LONG 0x0
                0x0008001c        0x2 SHORT 0x0
                0x0008001e        0x2 SHORT 0x0 <code 342> (_SwConfig)
                0x00080020                _enc_start = <code 342> (.)
                0x00080020        0x4 LONG 0x1b434 <code 342> (_image_len)
                0x00000000                _enc_offset = (_enc_start & 0xf)
                [0x00000020]                _enc_start = (_enc_start - _flash_beg)
                0x00080024        0x4 LONG 0x9b144 <code 342> (_flash_data_start)
                0x00080028        0x2 SHORT 0x13 ((<code 342> (_ram_data_start) / 0x4) & 0xffff)
                0x0008002a        0x2 SHORT 0xbc ((<code 342> (_ram_data_len) / 0x4) & 0xffff)
                0x0008002c        0x2 SHORT 0xcf ((<code 342> (_bss_start) / 0x4) & 0xffff)
                0x0008002e        0x2 SHORT 0x2e9 ((<code 342> (_bss_len) / 0x4) & 0xffff)
                0x00080030        0x4 LONG 0x81386 <code 342> (_AppWarmStart)
                0x00080034        0x4 LONG 0x8138e <code 342> (_AppColdStart)
                0x00000044                PROVIDE (_vException_BusError, restore_state)
                0x00000044                PROVIDE (_vException_UnalignedAccess, restore_state)
                0x00000044                PROVIDE (_vException_IllegalInstruction, restore_state)
                0x00000044                PROVIDE (_vException_SysCall, restore_state)
                0x00000044                PROVIDE (_vException_Trap, restore_state)
                0x00000044                PROVIDE (_vException_StackOverflow, restore_state)
                0x00080038                . = <code 342> (__exception_vsr_table)

.vsr_table      0x00080038       0x18
                0x00080038        0x4 LONG 0x81592 <code 342> (_vException_BusError)
                0x0008003c        0x4 LONG 0x8158a <code 342> (_vException_UnalignedAccess)
                0x00080040        0x4 LONG 0x81582 <code 342> (_vException_IllegalInstruction)
                0x00080044        0x4 LONG 0x44 <code 342> (_vException_SysCall)
                0x00080048        0x4 LONG 0x81572 <code 342> (_vException_Trap)
                0x0008004c        0x4 LONG 0x8157a <code 342> (_vException_StackOverflow)

.vsr_handlers   0x00080050       0xab
 *(.vsr_handlers)
 .vsr_handlers  0x00080050       0xab /cygdrive/c/Jennic/Components/Library/libBoot_JN516x.a(ExceptionHandler.o)
                0x00080050                __exception_external_interrupt
                0x000800f9                __default_vsr_dummy

.rodata         0x000800fc      0xa5e
 *(.rodata*)
 .rodata.str1.1
                0x000800fc      0x480 DeviceCoordinator.o
                                0x485 (size before relaxing)
 .rodata.str1.1
                0x0008057c       0x42 Exception.o
 .rodata.str1.1
                0x000805be       0x1e MibDioControlDec.o
 .rodata.hMibDioControl
                0x000805dc        0x4 MibDioControlDec.o
                0x000805dc                _hMibDioControl
 .rodata.sDioControlDefMibDef
                0x000805e0       0x1c MibDioControlDec.o
 .rodata.str1.1
                0x000805fc       0x59 MibDioControl.o
 .rodata.str1.1
                0x00080655       0x16 /cygdrive/c/Jennic/Components/Library/libDBG_JN516x.a(dbg.o)
                                 0x17 (size before relaxing)
 .rodata.au8SpeedCodeToEepromClkDivisors
                0x0008066b        0x8 /cygdrive/c/Jennic/Components/Library/libPDM_EEPROM_JN516x.a(PDM_EEPROM.o)
 .rodata.str1.1
                0x00080673       0x69 /cygdrive/c/Jennic/Components/Library/libJIP_JN516x.a(JIP_MIB_Network.o)
 .rodata.sNetworkMibDef
                0x000806dc       0x58 /cygdrive/c/Jennic/Components/Library/libJIP_JN516x.a(JIP_MIB_Network.o)
 .rodata.str1.1
                0x00080734       0x25 /cygdrive/c/Jennic/Components/Library/libJIP_JN516x.a(JIP_MIB_Node.o)
                                 0x2d (size before relaxing)
 *fill*         0x00080759        0x3 00
 .rodata.sNodeMibDef
                0x0008075c       0x30 /cygdrive/c/Jennic/Components/Library/libJIP_JN516x.a(JIP_MIB_Node.o)
 .rodata.str1.1
                0x0008078c       0x21 /cygdrive/c/Jennic/Components/Library/libJIP_JN516x.a(JIP_MIB_Groups.o)
                                 0x28 (size before relaxing)
 *fill*         0x000807ad        0x3 00
 .rodata.sGroupsMibDef
                0x000807b0       0x30 /cygdrive/c/Jennic/Components/Library/libJIP_JN516x.a(JIP_MIB_Groups.o)
 .rodata.str1.1
                0x000807e0       0x38 /cygdrive/c/Jennic/Components/Library/libJIP_JN516x.a(JIP_MIB_OND.o)
 .rodata.sONDMibDef
                0x00080818       0x44 /cygdrive/c/Jennic/Components/Library/libJIP_JN516x.a(JIP_MIB_OND.o)
 .rodata.str1.1
                0x0008085c        0xc /cygdrive/c/Jennic/Components/Library/libJIP_JN516x.a(JIP_MIB_Device.o)
                                 0x15 (size before relaxing)
 .rodata.sDeviceIDMibDef
                0x00080868       0x1c /cygdrive/c/Jennic/Components/Library/libJIP_JN516x.a(JIP_MIB_Device.o)
 .rodata.au8DefaultKeySource
                0x00080884        0x8 /cygdrive/c/Jennic/Components/Library/libJenNet_JN516x.a(Sec2006.o)
 .rodata.au86LP_HC.5834
                0x0008088c        0x4 /cygdrive/c/Jennic/Components/Library/libJenNet_JN516x.a(LowEnergySupport.o)
 .rodata.au8EventTable
                0x00080890       0x50 /cygdrive/c/Jennic/Components/Library/libJenNet_JN516x.a(JenNet_OND.o)
 .rodata.aprEventHandler
                0x000808e0       0x2c /cygdrive/c/Jennic/Components/Library/libJenNet_JN516x.a(JenNet_OND.o)
 .rodata.sBroadcastAddr
                0x0008090c        0x8 /cygdrive/c/Jennic/Components/Library/libJenNet_JN516x.a(JenNet_OND.o)
 .rodata.sUnknownMacAddr
                0x00080914        0x8 /cygdrive/c/Jennic/Components/Library/libJenNet_JN516x.a(JenNet_OND.o)
 .rodata.au8TreeBeaconPayload.5611
                0x0008091c        0x3 /cygdrive/c/Jennic/Components/Library/lib6LP_JN516x.a(NetworkFormationTree.o)
 *fill*         0x0008091f        0x1 00
 .rodata.sLinkLocalPrefix
                0x00080920        0x8 /cygdrive/c/Jennic/Components/Library/lib6LP_JN516x.a(eui.o)
 .rodata.au8DestAddr.5797
                0x00080928       0x10 /cygdrive/c/Jennic/Components/Library/lib6LP_JN516x.a(groupcast.o)
 .rodata.s_sPibInit
                0x00080938       0x18 /cygdrive/c/Jennic/Components/Library/libMac_JN516x.a(mac_pib_mlme.o)
 .rodata.aeXcvPhyEvtToScanEvt.4240
                0x00080950       0x18 /cygdrive/c/Jennic/Components/Library/libMac_JN516x.a(mac_scan.o)
 .rodata.aeXcvBbcEvtToScanEvt.4230
                0x00080968        0xa /cygdrive/c/Jennic/Components/Library/libMac_JN516x.a(mac_scan.o)
 .rodata.s_atScanEvtST
                0x00080972       0x31 /cygdrive/c/Jennic/Components/Library/libMac_JN516x.a(mac_scan.o)
 *fill*         0x000809a3        0x1 00
 .rodata.s_aprScanHandleEvt
                0x000809a4       0x30 /cygdrive/c/Jennic/Components/Library/libMac_JN516x.a(mac_scan.o)
 .rodata.psTAMcontext
                0x000809d4        0x4 /cygdrive/c/Jennic/Components/Library/libMac_JN516x.a(TAM.o)
                0x000809d4                _psTAMcontext
 .rodata.psTamMacContext
                0x000809d8        0x4 /cygdrive/c/Jennic/Components/Library/libMac_JN516x.a(TAM.o)
                0x000809d8                _psTamMacContext
 .rodata.psTamXcvContext
                0x000809dc        0x4 /cygdrive/c/Jennic/Components/Library/libMac_JN516x.a(TAM.o)
                0x000809dc                _psTamXcvContext
 .rodata.au8XcvToTAMevent.4757
                0x000809e0        0xa /cygdrive/c/Jennic/Components/Library/libMac_JN516x.a(TAM.o)
 .rodata.au8HeaderSize.4215
                0x000809ea        0xe /cygdrive/c/Jennic/Components/Library/libMac_JN516x.a(TAMcommon.o)
 .rodata.apvActionCalls
                0x000809f8       0x88 /cygdrive/c/Jennic/Components/Library/libMac_JN516x.a(TAMevent.o)
                0x000809f8                _apvActionCalls
 .rodata.au8StateActions
                0x00080a80       0x8c /cygdrive/c/Jennic/Components/Library/libMac_JN516x.a(TAMevent.o)
                0x00080a80                _au8StateActions
 .rodata.au8SizeInc.4433
                0x00080b0c        0x9 /cygdrive/c/Jennic/Components/Library/libMac_JN516x.a(TAMsecurity.o)
 .rodata.au8MICLenLUT.3714
                0x00080b15        0x4 /cygdrive/c/Jennic/Components/Library/libMac_JN516x.a(TAMsecurity.o)
 .rodata.au8dataSizeTable
                0x00080b19        0xd /cygdrive/c/Jennic/Components/Library/libAes_JN516x.a(AEScoprocessorAPI.o)
                0x00080b19                _au8dataSizeTable
 .rodata.au8FlashWaitStates32MXO
                0x00080b26        0x8 /cygdrive/c/Jennic/Components/Library/libHardwareApi_JN516x.a(AHI_System.o)
 .rodata.au8FlashWaitStatesHSRCO
                0x00080b2e        0x8 /cygdrive/c/Jennic/Components/Library/libHardwareApi_JN516x.a(AHI_System.o)
 *fill*         0x00080b36        0x2 00
 .rodata.au32TimerBaseAddress
                0x00080b38       0x14 /cygdrive/c/Jennic/Components/Library/libHardwareApi_JN516x.a(AHI_Timer.o)
 .rodata.au32UartAddrOffset
                0x00080b4c        0x8 /cygdrive/c/Jennic/Components/Library/libHardwareApi_JN516x.a(AHI_Uart.o)
                0x00080b4c                _au32UartAddrOffset
 .rodata.au8ClockDivisor.3223
                0x00080b54        0x6 /cygdrive/c/Jennic/Components/Library/libHardwareApi_JN516x.a(AHI_Uart.o)

.text           0x00080b5c    0x1a5e7
 *(.text*)
 .text.vInitPrintf
                0x00080b5c        0x9 Printf.o
                0x00080b5c                _vInitPrintf
 .text.vJIP_Remote_SetResponse
                0x00080b65       0x34 DeviceCoordinator.o
                0x00080b65                _vJIP_Remote_SetResponse
 .text.vJIP_Remote_DataSent
                0x00080b99       0x15 DeviceCoordinator.o
                0x00080b99                _vJIP_Remote_DataSent
 .text.Node_eJipInit
                0x00080bae       0xf6 DeviceCoordinator.o
                0x00080bae                _Node_eJipInit
 .text.v6LP_PeripheralEvent
                0x00080ca4      0x1b0 DeviceCoordinator.o
                0x00080ca4                _v6LP_PeripheralEvent
 .text.vJIP_StackEvent
                0x00080e54      0x25c DeviceCoordinator.o
                0x00080e54                _vJIP_StackEvent
 .text.vPutChar
                0x000810b0       0x32 DeviceCoordinator.o
 .text.v6LP_DataEvent
                0x000810e2       0xbf DeviceCoordinator.o
                0x000810e2                _v6LP_DataEvent
 .text.v6LP_ConfigureNetwork
                0x000811a1       0x9e DeviceCoordinator.o
                0x000811a1                _v6LP_ConfigureNetwork
 .text.Device_vInit
                0x0008123f      0x147 DeviceCoordinator.o
                0x0008123f                _Device_vInit
 .text.AppWarmStart
                0x00081386        0x8 DeviceCoordinator.o
                0x00081386                _AppWarmStart
 .text.AppColdStart
                0x0008138e        0x8 DeviceCoordinator.o
                0x0008138e                _AppColdStart
 .text.Exception_vInit
                0x00081396       0x59 Exception.o
                0x00081396                _Exception_vInit
 .text.vException
                0x000813ef      0x183 Exception.o
 .text.vException_Trap
                0x00081572        0x8 Exception.o
                0x00081572                _vException_Trap
 .text.vException_StackOverflow
                0x0008157a        0x8 Exception.o
                0x0008157a                _vException_StackOverflow
 .text.vException_IllegalInstruction
                0x00081582        0x8 Exception.o
                0x00081582                _vException_IllegalInstruction
 .text.vException_UnalignedAccess
                0x0008158a        0x8 Exception.o
                0x0008158a                _vException_UnalignedAccess
 .text.vException_BusError
                0x00081592        0x8 Exception.o
                0x00081592                _vException_BusError
 .text.pvHeapAllocOverflowProtect
                0x0008159a       0x39 Exception.o
 .text.MibDioControl_eSetOutputOff
                0x000815d3       0x21 MibDioControl.o
                0x000815d3                _MibDioControl_eSetOutputOff
 .text.MibDioControl_eSetOutputOn
                0x000815f4       0x23 MibDioControl.o
                0x000815f4                _MibDioControl_eSetOutputOn
 .text.MibDioControl_vRegister
                0x00081617       0x31 MibDioControl.o
                0x00081617                _MibDioControl_vRegister
 .text.MibDioControl_vInit
                0x00081648       0x25 MibDioControl.o
                0x00081648                _MibDioControl_vInit
 .text.DBG_vReset
                0x0008166d       0x12 /cygdrive/c/Jennic/Components/Library/libDBG_JN516x.a(dbg.o)
                0x0008166d                _DBG_vReset
 .text.DBG_vInit
                0x0008167f       0x2d /cygdrive/c/Jennic/Components/Library/libDBG_JN516x.a(dbg.o)
                0x0008167f                _DBG_vInit
 .text.vWriteUIntToBuffer
                0x000816ac       0x8d /cygdrive/c/Jennic/Components/Library/libDBG_JN516x.a(dbg.o)
 .text.vNewLine
                0x00081739       0x8a /cygdrive/c/Jennic/Components/Library/libDBG_JN516x.a(dbg.o)
 .text.pccHandlePlaceHolder
                0x000817c3      0x419 /cygdrive/c/Jennic/Components/Library/libDBG_JN516x.a(dbg.o)
 .text.dbg_vPrintfImplMain
                0x00081bdc       0x8b /cygdrive/c/Jennic/Components/Library/libDBG_JN516x.a(dbg.o)
                0x00081bdc                _dbg_vPrintfImplMain
 .text.dbg_vPrintfImplNoneVerbose
                0x00081c67       0x39 /cygdrive/c/Jennic/Components/Library/libDBG_JN516x.a(dbg.o)
                0x00081c67                _dbg_vPrintfImplNoneVerbose
 .text.DBG_vUartFailedAssert
                0x00081ca0       0x14 /cygdrive/c/Jennic/Components/Library/libDBG_JN516x.a(dbg_uart.o)
                0x00081ca0                _DBG_vUartFailedAssert
 .text.DBG_vUartFlush
                0x00081cb4       0x18 /cygdrive/c/Jennic/Components/Library/libDBG_JN516x.a(dbg_uart.o)
                0x00081cb4                _DBG_vUartFlush
 .text.DBG_vUartPutch
                0x00081ccc       0x29 /cygdrive/c/Jennic/Components/Library/libDBG_JN516x.a(dbg_uart.o)
                0x00081ccc                _DBG_vUartPutch
 .text.DBG_vUartInitHardware
                0x00081cf5       0x44 /cygdrive/c/Jennic/Components/Library/libDBG_JN516x.a(dbg_uart.o)
                0x00081cf5                _DBG_vUartInitHardware
 *fill*         0x00081d39        0x3 00
 .text.DBG_vUartInit
                0x00081d3c       0x94 /cygdrive/c/Jennic/Components/Library/libDBG_JN516x.a(dbg_uart.o)
                0x00081d3c                _DBG_vUartInit
 .text.PDM_vInit
                0x00081dd0       0x4f /cygdrive/c/Jennic/Components/Library/libPDM_EEPROM_JN516x.a(PDM.o)
                0x00081dd0                _PDM_vInit
 .text.iPDM_CreateFileSystemInRAM
                0x00081e1f      0x126 /cygdrive/c/Jennic/Components/Library/libPDM_EEPROM_JN516x.a(PDM_Create.o)
                0x00081e1f                _iPDM_CreateFileSystemInRAM
 .text.bPDM_InitialiseEEPROM
                0x00081f45       0x4d /cygdrive/c/Jennic/Components/Library/libPDM_EEPROM_JN516x.a(PDM_EEPROM.o)
                0x00081f45                _bPDM_InitialiseEEPROM
 .text.vPDM_WriteEEPROMfixSegmentData
                0x00081f92       0x3e /cygdrive/c/Jennic/Components/Library/libPDM_EEPROM_JN516x.a(PDM_EEPROM.o)
                0x00081f92                _vPDM_WriteEEPROMfixSegmentData
 .text.bPDM_DoesEEPROMsegmentContainFileSystemHeader
                0x00081fd0       0x23 /cygdrive/c/Jennic/Components/Library/libPDM_EEPROM_JN516x.a(PDM_EEPROMsegmentStatus.o)
                0x00081fd0                _bPDM_DoesEEPROMsegmentContainFileSystemHeader
 .text.bPDM_IsEEPROMsegmentErased
                0x00081ff3       0x46 /cygdrive/c/Jennic/Components/Library/libPDM_EEPROM_JN516x.a(PDM_EEPROMsegmentStatus.o)
                0x00081ff3                _bPDM_IsEEPROMsegmentErased
 .text.vPDM_CheckAndInitialiseEEPROMsegments
                0x00082039       0x34 /cygdrive/c/Jennic/Components/Library/libPDM_EEPROM_JN516x.a(PDM_EEPROMsegmentStatus.o)
                0x00082039                _vPDM_CheckAndInitialiseEEPROMsegments
 .text.u8PDM_CalculateFileSystemCapacity
                0x0008206d       0x27 /cygdrive/c/Jennic/Components/Library/libPDM_EEPROM_JN516x.a(PDM_FileSystem.o)
                0x0008206d                _u8PDM_CalculateFileSystemCapacity
 .text.u8PDM_GetFileSystemOccupancy
                0x00082094       0x1b /cygdrive/c/Jennic/Components/Library/libPDM_EEPROM_JN516x.a(PDM_FileSystem.o)
                0x00082094                _u8PDM_GetFileSystemOccupancy
 .text.vPDM_CreateFileSystemHeader
                0x000820af       0x4e /cygdrive/c/Jennic/Components/Library/libPDM_EEPROM_JN516x.a(PDM_FileSystem.o)
                0x000820af                _vPDM_CreateFileSystemHeader
 .text.iPDM_GetFileSystemBuffer
                0x000820fd       0x43 /cygdrive/c/Jennic/Components/Library/libPDM_EEPROM_JN516x.a(PDM_FileSystem.o)
                0x000820fd                _iPDM_GetFileSystemBuffer
 .text.iPDM_SearchForSequenceIdOnAllocList
                0x00082140       0x1d /cygdrive/c/Jennic/Components/Library/libPDM_EEPROM_JN516x.a(PDM_FileSystemGenerate.o)
 *fill*         0x0008215d        0x3 00
 .text.vPDM_GenerateFileSystemInRAM
                0x00082160      0x3b0 /cygdrive/c/Jennic/Components/Library/libPDM_EEPROM_JN516x.a(PDM_FileSystemGenerate.o)
                0x00082160                _vPDM_GenerateFileSystemInRAM
 .text.vPDM_GenerateCleanFileSystem
                0x00082510       0x7b /cygdrive/c/Jennic/Components/Library/libPDM_EEPROM_JN516x.a(PDM_FileSystemGenerate.o)
                0x00082510                _vPDM_GenerateCleanFileSystem
 .text.vPDM_MoveFileRecordFromListToList
                0x0008258b       0x25 /cygdrive/c/Jennic/Components/Library/libPDM_EEPROM_JN516x.a(PDM_FileSystemMove.o)
                0x0008258b                _vPDM_MoveFileRecordFromListToList
 .text.vPDM_MoveRecordToDeAllocList
                0x000825b0       0x23 /cygdrive/c/Jennic/Components/Library/libPDM_EEPROM_JN516x.a(PDM_FileSystemMove.o)
                0x000825b0                _vPDM_MoveRecordToDeAllocList
 .text.vPDM_MoveAllDataFromListToList
                0x000825d3       0x4e /cygdrive/c/Jennic/Components/Library/libPDM_EEPROM_JN516x.a(PDM_FileSystemMove.o)
                0x000825d3                _vPDM_MoveAllDataFromListToList
 .text.vPDM_MoveAllDataWithBufferIdAndStateFromListToList
                0x00082621       0x9e /cygdrive/c/Jennic/Components/Library/libPDM_EEPROM_JN516x.a(PDM_FileSystemMove.o)
                0x00082621                _vPDM_MoveAllDataWithBufferIdAndStateFromListToList
 .text.vPDM_MoveAllDataToDeAllocList
                0x000826bf       0x2b /cygdrive/c/Jennic/Components/Library/libPDM_EEPROM_JN516x.a(PDM_FileSystemMove.o)
                0x000826bf                _vPDM_MoveAllDataToDeAllocList
 .text.vPDM_MoveAllDataWithBufferIdFromListToList
                0x000826ea       0x93 /cygdrive/c/Jennic/Components/Library/libPDM_EEPROM_JN516x.a(PDM_FileSystemMove.o)
                0x000826ea                _vPDM_MoveAllDataWithBufferIdFromListToList
 .text.iPDM_SelectValidFileRecordInstance
                0x0008277d      0x137 /cygdrive/c/Jennic/Components/Library/libPDM_EEPROM_JN516x.a(PDM_FileSystemVerify.o)
 .text.iPDM_VerifyDataSequenceWithBufferId
                0x000828b4       0x9d /cygdrive/c/Jennic/Components/Library/libPDM_EEPROM_JN516x.a(PDM_FileSystemVerify.o)
                0x000828b4                _iPDM_VerifyDataSequenceWithBufferId
 .text.iPDM_DetectFileSystemRecordMagicNumber
                0x00082951       0x27 /cygdrive/c/Jennic/Components/Library/libPDM_EEPROM_JN516x.a(PDM_FileSystemVerifyAndRepair.o)
                0x00082951                _iPDM_DetectFileSystemRecordMagicNumber
 .text.iPDM_VerifyFileSystemRecord
                0x00082978       0x24 /cygdrive/c/Jennic/Components/Library/libPDM_EEPROM_JN516x.a(PDM_FileSystemVerifyAndRepair.o)
                0x00082978                _iPDM_VerifyFileSystemRecord
 .text.iPDM_RepairFileSystemRecord
                0x0008299c       0x8c /cygdrive/c/Jennic/Components/Library/libPDM_EEPROM_JN516x.a(PDM_FileSystemVerifyAndRepair.o)
                0x0008299c                _iPDM_RepairFileSystemRecord
 .text.iPDM_SetVerifyBytesInFileSystemRecord
                0x00082a28       0x72 /cygdrive/c/Jennic/Components/Library/libPDM_EEPROM_JN516x.a(PDM_FileSystemVerifyAndRepair.o)
                0x00082a28                _iPDM_SetVerifyBytesInFileSystemRecord
 .text.bPDM_ImageBitmapRepairCheck
                0x00082a9a       0x26 /cygdrive/c/Jennic/Components/Library/libPDM_EEPROM_JN516x.a(PDM_ImageBitmapReconstruct.o)
                0x00082a9a                _bPDM_ImageBitmapRepairCheck
 .text.iPDM_ReconstructValidImageBitmap
                0x00082ac0      0x1a0 /cygdrive/c/Jennic/Components/Library/libPDM_EEPROM_JN516x.a(PDM_ImageBitmapReconstruct.o)
                0x00082ac0                _iPDM_ReconstructValidImageBitmap
 .text.boIdValueSearchMatch
                0x00082c60       0x4e /cygdrive/c/Jennic/Components/Library/libPDM_EEPROM_JN516x.a(PDM_SearchAndListOrder.o)
 .text.boSearchForWearCountInsertPoint
                0x00082cae       0x18 /cygdrive/c/Jennic/Components/Library/libPDM_EEPROM_JN516x.a(PDM_SearchAndListOrder.o)
 .text.iPDM_SearchForSpecificSegmentInList
                0x00082cc6       0x3c /cygdrive/c/Jennic/Components/Library/libPDM_EEPROM_JN516x.a(PDM_SearchAndListOrder.o)
                0x00082cc6                _iPDM_SearchForSpecificSegmentInList
 .text.iPDM_SearchForBufferIdInList
                0x00082d02       0x3f /cygdrive/c/Jennic/Components/Library/libPDM_EEPROM_JN516x.a(PDM_SearchAndListOrder.o)
                0x00082d02                _iPDM_SearchForBufferIdInList
 .text.iPDM_SearchForBufferIdInFileSystem
                0x00082d41       0x17 /cygdrive/c/Jennic/Components/Library/libPDM_EEPROM_JN516x.a(PDM_SearchAndListOrder.o)
                0x00082d41                _iPDM_SearchForBufferIdInFileSystem
 .text.vPDM_AddFileSystemElementToListInAscendingWearCountOrder
                0x00082d58       0x4a /cygdrive/c/Jennic/Components/Library/libPDM_EEPROM_JN516x.a(PDM_SearchAndListOrder.o)
                0x00082d58                _vPDM_AddFileSystemElementToListInAscendingWearCountOrder
 .text.iPDM_WriteSegmentHeaderAndData
                0x00082da2       0xb1 /cygdrive/c/Jennic/Components/Library/libPDM_EEPROM_JN516x.a(PDM_Segment.o)
                0x00082da2                _iPDM_WriteSegmentHeaderAndData
 .text.iPDM_SegmentCopyAndAppendData
                0x00082e53       0x9e /cygdrive/c/Jennic/Components/Library/libPDM_EEPROM_JN516x.a(PDM_Segment.o)
                0x00082e53                _iPDM_SegmentCopyAndAppendData
 .text.iPDM_WriteUserDataIntoSegment
                0x00082ef1       0x46 /cygdrive/c/Jennic/Components/Library/libPDM_EEPROM_JN516x.a(PDM_SegmentData.o)
                0x00082ef1                _iPDM_WriteUserDataIntoSegment
 .text.iPDM_ReadUserDataFromFileSystemRecord
                0x00082f37       0x38 /cygdrive/c/Jennic/Components/Library/libPDM_EEPROM_JN516x.a(PDM_SegmentData.o)
                0x00082f37                _iPDM_ReadUserDataFromFileSystemRecord
 .text.iPDM_ReadUserDataFromSegmentWithId
                0x00082f6f       0x2f /cygdrive/c/Jennic/Components/Library/libPDM_EEPROM_JN516x.a(PDM_SegmentData.o)
                0x00082f6f                _iPDM_ReadUserDataFromSegmentWithId
 .text.iPDM_ReconstructReplacedDataTable
                0x00082f9e      0x1c1 /cygdrive/c/Jennic/Components/Library/libPDM_EEPROM_JN516x.a(PDM_SegmentReplace.o)
                0x00082f9e                _iPDM_ReconstructReplacedDataTable
 .text.iPDM_ReplaceChangedSegmentInSequence
                0x0008315f       0xc9 /cygdrive/c/Jennic/Components/Library/libPDM_EEPROM_JN516x.a(PDM_SegmentReplace.o)
                0x0008315f                _iPDM_ReplaceChangedSegmentInSequence
 .text.vPDM_CountInstanceOccurances
                0x00083228       0x66 /cygdrive/c/Jennic/Components/Library/libPDM_EEPROM_JN516x.a(PDM_SegmentSequenceExtendDelete.o)
 .text.iPDM_DeleteAppendedSequence
                0x0008328e      0x138 /cygdrive/c/Jennic/Components/Library/libPDM_EEPROM_JN516x.a(PDM_SegmentSequenceExtendDelete.o)
                0x0008328e                _iPDM_DeleteAppendedSequence
 .text.boSegmentNumberDeleteSearchMatch
                0x000833c6       0x19 /cygdrive/c/Jennic/Components/Library/libPDM_EEPROM_JN516x.a(PDM_SegmentSequenceExtendReconstruct.o)
 .text.iPDM_ReplaceSegmentFromJunkLists
                0x000833df       0x4d /cygdrive/c/Jennic/Components/Library/libPDM_EEPROM_JN516x.a(PDM_SegmentSequenceExtendReconstruct.o)
 .text.iPDM_ReconstructExtendedSegmentSequence
                0x0008342c      0x284 /cygdrive/c/Jennic/Components/Library/libPDM_EEPROM_JN516x.a(PDM_SegmentSequenceExtendReconstruct.o)
                0x0008342c                _iPDM_ReconstructExtendedSegmentSequence
 .text.boSearchForWearCountSubstitute
                0x000836b0       0x18 /cygdrive/c/Jennic/Components/Library/libPDM_EEPROM_JN516x.a(PDM_WearLevelling.o)
 .text.iPDM_GetWearLevelledBuffer
                0x000836c8      0x121 /cygdrive/c/Jennic/Components/Library/libPDM_EEPROM_JN516x.a(PDM_WearLevelling.o)
                0x000836c8                _iPDM_GetWearLevelledBuffer
 .text.vPDM_AESccmCODEC
                0x000837e9       0x99 /cygdrive/c/Jennic/Components/Library/libPDM_EEPROM_JN516x.a(PDM_AESccmCODEC.o)
                0x000837e9                _vPDM_AESccmCODEC
 .text.vDLISTinitialise
                0x00083882        0x9 /cygdrive/c/Jennic/Components/Library/libPDM_EEPROM_JN516x.a(dlist.o)
                0x00083882                _vDLISTinitialise
 .text.psDLISTgetHead
                0x0008388b        0x6 /cygdrive/c/Jennic/Components/Library/libPDM_EEPROM_JN516x.a(dlist.o)
                0x0008388b                _psDLISTgetHead
 .text.psDLISTgetTail
                0x00083891        0x6 /cygdrive/c/Jennic/Components/Library/libPDM_EEPROM_JN516x.a(dlist.o)
                0x00083891                _psDLISTgetTail
 .text.psDLISTgetNext
                0x00083897        0x6 /cygdrive/c/Jennic/Components/Library/libPDM_EEPROM_JN516x.a(dlist.o)
                0x00083897                _psDLISTgetNext
 .text.vDLISTaddToHead
                0x0008389d       0x29 /cygdrive/c/Jennic/Components/Library/libPDM_EEPROM_JN516x.a(dlist.o)
                0x0008389d                _vDLISTaddToHead
 .text.psDLISTremoveFromTail
                0x000838c6       0x30 /cygdrive/c/Jennic/Components/Library/libPDM_EEPROM_JN516x.a(dlist.o)
                0x000838c6                _psDLISTremoveFromTail
 .text.psDLISTremoveFromHead
                0x000838f6       0x2b /cygdrive/c/Jennic/Components/Library/libPDM_EEPROM_JN516x.a(dlist.o)
                0x000838f6                _psDLISTremoveFromHead
 .text.boDLISTisEmpty
                0x00083921       0x20 /cygdrive/c/Jennic/Components/Library/libPDM_EEPROM_JN516x.a(dlist.o)
                0x00083921                _boDLISTisEmpty
 .text.psSearchList
                0x00083941       0x2d /cygdrive/c/Jennic/Components/Library/libPDM_EEPROM_JN516x.a(dlist.o)
 .text.psDLISTsearchFromHead
                0x0008396e        0xb /cygdrive/c/Jennic/Components/Library/libPDM_EEPROM_JN516x.a(dlist.o)
                0x0008396e                _psDLISTsearchFromHead
 .text.psDLISTsearchForward
                0x00083979        0x8 /cygdrive/c/Jennic/Components/Library/libPDM_EEPROM_JN516x.a(dlist.o)
                0x00083979                _psDLISTsearchForward
 .text.vDLISTinsertBefore
                0x00083981       0x21 /cygdrive/c/Jennic/Components/Library/libPDM_EEPROM_JN516x.a(dlist.o)
                0x00083981                _vDLISTinsertBefore
 .text.psDLISTremove
                0x000839a2       0x3a /cygdrive/c/Jennic/Components/Library/libPDM_EEPROM_JN516x.a(dlist.o)
                0x000839a2                _psDLISTremove
 .text.vDLISTaddToTail
                0x000839dc       0x28 /cygdrive/c/Jennic/Components/Library/libPDM_EEPROM_JN516x.a(dlist.o)
                0x000839dc                _vDLISTaddToTail
 .text.OS_eExitCriticalSection_stub
                0x00083a04       0x1a /cygdrive/c/Jennic/Components/Library/libPDM_EEPROM_JN516x.a(PdmOsStub.o)
                0x00083a04                _OS_eExitCriticalSection_stub
 .text.OS_eEnterCriticalSection_stub
                0x00083a1e       0x1f /cygdrive/c/Jennic/Components/Library/libPDM_EEPROM_JN516x.a(PdmOsStub.o)
                0x00083a1e                _OS_eEnterCriticalSection_stub
 .text.u8PDM_ReadBitmapHeader
                0x00083a3d       0x28 /cygdrive/c/Jennic/Components/Library/libPDM_EEPROM_JN516x.a(PDM_Bitmap.o)
 .text.vPDM_ReconstructValidBitmap
                0x00083a65      0x147 /cygdrive/c/Jennic/Components/Library/libPDM_EEPROM_JN516x.a(PDM_Bitmap.o)
                0x00083a65                _vPDM_ReconstructValidBitmap
 .text.vPDM_SetEEPROMandFileSystemWearCount
                0x00083bac       0x30 /cygdrive/c/Jennic/Components/Library/libPDM_EEPROM_JN516x.a(PDM_EEPROMheaderAccessFunctions.o)
                0x00083bac                _vPDM_SetEEPROMandFileSystemWearCount
 .text.vPDM_SetEEPROMandFileSystemValidState
                0x00083bdc       0x54 /cygdrive/c/Jennic/Components/Library/libPDM_EEPROM_JN516x.a(PDM_EEPROMheaderAccessFunctions.o)
                0x00083bdc                _vPDM_SetEEPROMandFileSystemValidState
 .text.vPDM_WriteByteIntoEEPROM
                0x00083c30       0x2e /cygdrive/c/Jennic/Components/Library/libPDM_EEPROM_JN516x.a(PDM_EEPROMReadAndWrite.o)
                0x00083c30                _vPDM_WriteByteIntoEEPROM
 .text.vPDM_WriteWordIntoEEPROM
                0x00083c5e       0x1c /cygdrive/c/Jennic/Components/Library/libPDM_EEPROM_JN516x.a(PDM_EEPROMReadAndWrite.o)
                0x00083c5e                _vPDM_WriteWordIntoEEPROM
 .text.vPDM_EraseEEPROMsegment
                0x00083c7a       0x47 /cygdrive/c/Jennic/Components/Library/libPDM_EEPROM_JN516x.a(PDM_EEPROMReadAndWrite.o)
                0x00083c7a                _vPDM_EraseEEPROMsegment
 .text.vPDM_ReadUserDataFromEEPROMsegment
                0x00083cc1       0xb7 /cygdrive/c/Jennic/Components/Library/libPDM_EEPROM_JN516x.a(PDM_EEPROMReadAndWrite.o)
                0x00083cc1                _vPDM_ReadUserDataFromEEPROMsegment
 .text.iPDM_WriteSegmentHeaderIntoEEPROMsegment
                0x00083d78       0x4d /cygdrive/c/Jennic/Components/Library/libPDM_EEPROM_JN516x.a(PDM_EEPROMReadAndWrite.o)
                0x00083d78                _iPDM_WriteSegmentHeaderIntoEEPROMsegment
 .text.vPDM_WriteFileSystemRecordAndSegmentDataIntoEEPROMsegment
                0x00083dc5       0x62 /cygdrive/c/Jennic/Components/Library/libPDM_EEPROM_JN516x.a(PDM_EEPROMReadAndWrite.o)
                0x00083dc5                _vPDM_WriteFileSystemRecordAndSegmentDataIntoEEPROMsegment
 .text.iPDM_ReadSegmentHeaderFromEEPROM
                0x00083e27       0x5d /cygdrive/c/Jennic/Components/Library/libPDM_EEPROM_JN516x.a(PDM_EEPROMReadAndWrite.o)
                0x00083e27                _iPDM_ReadSegmentHeaderFromEEPROM
 .text.iPDM_FilterDuplicateAppendedSegmentsOnList
                0x00083e84       0x42 /cygdrive/c/Jennic/Components/Library/libPDM_EEPROM_JN516x.a(PDM_SegmentSequenceExtendFilter.o)
 .text.iPDM_SearchForReplacementAppendedSegment
                0x00083ec6       0x87 /cygdrive/c/Jennic/Components/Library/libPDM_EEPROM_JN516x.a(PDM_SegmentSequenceExtendFilter.o)
                0x00083ec6                _iPDM_SearchForReplacementAppendedSegment
 .text.vPDM_FilterDuplicateAppendedSegmentsFromList
                0x00083f4d       0xc0 /cygdrive/c/Jennic/Components/Library/libPDM_EEPROM_JN516x.a(PDM_SegmentSequenceExtendFilter.o)
                0x00083f4d                _vPDM_FilterDuplicateAppendedSegmentsFromList
 .text.vPDM_FilterDuplicateSegmentsBySequenceNumberFromValidList
                0x0008400d       0x4d /cygdrive/c/Jennic/Components/Library/libPDM_EEPROM_JN516x.a(PDM_SegmentSequenceExtendFilter.o)
                0x0008400d                _vPDM_FilterDuplicateSegmentsBySequenceNumberFromValidList
 .text.psJIP_FindMibVect
                0x0008405a       0x50 /cygdrive/c/Jennic/Components/Library/libJIP_JN516x.a(jip.o)
                0x0008405a                _psJIP_FindMibVect
 .text.psJIP_FindMibIdVect
                0x000840aa       0x6e /cygdrive/c/Jennic/Components/Library/libJIP_JN516x.a(jip.o)
                0x000840aa                _psJIP_FindMibIdVect
 .text.iJIP_FindVarVect
                0x00084118       0x3d /cygdrive/c/Jennic/Components/Library/libJIP_JN516x.a(jip.o)
                0x00084118                _iJIP_FindVarVect
 .text.eJIP_PacketAddVarVect
                0x00084155      0x174 /cygdrive/c/Jennic/Components/Library/libJIP_JN516x.a(jip.o)
                0x00084155                _eJIP_PacketAddVarVect
 .text.pvGetBuffer
                0x000842c9       0x3d /cygdrive/c/Jennic/Components/Library/libJIP_JN516x.a(jip.o)
                0x000842c9                _pvGetBuffer
 .text.eCreateSocket
                0x00084306       0x67 /cygdrive/c/Jennic/Components/Library/libJIP_JN516x.a(jip.o)
 .text.eJIP_SendStatusVect
                0x0008436d       0x50 /cygdrive/c/Jennic/Components/Library/libJIP_JN516x.a(jip.o)
                0x0008436d                _eJIP_SendStatusVect
 .text.eJIP_SendVarVect
                0x000843bd      0x10e /cygdrive/c/Jennic/Components/Library/libJIP_JN516x.a(jip.o)
                0x000843bd                _eJIP_SendVarVect
 .text.eJIP_Init
                0x000844cb       0xae /cygdrive/c/Jennic/Components/Library/libJIP_JN516x.a(jip.o)
                0x000844cb                _eJIP_Init
 .text.eJIP_RegisterMib
                0x00084579       0x8c /cygdrive/c/Jennic/Components/Library/libJIP_JN516x.a(jip.o)
                0x00084579                _eJIP_RegisterMib
 .text.eJIP_PacketAddData
                0x00084605      0x10b /cygdrive/c/Jennic/Components/Library/libJIP_JN516x.a(jip.o)
                0x00084605                _eJIP_PacketAddData
 .text.vJIP_HandleGetRequestVect
                0x00084710       0xea /cygdrive/c/Jennic/Components/Library/libJIP_JN516x.a(jip.o)
                0x00084710                _vJIP_HandleGetRequestVect
 *fill*         0x000847fa        0x2 00
 .text.vJIP_HandleSetRequestVect
                0x000847fc      0x338 /cygdrive/c/Jennic/Components/Library/libJIP_JN516x.a(jip.o)
                0x000847fc                _vJIP_HandleSetRequestVect
 .text.vJIP_HandleQueryMibRequestVect
                0x00084b34      0x164 /cygdrive/c/Jennic/Components/Library/libJIP_JN516x.a(jip.o)
                0x00084b34                _vJIP_HandleQueryMibRequestVect
 .text.vJIP_HandleQueryVarRequestVect
                0x00084c98      0x222 /cygdrive/c/Jennic/Components/Library/libJIP_JN516x.a(jip.o)
                0x00084c98                _vJIP_HandleQueryVarRequestVect
 .text.v6LP_StackEvent
                0x00084eba       0x52 /cygdrive/c/Jennic/Components/Library/libJIP_JN516x.a(jip.o)
                0x00084eba                _v6LP_StackEvent
 .text.vHandleDataEvent
                0x00084f0c      0x190 /cygdrive/c/Jennic/Components/Library/libJIP_JN516x.a(jip.o)
 .text.bFindQueuedTrap
                0x0008509c       0x1d /cygdrive/c/Jennic/Components/Library/libJIP_JN516x.a(jip_traps.o)
 .text.vNotifyAllTraps
                0x000850b9      0x11f /cygdrive/c/Jennic/Components/Library/libJIP_JN516x.a(jip_traps.o)
                0x000850b9                _vNotifyAllTraps
 .text.bTrapSafeToSleep
                0x000851d8       0x24 /cygdrive/c/Jennic/Components/Library/libJIP_JN516x.a(jip_traps.o)
 .text.vStartTrapTimer
                0x000851fc       0x38 /cygdrive/c/Jennic/Components/Library/libJIP_JN516x.a(jip_traps.o)
                0x000851fc                _vStartTrapTimer
 .text.eJIP_AddTrap
                0x00085234      0x147 /cygdrive/c/Jennic/Components/Library/libJIP_JN516x.a(jip_traps.o)
                0x00085234                _eJIP_AddTrap
 .text.eJIP_RemoveTrap
                0x0008537b       0xa3 /cygdrive/c/Jennic/Components/Library/libJIP_JN516x.a(jip_traps.o)
                0x0008537b                _eJIP_RemoveTrap
 .text.vJIP_HandleUntrapRequestVect
                0x0008541e       0x4f /cygdrive/c/Jennic/Components/Library/libJIP_JN516x.a(jip_traps.o)
                0x0008541e                _vJIP_HandleUntrapRequestVect
 .text.vJIP_NotifyChanged
                0x0008546d       0x2c /cygdrive/c/Jennic/Components/Library/libJIP_JN516x.a(jip_traps.o)
                0x0008546d                _vJIP_NotifyChanged
 .text.vJIP_SetEnabled
                0x00085499       0x36 /cygdrive/c/Jennic/Components/Library/libJIP_JN516x.a(jip_traps.o)
                0x00085499                _vJIP_SetEnabled
 .text.vSendTrapNotifyViaQueue
                0x000854cf        0xe /cygdrive/c/Jennic/Components/Library/libJIP_JN516x.a(jip_traps.o)
 .text.eJIP_TrapsInit
                0x000854dd       0xe7 /cygdrive/c/Jennic/Components/Library/libJIP_JN516x.a(jip_traps.o)
                0x000854dd                _eJIP_TrapsInit
 .text.vSendTrapNotify
                0x000855c4       0xe3 /cygdrive/c/Jennic/Components/Library/libJIP_JN516x.a(jip_traps.o)
 .text.vJIP_HandleTrapRequestVect
                0x000856a7       0x8a /cygdrive/c/Jennic/Components/Library/libJIP_JN516x.a(jip_traps.o)
                0x000856a7                _vJIP_HandleTrapRequestVect
 .text.vGetLastChange
                0x00085731       0x11 /cygdrive/c/Jennic/Components/Library/libJIP_JN516x.a(JIP_MIB_Network.o)
 .text.vGetDepth
                0x00085742       0x20 /cygdrive/c/Jennic/Components/Library/libJIP_JN516x.a(JIP_MIB_Network.o)
 .text.vGetParentMacAddress
                0x00085762       0x43 /cygdrive/c/Jennic/Components/Library/libJIP_JN516x.a(JIP_MIB_Network.o)
 .text.bUniqueEntry
                0x000857a5       0x86 /cygdrive/c/Jennic/Components/Library/libJIP_JN516x.a(JIP_MIB_Network.o)
 *fill*         0x0008582b        0x1 00
 .text.vNetworkModule_Update
                0x0008582c      0x140 /cygdrive/c/Jennic/Components/Library/libJIP_JN516x.a(JIP_MIB_Network.o)
                0x0008582c                _vNetworkModule_Update
 .text.vGetNetworkInfo
                0x0008596c       0x22 /cygdrive/c/Jennic/Components/Library/libJIP_JN516x.a(JIP_MIB_Network.o)
 .text.vNetworkModule_Register
                0x0008598e       0x7b /cygdrive/c/Jennic/Components/Library/libJIP_JN516x.a(JIP_MIB_Network.o)
                0x0008598e                _vNetworkModule_Register
 .text.vGetNetworkTable
                0x00085a09      0x16a /cygdrive/c/Jennic/Components/Library/libJIP_JN516x.a(JIP_MIB_Network.o)
                0x00085a09                _vGetNetworkTable
 .text.vGetNeighbourTable
                0x00085b73      0x101 /cygdrive/c/Jennic/Components/Library/libJIP_JN516x.a(JIP_MIB_Network.o)
 .text.eSetTxPower
                0x00085c74       0x19 /cygdrive/c/Jennic/Components/Library/libJIP_JN516x.a(JIP_MIB_Node.o)
 .text.eSetString
                0x00085c8d       0x33 /cygdrive/c/Jennic/Components/Library/libJIP_JN516x.a(JIP_MIB_Node.o)
 .text.vGetMacAddress
                0x00085cc0       0x1d /cygdrive/c/Jennic/Components/Library/libJIP_JN516x.a(JIP_MIB_Node.o)
 .text.vNodeModule_Register
                0x00085cdd      0x11b /cygdrive/c/Jennic/Components/Library/libJIP_JN516x.a(JIP_MIB_Node.o)
                0x00085cdd                _vNodeModule_Register
 .text.bExpandMulticastAddress
                0x00085df8       0x44 /cygdrive/c/Jennic/Components/Library/libJIP_JN516x.a(JIP_MIB_Groups.o)
 .text.vGetBlob
                0x00085e3c       0x16 /cygdrive/c/Jennic/Components/Library/libJIP_JN516x.a(JIP_MIB_Groups.o)
 .text.bJIP_RemoveGroupAddr
                0x00085e52       0x38 /cygdrive/c/Jennic/Components/Library/libJIP_JN516x.a(JIP_MIB_Groups.o)
                0x00085e52                _bJIP_RemoveGroupAddr
 .text.eClearGroups
                0x00085e8a       0x52 /cygdrive/c/Jennic/Components/Library/libJIP_JN516x.a(JIP_MIB_Groups.o)
 .text.eRemoveGroup
                0x00085edc       0x29 /cygdrive/c/Jennic/Components/Library/libJIP_JN516x.a(JIP_MIB_Groups.o)
 .text.bJIP_AddGroupAddr
                0x00085f05       0x38 /cygdrive/c/Jennic/Components/Library/libJIP_JN516x.a(JIP_MIB_Groups.o)
                0x00085f05                _bJIP_AddGroupAddr
 .text.eAddGroup
                0x00085f3d       0x29 /cygdrive/c/Jennic/Components/Library/libJIP_JN516x.a(JIP_MIB_Groups.o)
 .text.vGroupsModule_Register
                0x00085f66        0xc /cygdrive/c/Jennic/Components/Library/libJIP_JN516x.a(JIP_MIB_Groups.o)
                0x00085f66                _vGroupsModule_Register
 .text.vGetGroupTable
                0x00085f72       0xe0 /cygdrive/c/Jennic/Components/Library/libJIP_JN516x.a(JIP_MIB_Groups.o)
 .text.eLoadImage
                0x00086052       0x15 /cygdrive/c/Jennic/Components/Library/libJIP_JN516x.a(JIP_MIB_OND.o)
 .text.vUpdateImageValues
                0x00086067       0x52 /cygdrive/c/Jennic/Components/Library/libJIP_JN516x.a(JIP_MIB_OND.o)
 .text.vGetImage32
                0x000860b9       0x1e /cygdrive/c/Jennic/Components/Library/libJIP_JN516x.a(JIP_MIB_OND.o)
 .text.vGetImage16
                0x000860d7       0x1e /cygdrive/c/Jennic/Components/Library/libJIP_JN516x.a(JIP_MIB_OND.o)
 .text.vGetImage8
                0x000860f5       0x1e /cygdrive/c/Jennic/Components/Library/libJIP_JN516x.a(JIP_MIB_OND.o)
 .text.eStartDownload
                0x00086113       0x2f /cygdrive/c/Jennic/Components/Library/libJIP_JN516x.a(JIP_MIB_OND.o)
 .text.vONDModule_Register
                0x00086142       0x1a /cygdrive/c/Jennic/Components/Library/libJIP_JN516x.a(JIP_MIB_OND.o)
                0x00086142                _vONDModule_Register
 .text.vGetImageTable
                0x0008615c       0xe0 /cygdrive/c/Jennic/Components/Library/libJIP_JN516x.a(JIP_MIB_OND.o)
 .text.vGetDeviceTypes
                0x0008623c       0x11 /cygdrive/c/Jennic/Components/Library/libJIP_JN516x.a(JIP_MIB_Device.o)
 .text.vDeviceModule_Register
                0x0008624d       0x1a /cygdrive/c/Jennic/Components/Library/libJIP_JN516x.a(JIP_MIB_Device.o)
                0x0008624d                _vDeviceModule_Register
 .text.eSetUint16
                0x00086267        0x8 /cygdrive/c/Jennic/Components/Library/libJIP_JN516x.a(AccessFunctions.o)
                0x00086267                _eSetUint16
 .text.eSetUint32
                0x0008626f        0x8 /cygdrive/c/Jennic/Components/Library/libJIP_JN516x.a(AccessFunctions.o)
                0x0008626f                _eSetUint32
 .text.vGetString
                0x00086277       0x20 /cygdrive/c/Jennic/Components/Library/libJIP_JN516x.a(AccessFunctions.o)
                0x00086277                _vGetString
 .text.vGetUint32
                0x00086297        0xa /cygdrive/c/Jennic/Components/Library/libJIP_JN516x.a(AccessFunctions.o)
                0x00086297                _vGetUint32
 .text.vGetUint8
                0x000862a1        0xa /cygdrive/c/Jennic/Components/Library/libJIP_JN516x.a(AccessFunctions.o)
                0x000862a1                _vGetUint8
 .text.vHandleTrapResponse
                0x000862ab       0x22 /cygdrive/c/Jennic/Components/Library/libJIP_JN516x.a(jip_remote.o)
                0x000862ab                _vHandleTrapResponse
 .text.vHandleSetResponse
                0x000862cd       0x22 /cygdrive/c/Jennic/Components/Library/libJIP_JN516x.a(jip_remote.o)
                0x000862cd                _vHandleSetResponse
 .text.vJIP_HandleGetResponseVect
                0x000862ef      0x1ec /cygdrive/c/Jennic/Components/Library/libJIP_JN516x.a(jip_remote.o)
                0x000862ef                _vJIP_HandleGetResponseVect
 .text.vHandleQueryMibResponse
                0x000864db       0x86 /cygdrive/c/Jennic/Components/Library/libJIP_JN516x.a(jip_remote.o)
                0x000864db                _vHandleQueryMibResponse
 .text.vHandleQueryVarResponse
                0x00086561       0x83 /cygdrive/c/Jennic/Components/Library/libJIP_JN516x.a(jip_remote.o)
                0x00086561                _vHandleQueryVarResponse
 .text.vJnc_ClearScanListVect
                0x000865e4       0x4e /cygdrive/c/Jennic/Components/Library/libJenNet_JN516x.a(JenNetCommon.o)
                0x000865e4                _vJnc_ClearScanListVect
 .text.bJnc_NeedsReset
                0x00086632       0x19 /cygdrive/c/Jennic/Components/Library/libJenNet_JN516x.a(JenNetCommon.o)
                0x00086632                _bJnc_NeedsReset
 .text.u16Api_GetDepth
                0x0008664b        0xd /cygdrive/c/Jennic/Components/Library/libJenNet_JN516x.a(JenNetCommon.o)
                0x0008664b                _u16Api_GetDepth
 .text.u32Jnc_GetUnscannedChannelsVect
                0x00086658       0x67 /cygdrive/c/Jennic/Components/Library/libJenNet_JN516x.a(JenNetCommon.o)
                0x00086658                _u32Jnc_GetUnscannedChannelsVect
 .text.bApi_SetExtendedCommandHdlr
                0x000866bf       0x1d /cygdrive/c/Jennic/Components/Library/libJenNet_JN516x.a(JenNetCommon.o)
                0x000866bf                _bApi_SetExtendedCommandHdlr
 .text.psApi_GetJenNetConfig
                0x000866dc        0x9 /cygdrive/c/Jennic/Components/Library/libJenNet_JN516x.a(JenNetCommon.o)
                0x000866dc                _psApi_GetJenNetConfig
 .text.psApi_GetChildTable
                0x000866e5        0x9 /cygdrive/c/Jennic/Components/Library/libJenNet_JN516x.a(JenNetCommon.o)
                0x000866e5                _psApi_GetChildTable
 .text.bJnc_IsStackRunning
                0x000866ee       0x28 /cygdrive/c/Jennic/Components/Library/libJenNet_JN516x.a(JenNetCommon.o)
                0x000866ee                _bJnc_IsStackRunning
 .text.u8Api_GetLastPktLqi
                0x00086716        0xd /cygdrive/c/Jennic/Components/Library/libJenNet_JN516x.a(JenNetCommon.o)
                0x00086716                _u8Api_GetLastPktLqi
 .text.bApi_GetLastPktDirect
                0x00086723        0xd /cygdrive/c/Jennic/Components/Library/libJenNet_JN516x.a(JenNetCommon.o)
                0x00086723                _bApi_GetLastPktDirect
 .text.u8NwkTxOption
                0x00086730       0x28 /cygdrive/c/Jennic/Components/Library/libJenNet_JN516x.a(JenNetCommon.o)
                0x00086730                _u8NwkTxOption
 .text.vApi_SetDeviceId
                0x00086758        0xd /cygdrive/c/Jennic/Components/Library/libJenNet_JN516x.a(JenNetCommon.o)
                0x00086758                _vApi_SetDeviceId
 .text.vApi_SetStackMode
                0x00086765       0x22 /cygdrive/c/Jennic/Components/Library/libJenNet_JN516x.a(JenNetCommon.o)
                0x00086765                _vApi_SetStackMode
 .text.u16Api_GetStackMode
                0x00086787        0xd /cygdrive/c/Jennic/Components/Library/libJenNet_JN516x.a(JenNetCommon.o)
                0x00086787                _u16Api_GetStackMode
 .text.vApi_RegisterExtData
                0x00086794        0xd /cygdrive/c/Jennic/Components/Library/libJenNet_JN516x.a(JenNetCommon.o)
                0x00086794                _vApi_RegisterExtData
 .text.bJnc_SetJoinProfile
                0x000867a1       0x5c /cygdrive/c/Jennic/Components/Library/libJenNet_JN516x.a(JenNetCommon.o)
                0x000867a1                _bJnc_SetJoinProfile
 .text.bJnc_SetRunProfile
                0x000867fd       0x9d /cygdrive/c/Jennic/Components/Library/libJenNet_JN516x.a(JenNetCommon.o)
                0x000867fd                _bJnc_SetRunProfile
 .text.u32Jnc_GetNumberOfDevicesInBranch
                0x0008689a       0x53 /cygdrive/c/Jennic/Components/Library/libJenNet_JN516x.a(JenNetCommon.o)
                0x0008689a                _u32Jnc_GetNumberOfDevicesInBranch
 .text.prJnc_SetSafeToSleepCallback
                0x000868ed       0x11 /cygdrive/c/Jennic/Components/Library/libJenNet_JN516x.a(JenNetCommon.o)
                0x000868ed                _prJnc_SetSafeToSleepCallback
 .text.bDefaultSafeToSleep
                0x000868fe        0x5 /cygdrive/c/Jennic/Components/Library/libJenNet_JN516x.a(JenNetCommon.o)
 .text.vJnc_SleepVect
                0x00086903       0x93 /cygdrive/c/Jennic/Components/Library/libJenNet_JN516x.a(JenNetCommon.o)
                0x00086903                _vJnc_SleepVect
 .text.vApi_SetNwkKey
                0x00086996       0x1a /cygdrive/c/Jennic/Components/Library/libJenNet_JN516x.a(JenNetCommon.o)
                0x00086996                _vApi_SetNwkKey
 .text.eJnc_StartScanVect
                0x000869b0       0xe2 /cygdrive/c/Jennic/Components/Library/libJenNet_JN516x.a(JenNetCommon.o)
                0x000869b0                _eJnc_StartScanVect
 .text.eApi_SendDataToCoord
                0x00086a92       0xa7 /cygdrive/c/Jennic/Components/Library/libJenNet_JN516x.a(JenNetCommon.o)
                0x00086a92                _eApi_SendDataToCoord
 .text.eApi_SendDataToNwk
                0x00086b39       0x7d /cygdrive/c/Jennic/Components/Library/libJenNet_JN516x.a(JenNetCommon.o)
                0x00086b39                _eApi_SendDataToNwk
 .text.eApi_SendDataToPeer
                0x00086bb6       0x89 /cygdrive/c/Jennic/Components/Library/libJenNet_JN516x.a(JenNetCommon.o)
                0x00086bb6                _eApi_SendDataToPeer
 .text.bJnc_ResetStackVect
                0x00086c3f      0x15a /cygdrive/c/Jennic/Components/Library/libJenNet_JN516x.a(JenNetCommon.o)
                0x00086c3f                _bJnc_ResetStackVect
 .text.vJnc_JenNetTick
                0x00086d99       0x8a /cygdrive/c/Jennic/Components/Library/libJenNet_JN516x.a(JenNetCommon.o)
                0x00086d99                _vJnc_JenNetTick
 .text.bJnc_StartAssociateVect
                0x00086e23       0xb2 /cygdrive/c/Jennic/Components/Library/libJenNet_JN516x.a(JenNetCommon.o)
                0x00086e23                _bJnc_StartAssociateVect
 .text.eApi_LeaveNetwork
                0x00086ed5       0x92 /cygdrive/c/Jennic/Components/Library/libJenNet_JN516x.a(JenNetCommon.o)
                0x00086ed5                _eApi_LeaveNetwork
 .text.vJnc_BackOffVect
                0x00086f67       0x71 /cygdrive/c/Jennic/Components/Library/libJenNet_JN516x.a(JenNetCommon.o)
                0x00086f67                _vJnc_BackOffVect
 .text.vJnc_HandleBeaconVect
                0x00086fd8      0x278 /cygdrive/c/Jennic/Components/Library/libJenNet_JN516x.a(JenNetCommon.o)
                0x00086fd8                _vJnc_HandleBeaconVect
 .text.vJnc_InitSystemVect
                0x00087250      0x188 /cygdrive/c/Jennic/Components/Library/libJenNet_JN516x.a(JenNetCommon.o)
                0x00087250                _vJnc_InitSystemVect
 .text.vJnc_SendEstablishRouteVect
                0x000873d8      0x113 /cygdrive/c/Jennic/Components/Library/libJenNet_JN516x.a(JenNetCommon.o)
                0x000873d8                _vJnc_SendEstablishRouteVect
 .text.vJnc_HandleDisassociateCfmVect
                0x000874eb       0x63 /cygdrive/c/Jennic/Components/Library/libJenNet_JN516x.a(JenNetCommon.o)
                0x000874eb                _vJnc_HandleDisassociateCfmVect
 .text.vJnc_JenNetInitVariablesVect
                0x0008754e      0x1ff /cygdrive/c/Jennic/Components/Library/libJenNet_JN516x.a(JenNetCommon.o)
                0x0008754e                _vJnc_JenNetInitVariablesVect
 .text.srand    0x0008774d        0xf /cygdrive/c/Jennic/Components/Library/libJenNet_JN516x.a(rand.o)
                0x0008774d                _srand
 .text.rand     0x0008775c       0x3c /cygdrive/c/Jennic/Components/Library/libJenNet_JN516x.a(rand.o)
                0x0008775c                _rand
 .text.vJenNet_DefCreateBeaconPayload
                0x00087798        0x3 /cygdrive/c/Jennic/Components/Library/libJenNet_JN516x.a(NetworkCoordRouter.o)
                0x00087798                _vJenNet_DefCreateBeaconPayload
 .text.bNwk_IsChild
                0x0008779b       0x45 /cygdrive/c/Jennic/Components/Library/libJenNet_JN516x.a(NetworkCoordRouter.o)
                0x0008779b                _bNwk_IsChild
 .text.bNwk_IsParentVect
                0x000877e0       0x37 /cygdrive/c/Jennic/Components/Library/libJenNet_JN516x.a(NetworkCoordRouter.o)
                0x000877e0                _bNwk_IsParentVect
 .text.bNwk_IsSleepingChild
                0x00087817       0x11 /cygdrive/c/Jennic/Components/Library/libJenNet_JN516x.a(NetworkCoordRouter.o)
                0x00087817                _bNwk_IsSleepingChild
 .text.vNwk_SetChildActiveRoutes
                0x00087828       0x19 /cygdrive/c/Jennic/Components/Library/libJenNet_JN516x.a(NetworkCoordRouter.o)
                0x00087828                _vNwk_SetChildActiveRoutes
 .text.bNwk_IsActiveChild
                0x00087841       0x19 /cygdrive/c/Jennic/Components/Library/libJenNet_JN516x.a(NetworkCoordRouter.o)
                0x00087841                _bNwk_IsActiveChild
 .text.psNwk_GetChildAddress
                0x0008785a        0xe /cygdrive/c/Jennic/Components/Library/libJenNet_JN516x.a(NetworkCoordRouter.o)
                0x0008785a                _psNwk_GetChildAddress
 .text.psNwk_GetParentAddr
                0x00087868       0x16 /cygdrive/c/Jennic/Components/Library/libJenNet_JN516x.a(NetworkCoordRouter.o)
                0x00087868                _psNwk_GetParentAddr
 .text.vActiveScan_Backoff
                0x0008787e        0x3 /cygdrive/c/Jennic/Components/Library/libJenNet_JN516x.a(NetworkCoordRouter.o)
 .text.bCheckRxSeqNoVect
                0x00087881       0xb3 /cygdrive/c/Jennic/Components/Library/libJenNet_JN516x.a(NetworkCoordRouter.o)
                0x00087881                _bCheckRxSeqNoVect
 .text.vNwk_IncRoutingEntry
                0x00087934       0x13 /cygdrive/c/Jennic/Components/Library/libJenNet_JN516x.a(NetworkCoordRouter.o)
                0x00087934                _vNwk_IncRoutingEntry
 .text.vNwk_ImportCompleteVect
                0x00087947       0xa2 /cygdrive/c/Jennic/Components/Library/libJenNet_JN516x.a(NetworkCoordRouter.o)
                0x00087947                _vNwk_ImportCompleteVect
 .text.vRouterActiveScanResponse_Backoff
                0x000879e9        0xf /cygdrive/c/Jennic/Components/Library/libJenNet_JN516x.a(NetworkCoordRouter.o)
                0x000879e9                _vRouterActiveScanResponse_Backoff
 .text.vNcr_SortScanList
                0x000879f8       0xb3 /cygdrive/c/Jennic/Components/Library/libJenNet_JN516x.a(NetworkCoordRouter.o)
                0x000879f8                _vNcr_SortScanList
 .text.vAddRcvdDataStats
                0x00087aab       0x56 /cygdrive/c/Jennic/Components/Library/libJenNet_JN516x.a(NetworkCoordRouter.o)
                0x00087aab                _vAddRcvdDataStats
 .text.vNwk_ChildDepthSetVect
                0x00087b01       0x52 /cygdrive/c/Jennic/Components/Library/libJenNet_JN516x.a(NetworkCoordRouter.o)
                0x00087b01                _vNwk_ChildDepthSetVect
 .text.vNwk_SetDepthVect
                0x00087b53       0x5e /cygdrive/c/Jennic/Components/Library/libJenNet_JN516x.a(NetworkCoordRouter.o)
                0x00087b53                _vNwk_SetDepthVect
 .text.bNwk_GetNextHopAddressVect
                0x00087bb1       0x5d /cygdrive/c/Jennic/Components/Library/libJenNet_JN516x.a(NetworkCoordRouter.o)
                0x00087bb1                _bNwk_GetNextHopAddressVect
 .text.bApi_GetNeighbourTableEntry
                0x00087c0e       0xf2 /cygdrive/c/Jennic/Components/Library/libJenNet_JN516x.a(NetworkCoordRouter.o)
                0x00087c0e                _bApi_GetNeighbourTableEntry
 .text.vStartCoordVect
                0x00087d00       0xfa /cygdrive/c/Jennic/Components/Library/libJenNet_JN516x.a(NetworkCoordRouter.o)
                0x00087d00                _vStartCoordVect
 .text.vNwk_DeleteChildVect
                0x00087dfa       0xd3 /cygdrive/c/Jennic/Components/Library/libJenNet_JN516x.a(NetworkCoordRouter.o)
                0x00087dfa                _vNwk_DeleteChildVect
 .text.vHandleDisassociateIndVect
                0x00087ecd       0x2c /cygdrive/c/Jennic/Components/Library/libJenNet_JN516x.a(NetworkCoordRouter.o)
                0x00087ecd                _vHandleDisassociateIndVect
 .text.vNcr_CheckForLostChildrenVect
                0x00087ef9       0x5e /cygdrive/c/Jennic/Components/Library/libJenNet_JN516x.a(NetworkCoordRouter.o)
                0x00087ef9                _vNcr_CheckForLostChildrenVect
 .text.vNcr_EnergyScanResponseVect
                0x00087f57       0xb2 /cygdrive/c/Jennic/Components/Library/libJenNet_JN516x.a(NetworkCoordRouter.o)
                0x00087f57                _vNcr_EnergyScanResponseVect
 .text.vScanOrAssociate_Backoff
                0x00088009       0x18 /cygdrive/c/Jennic/Components/Library/libJenNet_JN516x.a(NetworkCoordRouter.o)
                0x00088009                _vScanOrAssociate_Backoff
 .text.vNcr_CoordActiveScanResponseVect
                0x00088021       0xd2 /cygdrive/c/Jennic/Components/Library/libJenNet_JN516x.a(NetworkCoordRouter.o)
                0x00088021                _vNcr_CoordActiveScanResponseVect
 .text.vNcr_NodeAssociationVect
                0x000880f3      0x2c5 /cygdrive/c/Jennic/Components/Library/libJenNet_JN516x.a(NetworkCoordRouter.o)
                0x000880f3                _vNcr_NodeAssociationVect
 .text.vNcr_ScanOrAssociateVect
                0x000883b8      0x11d /cygdrive/c/Jennic/Components/Library/libJenNet_JN516x.a(NetworkCoordRouter.o)
                0x000883b8                _vNcr_ScanOrAssociateVect
 .text.bNcr_NetworkAnnounce
                0x000884d5       0xae /cygdrive/c/Jennic/Components/Library/libJenNet_JN516x.a(NetworkCoordRouter.o)
                0x000884d5                _bNcr_NetworkAnnounce
 .text.vNcr_AssociateResponseVect
                0x00088583       0xfd /cygdrive/c/Jennic/Components/Library/libJenNet_JN516x.a(NetworkCoordRouter.o)
                0x00088583                _vNcr_AssociateResponseVect
 .text.vNcr_RouterActiveScanResponseVect
                0x00088680      0x10d /cygdrive/c/Jennic/Components/Library/libJenNet_JN516x.a(NetworkCoordRouter.o)
                0x00088680                _vNcr_RouterActiveScanResponseVect
 .text.vNcr_PurgeRouteVect
                0x0008878d       0xb5 /cygdrive/c/Jennic/Components/Library/libJenNet_JN516x.a(NetworkCoordRouter.o)
                0x0008878d                _vNcr_PurgeRouteVect
 .text.vNwk_RouteEstablishedVect
                0x00088842      0x165 /cygdrive/c/Jennic/Components/Library/libJenNet_JN516x.a(NetworkCoordRouter.o)
                0x00088842                _vNwk_RouteEstablishedVect
 .text.vNcr_McpsDataDcfmVect
                0x000889a7      0x17d /cygdrive/c/Jennic/Components/Library/libJenNet_JN516x.a(NetworkCoordRouter.o)
                0x000889a7                _vNcr_McpsDataDcfmVect
 .text.u8AddNeighbourVect
                0x00088b24       0x60 /cygdrive/c/Jennic/Components/Library/libJenNet_JN516x.a(NetworkCoordRouter.o)
                0x00088b24                _u8AddNeighbourVect
 .text.vEstablishRoute_Backoff
                0x00088b84       0x26 /cygdrive/c/Jennic/Components/Library/libJenNet_JN516x.a(NetworkCoordRouter.o)
                0x00088b84                _vEstablishRoute_Backoff
 .text.vApi_Recover_CR
                0x00088baa       0x6c /cygdrive/c/Jennic/Components/Library/libJenNet_JN516x.a(NetworkCoordRouter.o)
                0x00088baa                _vApi_Recover_CR
 *fill*         0x00088c16        0x2 00
 .text.vNcr_StateMachineVect
                0x00088c18      0x2f8 /cygdrive/c/Jennic/Components/Library/libJenNet_JN516x.a(NetworkCoordRouter.o)
                0x00088c18                _vNcr_StateMachineVect
 .text.vInitCoordRtrStateVect
                0x00088f10      0x236 /cygdrive/c/Jennic/Components/Library/libJenNet_JN516x.a(NetworkCoordRouter.o)
                0x00088f10                _vInitCoordRtrStateVect
 *fill*         0x00089146        0x2 00
 .text.eNwk_TransmitPacketVect
                0x00089148      0x3cc /cygdrive/c/Jennic/Components/Library/libJenNet_JN516x.a(NetworkCoordRouter.o)
                0x00089148                _eNwk_TransmitPacketVect
 .text.vCheckChildDepthVect
                0x00089514       0xd4 /cygdrive/c/Jennic/Components/Library/libJenNet_JN516x.a(NetworkCoordRouter.o)
                0x00089514                _vCheckChildDepthVect
 .text.vNcr_RouteImportVect
                0x000895e8      0x285 /cygdrive/c/Jennic/Components/Library/libJenNet_JN516x.a(NetworkCoordRouter.o)
                0x000895e8                _vNcr_RouteImportVect
 .text.vNcr_ProcessInternalTimerVect
                0x0008986d      0x2ce /cygdrive/c/Jennic/Components/Library/libJenNet_JN516x.a(NetworkCoordRouter.o)
                0x0008986d                _vNcr_ProcessInternalTimerVect
 .text.vJenNet_DefProcessIncomingHwEvent_CR
                0x00089b3b       0x41 /cygdrive/c/Jennic/Components/Library/libJenNet_JN516x.a(NetworkCoordRouter.o)
                0x00089b3b                _vJenNet_DefProcessIncomingHwEvent_CR
 .text.vNcr_HandleCommStsVect
                0x00089b7c       0xc1 /cygdrive/c/Jennic/Components/Library/libJenNet_JN516x.a(NetworkCoordRouter.o)
                0x00089b7c                _vNcr_HandleCommStsVect
 *fill*         0x00089c3d        0x3 00
 .text.vNcr_IncomingMlmeVect
                0x00089c40       0xdc /cygdrive/c/Jennic/Components/Library/libJenNet_JN516x.a(NetworkCoordRouter.o)
                0x00089c40                _vNcr_IncomingMlmeVect
 .text.vNwk_RejectNodeVect
                0x00089d1c       0x55 /cygdrive/c/Jennic/Components/Library/libJenNet_JN516x.a(NetworkCoordRouter.o)
                0x00089d1c                _vNwk_RejectNodeVect
 .text.vNcr_McpsDataIndVect
                0x00089d71      0x1e6 /cygdrive/c/Jennic/Components/Library/libJenNet_JN516x.a(NetworkCoordRouter.o)
                0x00089d71                _vNcr_McpsDataIndVect
 .text.vNcr_IncomingMcpsVect
                0x00089f57       0x84 /cygdrive/c/Jennic/Components/Library/libJenNet_JN516x.a(NetworkCoordRouter.o)
                0x00089f57                _vNcr_IncomingMcpsVect
 .text.vApi_Recover
                0x00089fdb       0x19 /cygdrive/c/Jennic/Components/Library/libJenNet_JN516x.a(NetworkCoordRouter.o)
                0x00089fdb                _vApi_Recover
 .text.vApi_Start_CRVect
                0x00089ff4      0x1aa /cygdrive/c/Jennic/Components/Library/libJenNet_JN516x.a(NetworkCoordRouter.o)
                0x00089ff4                _vApi_Start_CRVect
 .text.vPAR_Init
                0x0008a19e       0x16 /cygdrive/c/Jennic/Components/Library/libJenNet_JN516x.a(ProcessAndRoute.o)
                0x0008a19e                _vPAR_Init
 .text.vPAR_DeleteRoutingEntryVect
                0x0008a1b4       0x5f /cygdrive/c/Jennic/Components/Library/libJenNet_JN516x.a(ProcessAndRoute.o)
                0x0008a1b4                _vPAR_DeleteRoutingEntryVect
 .text.vApi_RegNwkAuthoriseCallback
                0x0008a213        0xd /cygdrive/c/Jennic/Components/Library/libJenNet_JN516x.a(ProcessAndRoute.o)
                0x0008a213                _vApi_RegNwkAuthoriseCallback
 .text.u16AddNextHopVect
                0x0008a220       0x99 /cygdrive/c/Jennic/Components/Library/libJenNet_JN516x.a(ProcessAndRoute.o)
                0x0008a220                _u16AddNextHopVect
 .text.u16GetNextHopVect
                0x0008a2b9       0x53 /cygdrive/c/Jennic/Components/Library/libJenNet_JN516x.a(ProcessAndRoute.o)
                0x0008a2b9                _u16GetNextHopVect
 .text.vPAR_ProcessSetDepth
                0x0008a30c       0x49 /cygdrive/c/Jennic/Components/Library/libJenNet_JN516x.a(ProcessAndRoute.o)
                0x0008a30c                _vPAR_ProcessSetDepth
 .text.vPAR_ProcessFindNode
                0x0008a355       0x8e /cygdrive/c/Jennic/Components/Library/libJenNet_JN516x.a(ProcessAndRoute.o)
                0x0008a355                _vPAR_ProcessFindNode
 .text.vPAR_ProcessDataToNwk
                0x0008a3e3       0x58 /cygdrive/c/Jennic/Components/Library/libJenNet_JN516x.a(ProcessAndRoute.o)
                0x0008a3e3                _vPAR_ProcessDataToNwk
 .text.ePAR_SendChangeProfile
                0x0008a43b       0x5a /cygdrive/c/Jennic/Components/Library/libJenNet_JN516x.a(ProcessAndRoute.o)
                0x0008a43b                _ePAR_SendChangeProfile
 .text.vPAR_SendPurgeRoute
                0x0008a495       0x5f /cygdrive/c/Jennic/Components/Library/libJenNet_JN516x.a(ProcessAndRoute.o)
                0x0008a495                _vPAR_SendPurgeRoute
 .text.ePAR_SendFindNode
                0x0008a4f4       0x52 /cygdrive/c/Jennic/Components/Library/libJenNet_JN516x.a(ProcessAndRoute.o)
                0x0008a4f4                _ePAR_SendFindNode
 .text.vPAR_ProcessRepairRoute
                0x0008a546       0x27 /cygdrive/c/Jennic/Components/Library/libJenNet_JN516x.a(ProcessAndRoute.o)
                0x0008a546                _vPAR_ProcessRepairRoute
 .text.vPAR_SendDeleteRoute
                0x0008a56d       0x56 /cygdrive/c/Jennic/Components/Library/libJenNet_JN516x.a(ProcessAndRoute.o)
                0x0008a56d                _vPAR_SendDeleteRoute
 .text.ePAR_RoutePacketVect
                0x0008a5c3      0x110 /cygdrive/c/Jennic/Components/Library/libJenNet_JN516x.a(ProcessAndRoute.o)
                0x0008a5c3                _ePAR_RoutePacketVect
 .text.vProcessResponseRequest
                0x0008a6d3       0x57 /cygdrive/c/Jennic/Components/Library/libJenNet_JN516x.a(ProcessAndRoute.o)
 .text.vPAR_ProcessDataToCoord
                0x0008a72a       0x58 /cygdrive/c/Jennic/Components/Library/libJenNet_JN516x.a(ProcessAndRoute.o)
                0x0008a72a                _vPAR_ProcessDataToCoord
 .text.vPAR_CheckPendingActions
                0x0008a782       0x2b /cygdrive/c/Jennic/Components/Library/libJenNet_JN516x.a(ProcessAndRoute.o)
                0x0008a782                _vPAR_CheckPendingActions
 .text.vPAR_ProcessPurgeRoute
                0x0008a7ad       0x65 /cygdrive/c/Jennic/Components/Library/libJenNet_JN516x.a(ProcessAndRoute.o)
                0x0008a7ad                _vPAR_ProcessPurgeRoute
 .text.vPAR_ProcessDataToPeer
                0x0008a812       0x7e /cygdrive/c/Jennic/Components/Library/libJenNet_JN516x.a(ProcessAndRoute.o)
                0x0008a812                _vPAR_ProcessDataToPeer
 .text.vPAR_DeleteRoute
                0x0008a890      0x1c8 /cygdrive/c/Jennic/Components/Library/libJenNet_JN516x.a(ProcessAndRoute.o)
                0x0008a890                _vPAR_DeleteRoute
 .text.vPAR_Ping
                0x0008aa58       0x47 /cygdrive/c/Jennic/Components/Library/libJenNet_JN516x.a(ProcessAndRoute.o)
                0x0008aa58                _vPAR_Ping
 .text.vPAR_UnknownNode
                0x0008aa9f       0x26 /cygdrive/c/Jennic/Components/Library/libJenNet_JN516x.a(ProcessAndRoute.o)
                0x0008aa9f                _vPAR_UnknownNode
 .text.vPAR_EstablishRoute
                0x0008aac5      0x3bd /cygdrive/c/Jennic/Components/Library/libJenNet_JN516x.a(ProcessAndRoute.o)
                0x0008aac5                _vPAR_EstablishRoute
 .text.vPAR_ProcessComsnNode
                0x0008ae82       0x30 /cygdrive/c/Jennic/Components/Library/libJenNet_JN516x.a(ProcessAndRoute.o)
                0x0008ae82                _vPAR_ProcessComsnNode
 .text.vPAR_ProcessRouteImport
                0x0008aeb2      0x116 /cygdrive/c/Jennic/Components/Library/libJenNet_JN516x.a(ProcessAndRoute.o)
                0x0008aeb2                _vPAR_ProcessRouteImport
 .text.vPAR_InitRoutingTable
                0x0008afc8       0x26 /cygdrive/c/Jennic/Components/Library/libJenNet_JN516x.a(ProcessAndRoute.o)
                0x0008afc8                _vPAR_InitRoutingTable
 .text.vPAR_ProcessRouteRequest
                0x0008afee      0x1ce /cygdrive/c/Jennic/Components/Library/libJenNet_JN516x.a(ProcessAndRoute.o)
                0x0008afee                _vPAR_ProcessRouteRequest
 .text.vProcessNetworkAnnounce
                0x0008b1bc       0x3a /cygdrive/c/Jennic/Components/Library/libJenNet_JN516x.a(ProcessAndRoute.o)
 *fill*         0x0008b1f6        0x2 00
 .text.vPAR_ProcessPacket
                0x0008b1f8      0x40c /cygdrive/c/Jennic/Components/Library/libJenNet_JN516x.a(ProcessAndRoute.o)
                0x0008b1f8                _vPAR_ProcessPacket
 .text.vNed_ScanTimeoutHandler
                0x0008b604       0x94 /cygdrive/c/Jennic/Components/Library/libJenNet_JN516x.a(NetworkED.o)
                0x0008b604                _vNed_ScanTimeoutHandler
 .text.vNed_PollTimeoutHandler
                0x0008b698       0x34 /cygdrive/c/Jennic/Components/Library/libJenNet_JN516x.a(NetworkED.o)
                0x0008b698                _vNed_PollTimeoutHandler
 .text.vNed_PollPeriodHandler
                0x0008b6cc        0xf /cygdrive/c/Jennic/Components/Library/libJenNet_JN516x.a(NetworkED.o)
                0x0008b6cc                _vNed_PollPeriodHandler
 .text.vNed_StateTimeoutHandler
                0x0008b6db        0xf /cygdrive/c/Jennic/Components/Library/libJenNet_JN516x.a(NetworkED.o)
                0x0008b6db                _vNed_StateTimeoutHandler
 .text.vActiveScan_Backoff
                0x0008b6ea        0x3 /cygdrive/c/Jennic/Components/Library/libJenNet_JN516x.a(NetworkED.o)
 .text.vEstablishRoute_Backoff
                0x0008b6ed        0xf /cygdrive/c/Jennic/Components/Library/libJenNet_JN516x.a(NetworkED.o)
 .text.vNed_TickVect
                0x0008b6fc       0x6f /cygdrive/c/Jennic/Components/Library/libJenNet_JN516x.a(NetworkED.o)
                0x0008b6fc                _vNed_TickVect
 .text.vNed_SortScanList
                0x0008b76b       0xc5 /cygdrive/c/Jennic/Components/Library/libJenNet_JN516x.a(NetworkED.o)
                0x0008b76b                _vNed_SortScanList
 .text.eTransmitFrameVect
                0x0008b830      0x104 /cygdrive/c/Jennic/Components/Library/libJenNet_JN516x.a(NetworkED.o)
                0x0008b830                _eTransmitFrameVect
 .text.vNed_ProcessDataToPeerVect
                0x0008b934       0x64 /cygdrive/c/Jennic/Components/Library/libJenNet_JN516x.a(NetworkED.o)
                0x0008b934                _vNed_ProcessDataToPeerVect
 .text.vFailedPacket
                0x0008b998       0x37 /cygdrive/c/Jennic/Components/Library/libJenNet_JN516x.a(NetworkED.o)
 .text.vNed_McpsDataDcfmVect
                0x0008b9cf       0x50 /cygdrive/c/Jennic/Components/Library/libJenNet_JN516x.a(NetworkED.o)
                0x0008b9cf                _vNed_McpsDataDcfmVect
 .text.vApi_Recover_ED
                0x0008ba1f       0x61 /cygdrive/c/Jennic/Components/Library/libJenNet_JN516x.a(NetworkED.o)
                0x0008ba1f                _vApi_Recover_ED
 .text.vApi_Start_ED
                0x0008ba80       0x41 /cygdrive/c/Jennic/Components/Library/libJenNet_JN516x.a(NetworkED.o)
                0x0008ba80                _vApi_Start_ED
 .text.iNed_StopTimerVect
                0x0008bac1       0x25 /cygdrive/c/Jennic/Components/Library/libJenNet_JN516x.a(NetworkED.o)
                0x0008bac1                _iNed_StopTimerVect
 .text.vNed_HandlePollVect
                0x0008bae6       0x5a /cygdrive/c/Jennic/Components/Library/libJenNet_JN516x.a(NetworkED.o)
                0x0008bae6                _vNed_HandlePollVect
 .text.vNed_ScanOrAssociateVect
                0x0008bb40      0x112 /cygdrive/c/Jennic/Components/Library/libJenNet_JN516x.a(NetworkED.o)
                0x0008bb40                _vNed_ScanOrAssociateVect
 .text.vNed_ActiveScanResponseVect
                0x0008bc52      0x118 /cygdrive/c/Jennic/Components/Library/libJenNet_JN516x.a(NetworkED.o)
                0x0008bc52                _vNed_ActiveScanResponseVect
 .text.iNed_StartTimerVect
                0x0008bd6a       0x78 /cygdrive/c/Jennic/Components/Library/libJenNet_JN516x.a(NetworkED.o)
                0x0008bd6a                _iNed_StartTimerVect
 .text.vInitEndDeviceStateVect
                0x0008bde2      0x15c /cygdrive/c/Jennic/Components/Library/libJenNet_JN516x.a(NetworkED.o)
                0x0008bde2                _vInitEndDeviceStateVect
 .text.eApi_PollForData
                0x0008bf3e       0xa2 /cygdrive/c/Jennic/Components/Library/libJenNet_JN516x.a(NetworkED.o)
                0x0008bf3e                _eApi_PollForData
 .text.eStartAutoPollVect
                0x0008bfe0       0x3c /cygdrive/c/Jennic/Components/Library/libJenNet_JN516x.a(NetworkED.o)
                0x0008bfe0                _eStartAutoPollVect
 .text.vNed_AssociateResponseVect
                0x0008c01c       0xee /cygdrive/c/Jennic/Components/Library/libJenNet_JN516x.a(NetworkED.o)
                0x0008c01c                _vNed_AssociateResponseVect
 *fill*         0x0008c10a        0x2 00
 .text.vNed_IncomingMlmeVect
                0x0008c10c       0x8c /cygdrive/c/Jennic/Components/Library/libJenNet_JN516x.a(NetworkED.o)
                0x0008c10c                _vNed_IncomingMlmeVect
 .text.vNed_ProcessEstablishRouteVect
                0x0008c198       0xdc /cygdrive/c/Jennic/Components/Library/libJenNet_JN516x.a(NetworkED.o)
                0x0008c198                _vNed_ProcessEstablishRouteVect
 .text.vNed_ProcessPacketVect
                0x0008c274      0x130 /cygdrive/c/Jennic/Components/Library/libJenNet_JN516x.a(NetworkED.o)
                0x0008c274                _vNed_ProcessPacketVect
 .text.vNed_McpsDataIndVect
                0x0008c3a4      0x112 /cygdrive/c/Jennic/Components/Library/libJenNet_JN516x.a(NetworkED.o)
                0x0008c3a4                _vNed_McpsDataIndVect
 .text.vNed_IncomingMcpsVect
                0x0008c4b6       0x35 /cygdrive/c/Jennic/Components/Library/libJenNet_JN516x.a(NetworkED.o)
                0x0008c4b6                _vNed_IncomingMcpsVect
 *fill*         0x0008c4eb        0x1 00
 .text.vNed_StateMachineVect
                0x0008c4ec      0x3e0 /cygdrive/c/Jennic/Components/Library/libJenNet_JN516x.a(NetworkED.o)
                0x0008c4ec                _vNed_StateMachineVect
 .text.vHWTimerInitVect
                0x0008c8cc       0xaf /cygdrive/c/Jennic/Components/Library/libJenNet_JN516x.a(OSTimerDriver.o)
                0x0008c8cc                _vHWTimerInitVect
 .text.vHWTimerCallback
                0x0008c97b       0x1c /cygdrive/c/Jennic/Components/Library/libJenNet_JN516x.a(OSTimerDriver.o)
 .text.vInterrupt_Suspend
                0x0008c997       0x3e /cygdrive/c/Jennic/Components/Library/libJenNet_JN516x.a(Interrupt.o)
                0x0008c997                _vInterrupt_Suspend
 .text.vInterrupt_Resume
                0x0008c9d5       0x3b /cygdrive/c/Jennic/Components/Library/libJenNet_JN516x.a(Interrupt.o)
                0x0008c9d5                _vInterrupt_Resume
 .text.vSecurityAddDevice
                0x0008ca10       0x3b /cygdrive/c/Jennic/Components/Library/libJenNet_JN516x.a(Sec2006.o)
                0x0008ca10                _vSecurityAddDevice
 .text.vSecurityDeleteDevice
                0x0008ca4b       0x33 /cygdrive/c/Jennic/Components/Library/libJenNet_JN516x.a(Sec2006.o)
                0x0008ca4b                _vSecurityDeleteDevice
 .text.u8SecurityFreeEntry
                0x0008ca7e       0x3d /cygdrive/c/Jennic/Components/Library/libJenNet_JN516x.a(Sec2006.o)
                0x0008ca7e                _u8SecurityFreeEntry
 .text.u8SecurityIsNeighbour
                0x0008cabb       0x4b /cygdrive/c/Jennic/Components/Library/libJenNet_JN516x.a(Sec2006.o)
                0x0008cabb                _u8SecurityIsNeighbour
 .text.vSecurityInvalidateKey
                0x0008cb06       0x1c /cygdrive/c/Jennic/Components/Library/libJenNet_JN516x.a(Sec2006.o)
                0x0008cb06                _vSecurityInvalidateKey
 .text.bSecurityKeyValid
                0x0008cb22       0x1b /cygdrive/c/Jennic/Components/Library/libJenNet_JN516x.a(Sec2006.o)
                0x0008cb22                _bSecurityKeyValid
 .text.psSecurityGetDescriptor
                0x0008cb3d       0x1a /cygdrive/c/Jennic/Components/Library/libJenNet_JN516x.a(Sec2006.o)
                0x0008cb3d                _psSecurityGetDescriptor
 .text.vSecurityAgeNeighbourTableVect
                0x0008cb57       0x20 /cygdrive/c/Jennic/Components/Library/libJenNet_JN516x.a(Sec2006.o)
                0x0008cb57                _vSecurityAgeNeighbourTableVect
 .text.vSecurityUpdateKey
                0x0008cb77       0x5c /cygdrive/c/Jennic/Components/Library/libJenNet_JN516x.a(Sec2006.o)
                0x0008cb77                _vSecurityUpdateKey
 .text.vSetupDefaultSecurity
                0x0008cbd3      0x195 /cygdrive/c/Jennic/Components/Library/libJenNet_JN516x.a(Sec2006.o)
                0x0008cbd3                _vSetupDefaultSecurity
 .text.psSearchDatabase
                0x0008cd68       0x2e /cygdrive/c/Jennic/Components/Library/libJenNet_JN516x.a(LowEnergySupport.o)
 .text.bProcessIncomingLowEnergyFrame
                0x0008cd96      0x2ed /cygdrive/c/Jennic/Components/Library/libJenNet_JN516x.a(LowEnergySupport.o)
                0x0008cd96                _bProcessIncomingLowEnergyFrame
 .text.vNcr_ProcessLowEnergyInform
                0x0008d083       0x80 /cygdrive/c/Jennic/Components/Library/libJenNet_JN516x.a(LowEnergySupport.o)
                0x0008d083                _vNcr_ProcessLowEnergyInform
 .text.vInitialiseLowEnergy
                0x0008d103       0x26 /cygdrive/c/Jennic/Components/Library/libJenNet_JN516x.a(LowEnergySupport.o)
                0x0008d103                _vInitialiseLowEnergy
 .text.vOND_GenerateEvent
                0x0008d129       0x30 /cygdrive/c/Jennic/Components/Library/libJenNet_JN516x.a(JenNet_OND.o)
                0x0008d129                _vOND_GenerateEvent
 .text.eOND_DevSwitchToImage
                0x0008d159       0x44 /cygdrive/c/Jennic/Components/Library/libJenNet_JN516x.a(JenNet_OND.o)
                0x0008d159                _eOND_DevSwitchToImage
 .text.eOND_DevCommenceUpdate
                0x0008d19d       0x59 /cygdrive/c/Jennic/Components/Library/libJenNet_JN516x.a(JenNet_OND.o)
                0x0008d19d                _eOND_DevCommenceUpdate
 .text.bBlockAlreadyInImage
                0x0008d1f6       0x23 /cygdrive/c/Jennic/Components/Library/libJenNet_JN516x.a(JenNet_OND.o)
 .text.iHaveBlock
                0x0008d219       0x97 /cygdrive/c/Jennic/Components/Library/libJenNet_JN516x.a(JenNet_OND.o)
 .text.vQueueApi
                0x0008d2b0       0x15 /cygdrive/c/Jennic/Components/Library/libJenNet_JN516x.a(JenNet_OND.o)
 .text.vStartBlockTimer
                0x0008d2c5       0x4f /cygdrive/c/Jennic/Components/Library/libJenNet_JN516x.a(JenNet_OND.o)
 .text.vFillBlockBitmap
                0x0008d314       0x45 /cygdrive/c/Jennic/Components/Library/libJenNet_JN516x.a(JenNet_OND.o)
 .text.eOND_DevGetImage
                0x0008d359       0x92 /cygdrive/c/Jennic/Components/Library/libJenNet_JN516x.a(JenNet_OND.o)
                0x0008d359                _eOND_DevGetImage
 .text.eServiceBlockRequest
                0x0008d3eb      0x1f3 /cygdrive/c/Jennic/Components/Library/libJenNet_JN516x.a(JenNet_OND.o)
 .text.vBlockReqSeen
                0x0008d5de       0x21 /cygdrive/c/Jennic/Components/Library/libJenNet_JN516x.a(JenNet_OND.o)
 .text.vSendBlockRequestGeneric
                0x0008d5ff       0xa6 /cygdrive/c/Jennic/Components/Library/libJenNet_JN516x.a(JenNet_OND.o)
 .text.vSendBlockRequest
                0x0008d6a5       0xc4 /cygdrive/c/Jennic/Components/Library/libJenNet_JN516x.a(JenNet_OND.o)
 .text.vBlockReqToQueue
                0x0008d769       0x7e /cygdrive/c/Jennic/Components/Library/libJenNet_JN516x.a(JenNet_OND.o)
 *fill*         0x0008d7e7        0x1 00
 .text.vEnterState
                0x0008d7e8      0x644 /cygdrive/c/Jennic/Components/Library/libJenNet_JN516x.a(JenNet_OND.o)
 .text.vGetMutexThenGoToState
                0x0008de2c        0xf /cygdrive/c/Jennic/Components/Library/libJenNet_JN516x.a(JenNet_OND.o)
 .text.bBlockRequestTimeout
                0x0008de3b       0x8b /cygdrive/c/Jennic/Components/Library/libJenNet_JN516x.a(JenNet_OND.o)
 .text.vCheckBlockRequestTimeout
                0x0008dec6       0x4d /cygdrive/c/Jennic/Components/Library/libJenNet_JN516x.a(JenNet_OND.o)
 .text.vTimeoutFired
                0x0008df13        0x6 /cygdrive/c/Jennic/Components/Library/libJenNet_JN516x.a(JenNet_OND.o)
 .text.vStoreParams
                0x0008df19       0x3e /cygdrive/c/Jennic/Components/Library/libJenNet_JN516x.a(JenNet_OND.o)
 .text.vErase   0x0008df57       0x7c /cygdrive/c/Jennic/Components/Library/libJenNet_JN516x.a(JenNet_OND.o)
 .text.vBlockSeenGeneric
                0x0008dfd3      0x1b6 /cygdrive/c/Jennic/Components/Library/libJenNet_JN516x.a(JenNet_OND.o)
 .text.vBlockSeenIp
                0x0008e189       0x3a /cygdrive/c/Jennic/Components/Library/libJenNet_JN516x.a(JenNet_OND.o)
 .text.vBlockSeenDirect
                0x0008e1c3        0xe /cygdrive/c/Jennic/Components/Library/libJenNet_JN516x.a(JenNet_OND.o)
 .text.vBlockSeenUnicast
                0x0008e1d1       0x11 /cygdrive/c/Jennic/Components/Library/libJenNet_JN516x.a(JenNet_OND.o)
 .text.vBlockSeenBcast
                0x0008e1e2       0x11 /cygdrive/c/Jennic/Components/Library/libJenNet_JN516x.a(JenNet_OND.o)
 .text.bProcessApiRequest
                0x0008e1f3       0xb1 /cygdrive/c/Jennic/Components/Library/libJenNet_JN516x.a(JenNet_OND.o)
 .text.vHandleApi
                0x0008e2a4        0x8 /cygdrive/c/Jennic/Components/Library/libJenNet_JN516x.a(JenNet_OND.o)
 .text.bServiceRequestQueue
                0x0008e2ac       0xb6 /cygdrive/c/Jennic/Components/Library/libJenNet_JN516x.a(JenNet_OND.o)
 .text.vDetermineBenignState
                0x0008e362       0xf6 /cygdrive/c/Jennic/Components/Library/libJenNet_JN516x.a(JenNet_OND.o)
 .text.vTickAwaitingMutex
                0x0008e458       0x26 /cygdrive/c/Jennic/Components/Library/libJenNet_JN516x.a(JenNet_OND.o)
 .text.vTickForFlashComplete
                0x0008e47e        0xc /cygdrive/c/Jennic/Components/Library/libJenNet_JN516x.a(JenNet_OND.o)
 .text.e6LP_GetLinkLayer
                0x0008e48a        0xc /cygdrive/c/Jennic/Components/Library/lib6LP_JN516x.a(6LPcommon.o)
                0x0008e48a                _e6LP_GetLinkLayer
 .text.e6LP_GetDeviceType
                0x0008e496        0xc /cygdrive/c/Jennic/Components/Library/lib6LP_JN516x.a(6LPcommon.o)
                0x0008e496                _e6LP_GetDeviceType
 .text.u8RX_getDefaultHopCount
                0x0008e4a2        0xc /cygdrive/c/Jennic/Components/Library/lib6LP_JN516x.a(6LPcommon.o)
                0x0008e4a2                _u8RX_getDefaultHopCount
 .text.b6LP_SetMaxAllowableMTU
                0x0008e4ae       0x2a /cygdrive/c/Jennic/Components/Library/lib6LP_JN516x.a(6LPcommon.o)
                0x0008e4ae                _b6LP_SetMaxAllowableMTU
 .text.bo6LP_Set80215payloadLength
                0x0008e4d8       0x18 /cygdrive/c/Jennic/Components/Library/lib6LP_JN516x.a(6LPcommon.o)
                0x0008e4d8                _bo6LP_Set80215payloadLength
 .text.v6LP_DefSetPacketDefragTimeout
                0x0008e4f0        0xc /cygdrive/c/Jennic/Components/Library/lib6LP_JN516x.a(6LPcommon.o)
                0x0008e4f0                _v6LP_DefSetPacketDefragTimeout
 .text.psGetMacBuffer
                0x0008e4fc        0x9 /cygdrive/c/Jennic/Components/Library/lib6LP_JN516x.a(NetworkFormation.o)
 .text.i6LP_DefInitStack
                0x0008e505       0xf2 /cygdrive/c/Jennic/Components/Library/lib6LP_JN516x.a(NetworkFormation.o)
                0x0008e505                _i6LP_DefInitStack
 .text.vPostMcps
                0x0008e5f7       0x17 /cygdrive/c/Jennic/Components/Library/lib6LP_JN516x.a(NetworkFormation.o)
 .text.vPostMlme
                0x0008e60e       0x17 /cygdrive/c/Jennic/Components/Library/lib6LP_JN516x.a(NetworkFormation.o)
 .text.v6LP_DefInitHardware
                0x0008e625       0xa9 /cygdrive/c/Jennic/Components/Library/lib6LP_JN516x.a(NetworkFormation.o)
                0x0008e625                _v6LP_DefInitHardware
 .text.vUartHandler
                0x0008e6ce       0x38 /cygdrive/c/Jennic/Components/Library/lib6LP_JN516x.a(NetworkFormation.o)
 .text.v6LP_RouteHwEvent
                0x0008e706       0x18 /cygdrive/c/Jennic/Components/Library/lib6LP_JN516x.a(NetworkFormation.o)
                0x0008e706                _v6LP_RouteHwEvent
 .text.vHandleNwkCallback
                0x0008e71e       0x30 /cygdrive/c/Jennic/Components/Library/lib6LP_JN516x.a(NetworkFormationTree.o)
 .text.v6LP_EDM_SetAddressPrefix
                0x0008e74e       0x2f /cygdrive/c/Jennic/Components/Library/lib6LP_JN516x.a(NetworkFormationTree.o)
                0x0008e74e                _v6LP_EDM_SetAddressPrefix
 .text.e6LP_DefPoll
                0x0008e77d       0x37 /cygdrive/c/Jennic/Components/Library/lib6LP_JN516x.a(NetworkFormationTree.o)
                0x0008e77d                _e6LP_DefPoll
 .text.v6LP_EnableSecurity
                0x0008e7b4       0x1d /cygdrive/c/Jennic/Components/Library/lib6LP_JN516x.a(NetworkFormationTree.o)
                0x0008e7b4                _v6LP_EnableSecurity
 .text.v6LP_ProcessJenNetStackEvent
                0x0008e7d1      0x252 /cygdrive/c/Jennic/Components/Library/lib6LP_JN516x.a(NetworkFormationTree.o)
                0x0008e7d1                _v6LP_ProcessJenNetStackEvent
 .text.v6LP_TreeProcessMlme
                0x0008ea23       0x18 /cygdrive/c/Jennic/Components/Library/lib6LP_JN516x.a(NetworkFormationTree.o)
                0x0008ea23                _v6LP_TreeProcessMlme
 .text.v6LP_TreeProcessMcps
                0x0008ea3b       0x18 /cygdrive/c/Jennic/Components/Library/lib6LP_JN516x.a(NetworkFormationTree.o)
                0x0008ea3b                _v6LP_TreeProcessMcps
 .text.i6LP_StartTreeStack
                0x0008ea53       0xa3 /cygdrive/c/Jennic/Components/Library/lib6LP_JN516x.a(NetworkFormationTree.o)
                0x0008ea53                _i6LP_StartTreeStack
 .text.vEUI_GetAddressPrefix
                0x0008eaf6       0x15 /cygdrive/c/Jennic/Components/Library/lib6LP_JN516x.a(eui.o)
                0x0008eaf6                _vEUI_GetAddressPrefix
 .text.vEUI_SetPANid
                0x0008eb0b        0xc /cygdrive/c/Jennic/Components/Library/lib6LP_JN516x.a(eui.o)
                0x0008eb0b                _vEUI_SetPANid
 .text.vEUI_GenerateEUI64
                0x0008eb17       0x15 /cygdrive/c/Jennic/Components/Library/lib6LP_JN516x.a(eui.o)
                0x0008eb17                _vEUI_GenerateEUI64
 .text.vEUI_GenerateInterfaceIdFromMacAddr
                0x0008eb2c       0x18 /cygdrive/c/Jennic/Components/Library/lib6LP_JN516x.a(eui.o)
                0x0008eb2c                _vEUI_GenerateInterfaceIdFromMacAddr
 .text.i6LP_DefCreateInterfaceIdFrom16
                0x0008eb44       0x27 /cygdrive/c/Jennic/Components/Library/lib6LP_JN516x.a(eui.o)
                0x0008eb44                _i6LP_DefCreateInterfaceIdFrom16
 .text.vEUI_CompressDestIPv6
                0x0008eb6b      0x135 /cygdrive/c/Jennic/Components/Library/lib6LP_JN516x.a(eui.o)
                0x0008eb6b                _vEUI_CompressDestIPv6
 .text.vEUI_CopyToArray
                0x0008eca0        0xf /cygdrive/c/Jennic/Components/Library/lib6LP_JN516x.a(eui.o)
                0x0008eca0                _vEUI_CopyToArray
 .text.eEUI_CompareMulticast
                0x0008ecaf       0xe7 /cygdrive/c/Jennic/Components/Library/lib6LP_JN516x.a(eui.o)
                0x0008ecaf                _eEUI_CompareMulticast
 .text.eEUI_CompareWithPrefix
                0x0008ed96       0x45 /cygdrive/c/Jennic/Components/Library/lib6LP_JN516x.a(eui.o)
                0x0008ed96                _eEUI_CompareWithPrefix
 .text.eEUI_CompareWithDeviceAddress
                0x0008eddb       0x6c /cygdrive/c/Jennic/Components/Library/lib6LP_JN516x.a(eui.o)
                0x0008eddb                _eEUI_CompareWithDeviceAddress
 .text.vEUI_CompressIPv6
                0x0008ee47       0x6d /cygdrive/c/Jennic/Components/Library/lib6LP_JN516x.a(eui.o)
                0x0008ee47                _vEUI_CompressIPv6
 .text.vEUI_GetLocalPrefix
                0x0008eeb4       0x15 /cygdrive/c/Jennic/Components/Library/lib6LP_JN516x.a(eui.o)
                0x0008eeb4                _vEUI_GetLocalPrefix
 .text.i6LP_DefCreateInterfaceIdFrom64
                0x0008eec9       0x24 /cygdrive/c/Jennic/Components/Library/lib6LP_JN516x.a(eui.o)
                0x0008eec9                _i6LP_DefCreateInterfaceIdFrom64
 .text.vEUI_CreateEUIdataManager
                0x0008eeed       0x45 /cygdrive/c/Jennic/Components/Library/lib6LP_JN516x.a(eui.o)
                0x0008eeed                _vEUI_CreateEUIdataManager
 .text.vEUI_SetAddressPrefix
                0x0008ef32       0x12 /cygdrive/c/Jennic/Components/Library/lib6LP_JN516x.a(eui.o)
                0x0008ef32                _vEUI_SetAddressPrefix
 .text.i6LP_DefCreateLinkLocalAddress
                0x0008ef44       0x27 /cygdrive/c/Jennic/Components/Library/lib6LP_JN516x.a(eui.o)
                0x0008ef44                _i6LP_DefCreateLinkLocalAddress
 .text.i6LP_DefGetOwnDeviceAddress
                0x0008ef6b       0x45 /cygdrive/c/Jennic/Components/Library/lib6LP_JN516x.a(eui.o)
                0x0008ef6b                _i6LP_DefGetOwnDeviceAddress
 .text.u16_6LP_DefGetSizeOfIPv6Record
                0x0008efb0       0x16 /cygdrive/c/Jennic/Components/Library/lib6LP_JN516x.a(ipv6buffer.o)
                0x0008efb0                _u16_6LP_DefGetSizeOfIPv6Record
 .text.boAddressSearchMatch
                0x0008efc6        0xf /cygdrive/c/Jennic/Components/Library/lib6LP_JN516x.a(ipv6buffer.o)
 .text.boBufferByTagIdAndSrcAddrSearchMatch